Component: ARM Compiler 5.06 update 7 (build 960) Tool: armlink [4d3601]

==============================================================================

Section Cross References

    startup_armcm0.o(RESET) refers to startup_armcm0.o(.text) for Reset_Handler
    startup_armcm0.o(RESET) refers to ch57x_int.o(.text) for NMI_Handler
    startup_armcm0.o(RESET) refers to mcu.o(.text) for LLE_IRQHandler
    startup_armcm0.o(RESET) refers to rtc.o(.text) for RTC_IRQHandler
    startup_armcm0.o(.text) refers to ch57x_clk.o(.text) for SystemInit
    startup_armcm0.o(.text) refers to entry.o(.ARM.Collect$$$$00000000) for __main
    key.o(.text) refers to tmos.o(i.tmos_start_task) for tmos_start_task
    key.o(.text) refers to key.o(.data) for .data
    key.o(.text) refers to mcu.o(.data) for halTaskID
    led.o(.text) refers to led.o(i.__ARM_common_switch8) for __ARM_common_switch8
    led.o(.text) refers to tmos.o(i.TMOS_GetSystemClock) for TMOS_GetSystemClock
    led.o(.text) refers to tmos.o(i.tmos_start_task) for tmos_start_task
    led.o(.text) refers to uidiv.o(.text) for __aeabi_uidivmod
    led.o(.text) refers to led.o(.data) for .data
    led.o(.text) refers to led.o(.bss) for .bss
    led.o(.text) refers to mcu.o(.data) for halTaskID
    mcu.o(.text) refers to ch57x_clk.o(.text) for Calibration_LSI
    mcu.o(.text) refers to ch57x_adc.o(.text) for ADC_InterTSSampInit
    mcu.o(.text) refers to tmos.o(i.tmos_memcmp) for tmos_memcmp
    mcu.o(.text) refers to tmos.o(i.tmos_memset) for tmos_memset
    mcu.o(.text) refers to tmos.o(i.BLE_LibInit) for BLE_LibInit
    mcu.o(.text) refers to printf8.o(i.__0printf$8) for __2printf
    mcu.o(.text) refers to message.o(i.tmos_msg_receive) for tmos_msg_receive
    mcu.o(.text) refers to message.o(i.tmos_msg_deallocate) for tmos_msg_deallocate
    mcu.o(.text) refers to ip.o(i.BLE_RegInit) for BLE_RegInit
    mcu.o(.text) refers to tmos.o(i.tmos_start_task) for tmos_start_task
    mcu.o(.text) refers to tmos.o(i.TMOS_ProcessEventRegister) for TMOS_ProcessEventRegister
    mcu.o(.text) refers to rtc.o(.text) for HAL_TimeInit
    mcu.o(.text) refers to lle.o(i.BLE_IRQHandler) for BLE_IRQHandler
    mcu.o(.text) refers to ip.o(.constdata) for VER_LIB
    mcu.o(.text) refers to app_main.o(.bss) for MEM_BUF
    mcu.o(.text) refers to ch57x_sys.o(.text) for SYS_GetSysTickCnt
    mcu.o(.text) refers to mcu.o(.data) for .data
    rtc.o(.text) refers to ch57x_clk.o(.text) for RTC_InitTime
    rtc.o(.text) refers to tmos_hw.o(i.TMOS_TimerInit) for TMOS_TimerInit
    rtc.o(.text) refers to rtc.o(.data) for .data
    ch57x_adc.o(.text) refers to idiv.o(.text) for __aeabi_idivmod
    ch57x_clk.o(.text) refers to ch57x_sys.o(.text) for mDelayuS
    ch57x_clk.o(.text) refers to ch57x_pwr.o(.text) for PowerMonitor
    ch57x_clk.o(.text) refers to led.o(i.__ARM_common_switch8) for __ARM_common_switch8
    ch57x_clk.o(.text) refers to uidiv.o(.text) for __aeabi_uidivmod
    ch57x_clk.o(.text) refers to idiv.o(.text) for __aeabi_idivmod
    ch57x_flash.o(.text) refers to ch57x_pwr.o(.text) for PowerMonitor
    ch57x_flash.o(.text) refers to ch57x_flash.o(.data) for .data
    ch57x_gpio.o(.text) refers to led.o(i.__ARM_common_switch8) for __ARM_common_switch8
    ch57x_int.o(.text) refers to ch57x_pwr.o(.text) for PowerMonitor
    ch57x_pwm.o(.text) refers to led.o(i.__ARM_common_switch8) for __ARM_common_switch8
    ch57x_pwr.o(.text) refers to ch57x_sys.o(.text) for mDelayuS
    ch57x_uart0.o(.text) refers to ch57x_clk.o(.text) for GetSysClock
    ch57x_uart0.o(.text) refers to uidiv.o(.text) for __aeabi_uidivmod
    ch57x_uart1.o(.text) refers to ch57x_clk.o(.text) for GetSysClock
    ch57x_uart1.o(.text) refers to uidiv.o(.text) for __aeabi_uidivmod
    ch57x_uart2.o(.text) refers to ch57x_clk.o(.text) for GetSysClock
    ch57x_uart2.o(.text) refers to uidiv.o(.text) for __aeabi_uidivmod
    ch57x_uart3.o(.text) refers to ch57x_clk.o(.text) for GetSysClock
    ch57x_uart3.o(.text) refers to uidiv.o(.text) for __aeabi_uidivmod
    ch57x_usbdev.o(.text) refers to ch57x_usbdev.o(.data) for .data
    app_main.o(.text) refers to ch57x_gpio.o(.text) for GPIOA_ModeCfg
    app_main.o(.text) refers to ch57x_uart1.o(.text) for UART1_DefInit
    app_main.o(.text) refers to printf8.o(i.__0printf$8) for __2printf
    app_main.o(.text) refers to mcu.o(.text) for CH57X_BLEInit
    app_main.o(.text) refers to role.o(i.GAPRole_PeripheralInit) for GAPRole_PeripheralInit
    app_main.o(.text) refers to rf_fh.o(i.RF_RoleInit) for RF_RoleInit
    app_main.o(.text) refers to lwns_adapter_blemesh_mac.o(.text) for RF_Init
    app_main.o(.text) refers to lwns_mesh_example.o(.text) for lwns_mesh_process_init
    app_main.o(.text) refers to tmos.o(i.TMOS_SystemProcess) for TMOS_SystemProcess
    app_main.o(.text) refers to ip.o(.constdata) for VER_LIB
    lwns_adapter_blemesh_mac.o(.text) refers to tmos.o(i.tmos_stop_task) for tmos_stop_task
[...]
    0x000062fc   0x000062fc   0x00000018   Code   RO         2492    i.GATTServApp_UpdateCharCfg  CH57xBLE.lib(gattservapp.o)
    0x00006314   0x00006314   0x00000078   Code   RO         2493    i.GATTServApp_WriteAttr  CH57xBLE.lib(gattservapp.o)
    0x0000638c   0x0000638c   0x0000002c   Code   RO         2494    i.GATTServApp_WriteCharCfg  CH57xBLE.lib(gattservapp.o)
    0x000063b8   0x000063b8   0x0000002a   Code   RO         2374    i.GATT_AppCompletedMsg  CH57xBLE.lib(gatt.o)
    0x000063e2   0x000063e2   0x00000002   PAD
    0x000063e4   0x000063e4   0x00000048   Code   RO         2496    i.GATT_FindHandle   CH57xBLE.lib(gattservapp.o)
    0x0000642c   0x0000642c   0x00000074   Code   RO         2497    i.GATT_FindHandleUUID  CH57xBLE.lib(gattservapp.o)
    0x000064a0   0x000064a0   0x00000094   Code   RO         2498    i.GATT_FindNextAttr  CH57xBLE.lib(gattservapp.o)
    0x00006534   0x00006534   0x00000068   Code   RO         2500    i.GATT_Indication   CH57xBLE.lib(gattservapp.o)
    0x0000659c   0x0000659c   0x0000002c   Code   RO         2382    i.GATT_Init         CH57xBLE.lib(gatt.o)
    0x000065c8   0x000065c8   0x00000050   Code   RO         2501    i.GATT_InitServer   CH57xBLE.lib(gattservapp.o)
    0x00006618   0x00006618   0x00000038   Code   RO         2383    i.GATT_NotifyEvent  CH57xBLE.lib(gatt.o)
    0x00006650   0x00006650   0x000000f4   Code   RO         2384    i.GATT_ProcessEvent  CH57xBLE.lib(gatt.o)
    0x00006744   0x00006744   0x00000078   Code   RO         2395    i.GATT_ServiceChangedInd  CH57xBLE.lib(gatt.o)
    0x000067bc   0x000067bc   0x00000012   Code   RO         2505    i.GATT_ServiceEncKeySize  CH57xBLE.lib(gattservapp.o)
    0x000067ce   0x000067ce   0x0000000e   Code   RO         2506    i.GATT_ServiceNumAttrs  CH57xBLE.lib(gattservapp.o)
    0x000067dc   0x000067dc   0x0000004c   Code   RO         2398    i.GATT_UpdateMTU    CH57xBLE.lib(gatt.o)
    0x00006828   0x00006828   0x00000052   Code   RO         2507    i.GATT_VerifyPrepareWritePermissions  CH57xBLE.lib(gattservapp.o)
    0x0000687a   0x0000687a   0x00000056   Code   RO         2508    i.GATT_VerifyReadPermissions  CH57xBLE.lib(gattservapp.o)
    0x000068d0   0x000068d0   0x00000064   Code   RO         2509    i.GATT_VerifyWritePermissions  CH57xBLE.lib(gattservapp.o)
    0x00006934   0x00006934   0x0000008c   Code   RO         2404    i.GATT_bm_alloc     CH57xBLE.lib(gatt.o)
    0x000069c0   0x000069c0   0x00000010   Code   RO         2405    i.GATT_bm_free      CH57xBLE.lib(gatt.o)
    0x000069d0   0x000069d0   0x00000128   Code   RO         3964    i.GGS_ParamInit     CH57xBLE.lib(gapgattserver.o)
    0x00006af8   0x00006af8   0x00000094   Code   RO         3967    i.GGS_SetParameter  CH57xBLE.lib(gapgattserver.o)
    0x00006b8c   0x00006b8c   0x0000004c   Code   RO         1196    i.GetTxPower        CH57xBLE.lib(ip.o)
    0x00006bd8   0x00006bd8   0x00000002   Code   RO         3492    i.HCI_AuthenticatedPayloadTimeoutExpiredCback  CH57xBLE.lib(ctl_output.o)
    0x00006bda   0x00006bda   0x00000008   Code   RO         3493    i.HCI_CommandCompleteCback  CH57xBLE.lib(ctl_output.o)
    0x00006be2   0x00006be2   0x00000008   Code   RO         3494    i.HCI_CommandStatusCback  CH57xBLE.lib(ctl_output.o)
    0x00006bea   0x00006bea   0x00000008   Code   RO         3495    i.HCI_DataBufferOverflowCback  CH57xBLE.lib(ctl_output.o)
    0x00006bf2   0x00006bf2   0x00000008   Code   RO         2116    i.HCI_DisconnectCmd  CH57xBLE.lib(host_output.o)
    0x00006bfa   0x00006bfa   0x00000008   Code   RO         3496    i.HCI_DisconnectionCompleteCback  CH57xBLE.lib(ctl_output.o)
    0x00006c02   0x00006c02   0x00000008   Code   RO         3497    i.HCI_EncryptionChangeCback  CH57xBLE.lib(ctl_output.o)
    0x00006c0a   0x00006c0a   0x00000008   Code   RO         3498    i.HCI_EncryptionKeyRefreshCompleteCback  CH57xBLE.lib(ctl_output.o)
    0x00006c12   0x00006c12   0x0000000a   Code   RO         2118    i.HCI_HostNumCompletedPktCmd  CH57xBLE.lib(host_output.o)
    0x00006c1c   0x00006c1c   0x00000008   Code   RO         2119    i.HCI_LE_AddDeviceToResolvingList  CH57xBLE.lib(host_output.o)
    0x00006c24   0x00006c24   0x00000008   Code   RO         2120    i.HCI_LE_AddWhiteListCmd  CH57xBLE.lib(host_output.o)
    0x00006c2c   0x00006c2c   0x00000008   Code   RO         2121    i.HCI_LE_ClearResolvingList  CH57xBLE.lib(host_output.o)
    0x00006c34   0x00006c34   0x00000008   Code   RO         2122    i.HCI_LE_ClearWhiteListCmd  CH57xBLE.lib(host_output.o)
    0x00006c3c   0x00006c3c   0x00000010   Code   RO         2123    i.HCI_LE_ConnUpdateCmd  CH57xBLE.lib(host_output.o)
    0x00006c4c   0x00006c4c   0x0000001a   Code   RO         3501    i.HCI_LE_ConnectionCompleteCback  CH57xBLE.lib(ctl_output.o)
    0x00006c66   0x00006c66   0x0000000c   Code   RO         3502    i.HCI_LE_ConnectionUpdateCompleteCback  CH57xBLE.lib(ctl_output.o)
    0x00006c72   0x00006c72   0x00000008   Code   RO         2124    i.HCI_LE_CreateConnCancelCmd  CH57xBLE.lib(host_output.o)
    0x00006c7a   0x00006c7a   0x0000000c   Code   RO         3503    i.HCI_LE_DataLengthChangeCback  CH57xBLE.lib(ctl_output.o)
    0x00006c86   0x00006c86   0x00000020   Code   RO         3505    i.HCI_LE_EnhancedConnectionCompleteCback  CH57xBLE.lib(ctl_output.o)
    0x00006ca6   0x00006ca6   0x00000008   Code   RO         3507    i.HCI_LE_LongTermKeyRequestCback  CH57xBLE.lib(ctl_output.o)
    0x00006cae   0x00006cae   0x00000008   Code   RO         2126    i.HCI_LE_LtkReqNegReplyCmd  CH57xBLE.lib(host_output.o)
    0x00006cb6   0x00006cb6   0x00000008   Code   RO         2127    i.HCI_LE_LtkReqReplyCmd  CH57xBLE.lib(host_output.o)
    0x00006cbe   0x00006cbe   0x00000008   Code   RO         2128    i.HCI_LE_RandCmd    CH57xBLE.lib(host_output.o)
    0x00006cc6   0x00006cc6   0x00000008   Code   RO         2129    i.HCI_LE_ReadBufSizeCmd  CH57xBLE.lib(host_output.o)
    0x00006cce   0x00006cce   0x00000008   Code   RO         3509    i.HCI_LE_ReadRemoteUsedFeaturesCompleteCback  CH57xBLE.lib(ctl_output.o)
    0x00006cd6   0x00006cd6   0x00000008   Code   RO         2134    i.HCI_LE_RemoteConnParamReqNegReplyCmd  CH57xBLE.lib(host_output.o)
    0x00006cde   0x00006cde   0x00000010   Code   RO         2135    i.HCI_LE_RemoteConnParamReqReplyCmd  CH57xBLE.lib(host_output.o)
    0x00006cee   0x00006cee   0x0000000c   Code   RO         3510    i.HCI_LE_RemoteConnectionParameterRequestCback  CH57xBLE.lib(ctl_output.o)
    0x00006cfa   0x00006cfa   0x00000008   Code   RO         2137    i.HCI_LE_SetAddressResolvableEnableCmd  CH57xBLE.lib(host_output.o)
    0x00006d02   0x00006d02   0x00000008   Code   RO         2138    i.HCI_LE_SetAdvDataCmd  CH57xBLE.lib(host_output.o)
    0x00006d0a   0x00006d0a   0x00000008   Code   RO         2139    i.HCI_LE_SetAdvEnableCmd  CH57xBLE.lib(host_output.o)
    0x00006d12   0x00006d12   0x00000016   Code   RO         2140    i.HCI_LE_SetAdvParamCmd  CH57xBLE.lib(host_output.o)
    0x00006d28   0x00006d28   0x00000008   Code   RO         2143    i.HCI_LE_SetRandomAddressCmd  CH57xBLE.lib(host_output.o)
    0x00006d30   0x00006d30   0x00000008   Code   RO         2144    i.HCI_LE_SetResolvableAddressTimeoutCmd  CH57xBLE.lib(host_output.o)
    0x00006d38   0x00006d38   0x00000008   Code   RO         2145    i.HCI_LE_SetScanEnableCmd  CH57xBLE.lib(host_output.o)
    0x00006d40   0x00006d40   0x00000008   Code   RO         2147    i.HCI_LE_SetScanRspDataCmd  CH57xBLE.lib(host_output.o)
    0x00006d48   0x00006d48   0x00000010   Code   RO         2148    i.HCI_LE_StartEncyptCmd  CH57xBLE.lib(host_output.o)
    0x00006d58   0x00006d58   0x00000008   Code   RO         2149    i.HCI_MB_DisconnectCmd  CH57xBLE.lib(host_output.o)
    0x00006d60   0x00006d60   0x00000008   Code   RO         3511    i.HCI_NumberOfCompletedPacketsCback  CH57xBLE.lib(ctl_output.o)
    0x00006d68   0x00006d68   0x0000000c   Code   RO         3512    i.HCI_ReadRemoteVersionInfoCback  CH57xBLE.lib(ctl_output.o)
    0x00006d74   0x00006d74   0x0000000c   Code   RO         3513    i.HCI_RemoteConnectionParameterRequestCback  CH57xBLE.lib(ctl_output.o)
    0x00006d80   0x00006d80   0x00000008   Code   RO         3514    i.HCI_RxDataCompleteCback  CH57xBLE.lib(ctl_output.o)
    0x00006d88   0x00006d88   0x00000008   Code   RO         2157    i.HCI_SendDataPkt   CH57xBLE.lib(host_output.o)
    0x00006d90   0x00006d90   0x0000003c   Code   RO         2161    i.HCI_ValidConnTimeParams  CH57xBLE.lib(host_output.o)
    0x00006dcc   0x00006dcc   0x00000040   Code   RO         3694    i.HOST_CommandCompleteEvent  CH57xBLE.lib(host_input.o)
    0x00006e0c   0x00006e0c   0x00000030   Code   RO         3695    i.HOST_CommandStatusEvent  CH57xBLE.lib(host_input.o)
    0x00006e3c   0x00006e3c   0x00000028   Code   RO         3696    i.HOST_DataBufferOverflowEvent  CH57xBLE.lib(host_input.o)
    0x00006e64   0x00006e64   0x00000030   Code   RO         3697    i.HOST_DisconnectionCompleteEvent  CH57xBLE.lib(host_input.o)
    0x00006e94   0x00006e94   0x00000034   Code   RO         3698    i.HOST_EncryptionChangeEvent  CH57xBLE.lib(host_input.o)
    0x00006ec8   0x00006ec8   0x0000002c   Code   RO         3699    i.HOST_EncryptionKeyRefreshCompleteEvent  CH57xBLE.lib(host_input.o)
    0x00006ef4   0x00006ef4   0x00000080   Code   RO         3702    i.HOST_LE_ConnectionCompleteEvent  CH57xBLE.lib(host_input.o)
    0x00006f74   0x00006f74   0x0000003c   Code   RO         3703    i.HOST_LE_ConnectionUpdateCompleteEvent  CH57xBLE.lib(host_input.o)
    0x00006fb0   0x00006fb0   0x0000003c   Code   RO         3704    i.HOST_LE_DataLengthChangeEvent  CH57xBLE.lib(host_input.o)
    0x00006fec   0x00006fec   0x000000b4   Code   RO         3706    i.HOST_LE_EnhancedConnectionCompleteEvent  CH57xBLE.lib(host_input.o)
    0x000070a0   0x000070a0   0x0000003c   Code   RO         3708    i.HOST_LE_LongTermKeyRequestEvent  CH57xBLE.lib(host_input.o)
    0x000070dc   0x000070dc   0x0000003c   Code   RO         3710    i.HOST_LE_ReadRemoteUsedFeaturesCompleteEvent  CH57xBLE.lib(host_input.o)
    0x00007118   0x00007118   0x0000003c   Code   RO         3711    i.HOST_LE_RemoteConnectionParameterRequestEvent  CH57xBLE.lib(host_input.o)
    0x00007154   0x00007154   0x00000030   Code   RO         3712    i.HOST_NumberOfCompletedPacketsEvent  CH57xBLE.lib(host_input.o)
    0x00007184   0x00007184   0x00000038   Code   RO         3713    i.HOST_ReadRemoteVersionInfoEvent  CH57xBLE.lib(host_input.o)
    0x000071bc   0x000071bc   0x00000124   Code   RO         3714    i.HOST_RecvDataPackets  CH57xBLE.lib(host_input.o)
    0x000072e0   0x000072e0   0x0000002e   Code   RO         3715    i.HOST_RemoteConnectionParameterRequestEvent  CH57xBLE.lib(host_input.o)
    0x0000730e   0x0000730e   0x00000002   PAD
    0x00007310   0x00007310   0x00000018   Code   RO         4027    i.L2CAP_CmdReject   CH57xBLE.lib(l2cap_sdu.o)
    0x00007328   0x00007328   0x0000001c   Code   RO         4028    i.L2CAP_ConnParamUpdateReq  CH57xBLE.lib(l2cap_sdu.o)
    0x00007344   0x00007344   0x00000018   Code   RO         4029    i.L2CAP_ConnParamUpdateRsp  CH57xBLE.lib(l2cap_sdu.o)
    0x0000735c   0x0000735c   0x00000028   Code   RO         4031    i.L2CAP_DisconnectReq  CH57xBLE.lib(l2cap_sdu.o)
    0x00007384   0x00007384   0x0000000c   Code   RO         2628    i.L2CAP_GetMTU      CH57xBLE.lib(l2cap.o)
    0x00007390   0x00007390   0x00000018   Code   RO         2629    i.L2CAP_HostNumCompletedPkts  CH57xBLE.lib(l2cap.o)
    0x000073a8   0x000073a8   0x000000b0   Code   RO         2630    i.L2CAP_Init        CH57xBLE.lib(l2cap.o)
    0x00007458   0x00007458   0x0000003e   Code   RO         2631    i.L2CAP_ParseConnectReq  CH57xBLE.lib(l2cap.o)
    0x00007496   0x00007496   0x00000020   Code   RO         2632    i.L2CAP_ParseFlowCtrlCredit  CH57xBLE.lib(l2cap.o)
    0x000074b6   0x000074b6   0x00000034   Code   RO         4055    i.L2CAP_ParseParamUpdateReq  CH57xBLE.lib(l2cap_input.o)
    0x000074ea   0x000074ea   0x00000002   PAD
    0x000074ec   0x000074ec   0x00000090   Code   RO         2634    i.L2CAP_ProcessEvent  CH57xBLE.lib(l2cap.o)
    0x0000757c   0x0000757c   0x0000002c   Code   RO         2637    i.L2CAP_RegisterApp  CH57xBLE.lib(l2cap.o)
    0x000075a8   0x000075a8   0x0000007c   Code   RO         4083    i.L2CAP_SendData    CH57xBLE.lib(l2cap_output.o)
    0x00007624   0x00007624   0x00000010   Code   RO         2639    i.L2CAP_SetBufSize  CH57xBLE.lib(l2cap.o)
    0x00007634   0x00007634   0x00000020   Code   RO         2642    i.L2CAP_bm_alloc    CH57xBLE.lib(l2cap.o)
    0x00007654   0x00007654   0x00000038   Code   RO         1182    i.LLE_DevInit       CH57xBLE.lib(lle.o)
    0x0000768c   0x0000768c   0x00000094   Code   RO         3369    i.LL_AddDeviceToResolvingList  CH57xBLE.lib(ctl_input.o)
    0x00007720   0x00007720   0x00000078   Code   RO         3370    i.LL_AddWhiteListDevice  CH57xBLE.lib(ctl_input.o)
    0x00007798   0x00007798   0x00000084   Code   RO         4132    i.LL_AddrGenerateResolvableAddress  CH57xBLE.lib(ll_address.o)
    0x0000781c   0x0000781c   0x0000011c   Code   RO         4133    i.LL_AddrInit       CH57xBLE.lib(ll_address.o)
    0x00007938   0x00007938   0x00000012   Code   RO         1956    i.LL_AdvertiseDirectTimeout  CH57xBLE.lib(ll_advertise.o)
    0x0000794a   0x0000794a   0x00000002   PAD
    0x0000794c   0x0000794c   0x0000002c   Code   RO         1957    i.LL_AdvertiseEnalbe  CH57xBLE.lib(ll_advertise.o)
    0x00007978   0x00007978   0x00000038   Code   RO         1959    i.LL_AdvertiseToStandby  CH57xBLE.lib(ll_advertise.o)
    0x000079b0   0x000079b0   0x0000000a   Code   RO         3371    i.LL_ClearResolvingList  CH57xBLE.lib(ctl_input.o)
    0x000079ba   0x000079ba   0x00000002   PAD
    0x000079bc   0x000079bc   0x0000004c   Code   RO         3372    i.LL_ClearWhiteList  CH57xBLE.lib(ctl_input.o)
    0x00007a08   0x00007a08   0x00000100   Code   RO         3373    i.LL_ConnUpdate     CH57xBLE.lib(ctl_input.o)
    0x00007b08   0x00007b08   0x00000022   Code   RO         2007    i.LL_ConnectFlowcontrolRx  CH57xBLE.lib(ll_connect.o)
    0x00007b2a   0x00007b2a   0x00000022   Code   RO         2008    i.LL_ConnectFlowcontrolTx  CH57xBLE.lib(ll_connect.o)
    0x00007b4c   0x00007b4c   0x00000084   Code   RO         2009    i.LL_ConnectFreeTmosPrioritID  CH57xBLE.lib(ll_connect.o)
    0x00007bd0   0x00007bd0   0x0000002e   Code   RO         2010    i.LL_ConnectRxPktnumIncrease  CH57xBLE.lib(ll_connect.o)
    0x00007bfe   0x00007bfe   0x00000002   PAD
    0x00007c00   0x00007c00   0x00000094   Code   RO         2011    i.LL_ConnectShut    CH57xBLE.lib(ll_connect.o)
    0x00007c94   0x00007c94   0x0000007c   Code   RO         2012    i.LL_ConnectToStandby  CH57xBLE.lib(ll_connect.o)
    0x00007d10   0x00007d10   0x0000003c   Code   RO         2013    i.LL_ConnectTxPktnumIncrease  CH57xBLE.lib(ll_connect.o)
    0x00007d4c   0x00007d4c   0x0000006c   Code   RO         3246    i.LL_ConnectionParamReq  CH57xBLE.lib(ll_pdu.o)
    0x00007db8   0x00007db8   0x00000060   Code   RO         3247    i.LL_ConnectionParamRsp  CH57xBLE.lib(ll_pdu.o)
    0x00007e18   0x00007e18   0x00000060   Code   RO         3207    i.LL_CoreClose      CH57xBLE.lib(ll_core.o)
    0x00007e78   0x00007e78   0x00000020   Code   RO         3208    i.LL_CoreDataListFree  CH57xBLE.lib(ll_core.o)
    0x00007e98   0x00007e98   0x0000007c   Code   RO         3209    i.LL_CoreDataListInit  CH57xBLE.lib(ll_core.o)
    0x00007f14   0x00007f14   0x00000020   Code   RO         3210    i.LL_CoreGetCore    CH57xBLE.lib(ll_core.o)
    0x00007f34   0x00007f34   0x00000038   Code   RO         3211    i.LL_CoreGetDataList  CH57xBLE.lib(ll_core.o)
    0x00007f6c   0x00007f6c   0x00000014   Code   RO         3212    i.LL_CoreInit       CH57xBLE.lib(ll_core.o)
    0x00007f80   0x00007f80   0x000000a0   Code   RO         3213    i.LL_CoreOpen       CH57xBLE.lib(ll_core.o)
    0x00008020   0x00008020   0x00000020   Code   RO         3375    i.LL_CreateConnCancel  CH57xBLE.lib(ctl_input.o)
    0x00008040   0x00008040   0x000000c2   Code   RO         1167    i.LL_Decrypt        CH57xBLE.lib(aes.o)
    0x00008102   0x00008102   0x00000030   Code   RO         3376    i.LL_Disconnect     CH57xBLE.lib(ctl_input.o)
    0x00008132   0x00008132   0x00000040   Code   RO         3250    i.LL_EncRsp         CH57xBLE.lib(ll_pdu.o)
    0x00008172   0x00008172   0x000000c2   Code   RO         1168    i.LL_Encrypt        CH57xBLE.lib(aes.o)
    0x00008234   0x00008234   0x00000034   Code   RO         3252    i.LL_FeatureRsp     CH57xBLE.lib(ll_pdu.o)
    0x00008268   0x00008268   0x000000c0   Code   RO         2014    i.LL_GetNextConnectEventTime  CH57xBLE.lib(ll_connect.o)
    0x00008328   0x00008328   0x000000b8   Code   RO         3314    i.LL_HopGetChannel  CH57xBLE.lib(ll_hop.o)
    0x000083e0   0x000083e0   0x00000006   Code   RO         3315    i.LL_HopInit        CH57xBLE.lib(ll_hop.o)
    0x000083e6   0x000083e6   0x00000002   PAD
    0x000083e8   0x000083e8   0x000000cc   Code   RO         3194    i.LL_Init           CH57xBLE.lib(ll.o)
    0x000084b4   0x000084b4   0x00000044   Code   RO         3227    i.LL_InitiateToStandby  CH57xBLE.lib(ll_initiate.o)
    0x000084f8   0x000084f8   0x0000001c   Code   RO         3377    i.LL_LE_ReadBufSize  CH57xBLE.lib(ctl_input.o)
    0x00008514   0x00008514   0x0000007a   Code   RO         3253    i.LL_LengthReq      CH57xBLE.lib(ll_pdu.o)
    0x0000858e   0x0000858e   0x00000068   Code   RO         3254    i.LL_LengthRsp      CH57xBLE.lib(ll_pdu.o)
    0x000085f6   0x000085f6   0x00000032   Code   RO         3379    i.LL_LtkReqNegReply  CH57xBLE.lib(ctl_input.o)
    0x00008628   0x00008628   0x00000080   Code   RO         3380    i.LL_LtkReqReply    CH57xBLE.lib(ctl_input.o)
    0x000086a8   0x000086a8   0x0000001e   Code   RO         3381    i.LL_MD_Disconnect  CH57xBLE.lib(ctl_input.o)
    0x000086c6   0x000086c6   0x0000001c   Code   RO         3256    i.LL_PauseEncRsp    CH57xBLE.lib(ll_pdu.o)
    0x000086e2   0x000086e2   0x00000026   Code   RO         3257    i.LL_PingReq        CH57xBLE.lib(ll_pdu.o)
    0x00008708   0x00008708   0x00000018   Code   RO         3258    i.LL_PingRsp        CH57xBLE.lib(ll_pdu.o)
    0x00008720   0x00008720   0x00000108   Code   RO         3195    i.LL_ProcessEvent   CH57xBLE.lib(ll.o)
    0x00008828   0x00008828   0x000004c6   Code   RO         3305    i.LL_ProcessTMOSReportMsg  CH57xBLE.lib(ll_report.o)
    0x00008cee   0x00008cee   0x0000001c   Code   RO         3382    i.LL_Rand           CH57xBLE.lib(ctl_input.o)
    0x00008d0a   0x00008d0a   0x00000034   Code   RO         3400    i.LL_ReceiverTest   CH57xBLE.lib(ctl_input.o)
    0x00008d3e   0x00008d3e   0x00000024   Code   RO         3259    i.LL_RejectInd      CH57xBLE.lib(ll_pdu.o)
    0x00008d62   0x00008d62   0x00000020   Code   RO         3260    i.LL_RejectIndExt   CH57xBLE.lib(ll_pdu.o)
    0x00008d82   0x00008d82   0x00000030   Code   RO         3401    i.LL_RemoteConnParamReqNegReply  CH57xBLE.lib(ctl_input.o)
    0x00008db2   0x00008db2   0x00000002   PAD
    0x00008db4   0x00008db4   0x00000104   Code   RO         3402    i.LL_RemoteConnParamReqReply  CH57xBLE.lib(ctl_input.o)
    0x00008eb8   0x00008eb8   0x0000002c   Code   RO         3306    i.LL_ReportGenerateEvent  CH57xBLE.lib(ll_report.o)
    0x00008ee4   0x00008ee4   0x000000f0   Code   RO         3337    i.LL_ResolvinglistAdd  CH57xBLE.lib(ll_resolvinglist.o)
    0x00008fd4   0x00008fd4   0x00000040   Code   RO         3339    i.LL_ResolvinglistCheckPeerResolution  CH57xBLE.lib(ll_resolvinglist.o)
    0x00009014   0x00009014   0x00000030   Code   RO         3340    i.LL_ResolvinglistClearall  CH57xBLE.lib(ll_resolvinglist.o)
    0x00009044   0x00009044   0x00000018   Code   RO         3341    i.LL_ResolvinglistInit  CH57xBLE.lib(ll_resolvinglist.o)
    0x0000905c   0x0000905c   0x00000038   Code   RO         3343    i.LL_ResolvinglistPeerIdentifyAddressGetIrk  CH57xBLE.lib(ll_resolvinglist.o)
    0x00009094   0x00009094   0x0000002c   Code   RO         3344    i.LL_ResolvinglistPeerRpaAddressGetIrk  CH57xBLE.lib(ll_resolvinglist.o)
    0x000090c0   0x000090c0   0x000000d4   Code   RO         3261    i.LL_RxConnParamReq  CH57xBLE.lib(ll_pdu.o)
    0x00009194   0x00009194   0x00000040   Code   RO         3263    i.LL_RxLenUpdate    CH57xBLE.lib(ll_pdu.o)
    0x000091d4   0x000091d4   0x00000020   Code   RO         3264    i.LL_RxVersionExchange  CH57xBLE.lib(ll_pdu.o)
    0x000091f4   0x000091f4   0x0000004c   Code   RO         1982    i.LL_ScanToStandby  CH57xBLE.lib(ll_scan.o)
    0x00009240   0x00009240   0x00000020   Code   RO         3265    i.LL_SendAck        CH57xBLE.lib(ll_pdu.o)
    0x00009260   0x00009260   0x00000138   Code   RO         3406    i.LL_SendDataPkt    CH57xBLE.lib(ctl_input.o)
    0x00009398   0x00009398   0x000000a0   Code   RO         3266    i.LL_SendDmaBuf     CH57xBLE.lib(ll_pdu.o)
    0x00009438   0x00009438   0x0000004c   Code   RO         3407    i.LL_SetAddressResolvableEnable  CH57xBLE.lib(ctl_input.o)
    0x00009484   0x00009484   0x000000f0   Code   RO         3408    i.LL_SetAdvControl  CH57xBLE.lib(ctl_input.o)
    0x00009574   0x00009574   0x00000040   Code   RO         3409    i.LL_SetAdvData     CH57xBLE.lib(ctl_input.o)
    0x000095b4   0x000095b4   0x000000ac   Code   RO         3410    i.LL_SetAdvParam    CH57xBLE.lib(ctl_input.o)
    0x00009660   0x00009660   0x00000068   Code   RO         3412    i.LL_SetDataLength  CH57xBLE.lib(ctl_input.o)
    0x000096c8   0x000096c8   0x0000007c   Code   RO         3414    i.LL_SetRandomAddress  CH57xBLE.lib(ctl_input.o)
    0x00009744   0x00009744   0x0000002c   Code   RO         3415    i.LL_SetResolvableAddressTimeout  CH57xBLE.lib(ctl_input.o)
    0x00009770   0x00009770   0x00000084   Code   RO         3416    i.LL_SetScanEnable  CH57xBLE.lib(ctl_input.o)
    0x000097f4   0x000097f4   0x0000003c   Code   RO         3418    i.LL_SetScanRspData  CH57xBLE.lib(ctl_input.o)
    0x00009830   0x00009830   0x00000020   Code   RO         2079    i.LL_SlaveEnalbe    CH57xBLE.lib(ll_slave.o)
    0x00009850   0x00009850   0x0000003a   Code   RO         3267    i.LL_SlaveFeatureReq  CH57xBLE.lib(ll_pdu.o)
    0x0000988a   0x0000988a   0x0000001c   Code   RO         3268    i.LL_StartEncReq    CH57xBLE.lib(ll_pdu.o)
    0x000098a6   0x000098a6   0x0000001c   Code   RO         3269    i.LL_StartEncRsp    CH57xBLE.lib(ll_pdu.o)
    0x000098c2   0x000098c2   0x0000014e   Code   RO         3421    i.LL_StartEncrypt   CH57xBLE.lib(ctl_input.o)
    0x00009a10   0x00009a10   0x0000002c   Code   RO         3270    i.LL_TerminateInd   CH57xBLE.lib(ll_pdu.o)
    0x00009a3c   0x00009a3c   0x000000f8   Code   RO         3423    i.LL_TransmitterTest  CH57xBLE.lib(ctl_input.o)
    0x00009b34   0x00009b34   0x00000022   Code   RO         3271    i.LL_UnknowRsp      CH57xBLE.lib(ll_pdu.o)
    0x00009b56   0x00009b56   0x00000002   PAD
    0x00009b58   0x00009b58   0x0000003c   Code   RO         3272    i.LL_VersionInd     CH57xBLE.lib(ll_pdu.o)
    0x00009b94   0x00009b94   0x00000070   Code   RO         3323    i.LL_WhitelistAdd   CH57xBLE.lib(ll_whitelist.o)
    0x00009c04   0x00009c04   0x00000024   Code   RO         3324    i.LL_WhitelistClearAll  CH57xBLE.lib(ll_whitelist.o)
    0x00009c28   0x00009c28   0x00000010   Code   RO         3325    i.LL_WhitelistInit  CH57xBLE.lib(ll_whitelist.o)
    0x00009c38   0x00009c38   0x00000030   Code   RO         3326    i.LL_WhitelistLookup  CH57xBLE.lib(ll_whitelist.o)
    0x00009c68   0x00009c68   0x000000cc   Code   RO         1933    i.RFEND_DevInit     CH57xBLE.lib(rfend.o)
    0x00009d34   0x00009d34   0x000000f4   Code   RO         1935    i.RFEND_RXAdc       CH57xBLE.lib(rfend.o)
    0x00009e28   0x00009e28   0x00000070   Code   RO         1936    i.RFEND_RXFilter    CH57xBLE.lib(rfend.o)
    0x00009e98   0x00009e98   0x00000b7e   Code   RO         1940    i.RFEND_TXCtune     CH57xBLE.lib(rfend.o)
    0x0000aa16   0x0000aa16   0x00000002   PAD
    0x0000aa18   0x0000aa18   0x00000014   Code   RO         1941    i.RFEND_TXFtune     CH57xBLE.lib(rfend.o)
    0x0000aa2c   0x0000aa2c   0x000000a0   Code   RO         1233    i.RFFH_ProcessEvent  CH57xBLE.lib(rf_fh.o)
    0x0000aacc   0x0000aacc   0x00000080   Code   RO         1235    i.RF_Config         CH57xBLE.lib(rf_fh.o)
    0x0000ab4c   0x0000ab4c   0x00000070   Code   RO         1236    i.RF_FrequencyHoppingChange  CH57xBLE.lib(rf_fh.o)
    0x0000abbc   0x0000abbc   0x00000060   Code   RO         1237    i.RF_FrequencyHoppingGet  CH57xBLE.lib(rf_fh.o)
    0x0000ac1c   0x0000ac1c   0x00000050   Code   RO         1239    i.RF_FrequencyHoppingShut  CH57xBLE.lib(rf_fh.o)
    0x0000ac6c   0x0000ac6c   0x0000006c   Code   RO         1241    i.RF_HopGetChannel  CH57xBLE.lib(rf_fh.o)
    0x0000acd8   0x0000acd8   0x00000416   Code   RO         1242    i.RF_ProcessStatus  CH57xBLE.lib(rf_fh.o)
    0x0000b0ee   0x0000b0ee   0x00000002   PAD
    0x0000b0f0   0x0000b0f0   0x0000001c   Code   RO         1243    i.RF_RoleInit       CH57xBLE.lib(rf_fh.o)
    0x0000b10c   0x0000b10c   0x000001c0   Code   RO         1244    i.RF_Rx             CH57xBLE.lib(rf_fh.o)
    0x0000b2cc   0x0000b2cc   0x0000002c   Code   RO         1245    i.RF_SetChannel     CH57xBLE.lib(rf_fh.o)
    0x0000b2f8   0x0000b2f8   0x00000038   Code   RO         1246    i.RF_Shut           CH57xBLE.lib(rf_fh.o)
    0x0000b330   0x0000b330   0x00000318   Code   RO         1247    i.RF_Tx             CH57xBLE.lib(rf_fh.o)
    0x0000b648   0x0000b648   0x00000018   Code   RO         1156    i.RTC_Get32KClock   CH57xBLE.lib(tmos_hw.o)
    0x0000b660   0x0000b660   0x00000074   Code   RO         1132    i.RTC_GetTickCount  CH57xBLE.lib(tmos_hw.o)
    0x0000b6d4   0x0000b6d4   0x0000001a   Code   RO         1133    i.ReadFlash         CH57xBLE.lib(tmos_hw.o)
    0x0000b6ee   0x0000b6ee   0x00000042   Code   RO         2749    i.SM_CalcRandomAddr  CH57xBLE.lib(sm.o)
    0x0000b730   0x0000b730   0x000000a2   Code   RO         2750    i.SM_GenerateAuthenSig  CH57xBLE.lib(sm.o)
    0x0000b7d2   0x0000b7d2   0x00000002   PAD
    0x0000b7d4   0x0000b7d4   0x00000024   Code   RO         2751    i.SM_Init           CH57xBLE.lib(sm.o)
    0x0000b7f8   0x0000b7f8   0x00000048   Code   RO         2754    i.SM_ParamInit      CH57xBLE.lib(sm.o)
    0x0000b840   0x0000b840   0x00000084   Code   RO         2755    i.SM_PasskeyUpdate  CH57xBLE.lib(sm.o)
    0x0000b8c4   0x0000b8c4   0x0000007c   Code   RO         2756    i.SM_ProcessEvent   CH57xBLE.lib(sm.o)
    0x0000b940   0x0000b940   0x0000004c   Code   RO         2757    i.SM_ResolveRandomAddrs  CH57xBLE.lib(sm.o)
    0x0000b98c   0x0000b98c   0x00000072   Code   RO         2759    i.SM_StartEncryption  CH57xBLE.lib(sm.o)
    0x0000b9fe   0x0000b9fe   0x00000096   Code   RO         2760    i.SM_StartPairing   CH57xBLE.lib(sm.o)
    0x0000ba94   0x0000ba94   0x000000f0   Code   RO         2761    i.SM_VerifyAuthenSig  CH57xBLE.lib(sm.o)
    0x0000bb84   0x0000bb84   0x0000006c   Code   RO         1049    i.TMOS_CbTimerProcessEvent  CH57xBLE.lib(tmos.o)
    0x0000bbf0   0x0000bbf0   0x00000090   Code   RO         1051    i.TMOS_Init         CH57xBLE.lib(tmos.o)
    0x0000bc80   0x0000bc80   0x0000002c   Code   RO         1052    i.TMOS_ProcessEventRegister  CH57xBLE.lib(tmos.o)
    0x0000bcac   0x0000bcac   0x00000010   Code   RO         1054    i.TMOS_ProcessRegister  CH57xBLE.lib(tmos.o)
    0x0000bcbc   0x0000bcbc   0x0000022c   Code   RO         1055    i.TMOS_SystemProcess  CH57xBLE.lib(tmos.o)
    0x0000bee8   0x0000bee8   0x00000038   Code   RO         1134    i.TMOS_TimerInit    CH57xBLE.lib(tmos_hw.o)
    0x0000bf20   0x0000bf20   0x00000018   Code   RO         1056    i.TMOS_TimerRegister  CH57xBLE.lib(tmos.o)
    0x0000bf38   0x0000bf38   0x0000005c   Code   RO         1135    i.WtireFlash        CH57xBLE.lib(tmos_hw.o)
    0x0000bf94   0x0000bf94   0x00000020   Code   RO         4363    i.__0printf$8       mc_p.l(printf8.o)
    0x0000bfb4   0x0000bfb4   0x00000030   Code   RO         1158    i.__ARM_common_ll_muluu  CH57xBLE.lib(tmos_hw.o)
    0x0000bfe4   0x0000bfe4   0x0000001a   Code   RO          144    i.__ARM_common_switch8  led.o
    0x0000bffe   0x0000bffe   0x0000000e   Code   RO         4461    i.__scatterload_copy  mc_p.l(handlers.o)
    0x0000c00c   0x0000c00c   0x00000002   Code   RO         4462    i.__scatterload_null  mc_p.l(handlers.o)
    0x0000c00e   0x0000c00e   0x0000000e   Code   RO         4463    i.__scatterload_zeroinit  mc_p.l(handlers.o)
    0x0000c01c   0x0000c01c   0x00000428   Code   RO         4370    i._printf_core      mc_p.l(printf8.o)
    0x0000c444   0x0000c444   0x00000020   Code   RO         4371    i._printf_post_padding  mc_p.l(printf8.o)
    0x0000c464   0x0000c464   0x0000002c   Code   RO         4372    i._printf_pre_padding  mc_p.l(printf8.o)
    0x0000c490   0x0000c490   0x00000088   Code   RO         3756    i.attSendMsg        CH57xBLE.lib(att.o)
    0x0000c518   0x0000c518   0x00000038   Code   RO         3757    i.attSendRspMsg     CH57xBLE.lib(att.o)
    0x0000c550   0x0000c550   0x00000050   Code   RO         1197    i.ble_ll_chkcrc     CH57xBLE.lib(ip.o)
    0x0000c5a0   0x0000c5a0   0x0000001e   Code   RO         1136    i.ble_ll_common_rand16  CH57xBLE.lib(tmos_hw.o)
    0x0000c5be   0x0000c5be   0x0000001c   Code   RO         1137    i.ble_ll_common_rand32  CH57xBLE.lib(tmos_hw.o)
    0x0000c5da   0x0000c5da   0x0000001e   Code   RO         1138    i.ble_ll_common_rand8  CH57xBLE.lib(tmos_hw.o)
    0x0000c5f8   0x0000c5f8   0x000000f0   Code   RO         1198    i.ble_ll_hw_api_rx  CH57xBLE.lib(ip.o)
    0x0000c6e8   0x0000c6e8   0x0000006c   Code   RO         1199    i.ble_ll_hw_api_rx_test  CH57xBLE.lib(ip.o)
    0x0000c754   0x0000c754   0x00000060   Code   RO         1200    i.ble_ll_hw_api_shut  CH57xBLE.lib(ip.o)
    0x0000c7b4   0x0000c7b4   0x00000228   Code   RO         1201    i.ble_ll_hw_api_tx  CH57xBLE.lib(ip.o)
    0x0000c9dc   0x0000c9dc   0x00000084   Code   RO         1202    i.ble_ll_hw_api_tx_set_len  CH57xBLE.lib(ip.o)
    0x0000ca60   0x0000ca60   0x000001ac   Code   RO         1203    i.ble_ll_hw_api_tx_test  CH57xBLE.lib(ip.o)
    0x0000cc0c   0x0000cc0c   0x00000014   Code   RO         1139    i.ble_ll_set_connect_event  CH57xBLE.lib(tmos_hw.o)
    0x0000cc20   0x0000cc20   0x0000005c   Code   RO         1140    i.ble_timeout_process  CH57xBLE.lib(tmos_hw.o)
    0x0000cc7c   0x0000cc7c   0x0000001a   Code   RO         2231    i.disconnectNext    CH57xBLE.lib(gap.o)
    0x0000cc96   0x0000cc96   0x00000038   Code   RO         2232    i.gapAddAddrAdj     CH57xBLE.lib(gap.o)
    0x0000ccce   0x0000ccce   0x00000002   PAD
    0x0000ccd0   0x0000ccd0   0x0000001c   Code   RO         2938    i.gapBondFreeAuthEvt  CH57xBLE.lib(gapbondmgr.o)
    0x0000ccec   0x0000ccec   0x0000013c   Code   RO         2939    i.gapBondMgrAddBond  CH57xBLE.lib(gapbondmgr.o)
    0x0000ce28   0x0000ce28   0x0000018c   Code   RO         2940    i.gapBondMgrAuthenticate  CH57xBLE.lib(gapbondmgr.o)
    0x0000cfb4   0x0000cfb4   0x0000004e   Code   RO         2941    i.gapBondMgrBondReq  CH57xBLE.lib(gapbondmgr.o)
    0x0000d002   0x0000d002   0x00000002   PAD
    0x0000d004   0x0000d004   0x00000034   Code   RO         2942    i.gapBondMgrBondTotal  CH57xBLE.lib(gapbondmgr.o)
    0x0000d038   0x0000d038   0x00000064   Code   RO         2943    i.gapBondMgrChangeState  CH57xBLE.lib(gapbondmgr.o)
    0x0000d09c   0x0000d09c   0x00000024   Code   RO         2944    i.gapBondMgrEraseAllBondings  CH57xBLE.lib(gapbondmgr.o)
    0x0000d0c0   0x0000d0c0   0x000000e8   Code   RO         2945    i.gapBondMgrEraseBonding  CH57xBLE.lib(gapbondmgr.o)
    0x0000d1a8   0x0000d1a8   0x00000034   Code   RO         2946    i.gapBondMgrFindAddr  CH57xBLE.lib(gapbondmgr.o)
    0x0000d1dc   0x0000d1dc   0x0000001c   Code   RO         2947    i.gapBondMgrFindCharCfgItem  CH57xBLE.lib(gapbondmgr.o)
    0x0000d1f8   0x0000d1f8   0x00000040   Code   RO         2948    i.gapBondMgrGetPublicAddr  CH57xBLE.lib(gapbondmgr.o)
    0x0000d238   0x0000d238   0x00000024   Code   RO         2949    i.gapBondMgrGetStateFlags  CH57xBLE.lib(gapbondmgr.o)
    0x0000d25c   0x0000d25c   0x0000001c   Code   RO         2950    i.gapBondMgrInvertCharCfgItem  CH57xBLE.lib(gapbondmgr.o)
    0x0000d278   0x0000d278   0x00000084   Code   RO         2951    i.gapBondMgrReadBonds  CH57xBLE.lib(gapbondmgr.o)
    0x0000d2fc   0x0000d2fc   0x00000014   Code   RO         2952    i.gapBondMgrSendServiceChange  CH57xBLE.lib(gapbondmgr.o)
    0x0000d310   0x0000d310   0x000000b4   Code   RO         2953    i.gapBondMgrUpdateCharCfg  CH57xBLE.lib(gapbondmgr.o)
    0x0000d3c4   0x0000d3c4   0x00000064   Code   RO         2954    i.gapBondMgr_ProcessTMOSMsg  CH57xBLE.lib(gapbondmgr.o)
    0x0000d428   0x0000d428   0x00000080   Code   RO         2955    i.gapBondMgr_SyncCharCfg  CH57xBLE.lib(gapbondmgr.o)
    0x0000d4a8   0x0000d4a8   0x00000070   Code   RO         2956    i.gapBondMgr_SyncResolveList  CH57xBLE.lib(gapbondmgr.o)
    0x0000d518   0x0000d518   0x00000038   Code   RO         2957    i.gapBondMgr_SyncWhiteList  CH57xBLE.lib(gapbondmgr.o)
    0x0000d550   0x0000d550   0x00000038   Code   RO         2958    i.gapBondPairStateCB  CH57xBLE.lib(gapbondmgr.o)
    0x0000d588   0x0000d588   0x00000064   Code   RO         2959    i.gapBondPasscodeCB  CH57xBLE.lib(gapbondmgr.o)
    0x0000d5ec   0x0000d5ec   0x00000020   Code   RO         2960    i.gapBondSetupPrivFlag  CH57xBLE.lib(gapbondmgr.o)
    0x0000d60c   0x0000d60c   0x00000038   Code   RO         3929    i.gapCancelLinkReq  CH57xBLE.lib(gap_central.o)
    0x0000d644   0x0000d644   0x000000e8   Code   RO         3930    i.gapCentProcessConnEvt  CH57xBLE.lib(gap_central.o)
    0x0000d72c   0x0000d72c   0x00000030   Code   RO         3931    i.gapCentProcessHCICmdEvt  CH57xBLE.lib(gap_central.o)
    0x0000d75c   0x0000d75c   0x00000026   Code   RO         2233    i.gapDetermineAddrType  CH57xBLE.lib(gap.o)
    0x0000d782   0x0000d782   0x00000046   Code   RO         2234    i.gapFindADType     CH57xBLE.lib(gap.o)
    0x0000d7c8   0x0000d7c8   0x00000018   Code   RO         2343    i.gapFreeAdvertState  CH57xBLE.lib(gap_peripheral.o)
    0x0000d7e0   0x0000d7e0   0x00000034   Code   RO         2235    i.gapFreeAuthLink   CH57xBLE.lib(gap.o)
    0x0000d814   0x0000d814   0x00000018   Code   RO         2236    i.gapFreeEstLink    CH57xBLE.lib(gap.o)
    0x0000d82c   0x0000d82c   0x00000080   Code   RO         3932    i.gapFreeScanRecs   CH57xBLE.lib(gap_central.o)
    0x0000d8ac   0x0000d8ac   0x00000020   Code   RO         2237    i.gapGetDevAddress  CH57xBLE.lib(gap.o)
    0x0000d8cc   0x0000d8cc   0x0000000c   Code   RO         2238    i.gapGetDevAddressMode  CH57xBLE.lib(gap.o)
    0x0000d8d8   0x0000d8d8   0x0000000c   Code   RO         2239    i.gapGetIRK         CH57xBLE.lib(gap.o)
    0x0000d8e4   0x0000d8e4   0x0000000c   Code   RO         2240    i.gapGetSRK         CH57xBLE.lib(gap.o)
    0x0000d8f0   0x0000d8f0   0x0000000c   Code   RO         2241    i.gapGetSignCounter  CH57xBLE.lib(gap.o)
    0x0000d8fc   0x0000d8fc   0x00000020   Code   RO         2242    i.gapIncSignCounter  CH57xBLE.lib(gap.o)
    0x0000d91c   0x0000d91c   0x0000002c   Code   RO         2243    i.gapL2capConnParamUpdateReq  CH57xBLE.lib(gap.o)
    0x0000d948   0x0000d948   0x0000010e   Code   RO         2244    i.gapPairingCompleteCB  CH57xBLE.lib(gap.o)
    0x0000da56   0x0000da56   0x00000066   Code   RO         2245    i.gapPasskeyNeededCB  CH57xBLE.lib(gap.o)
    0x0000dabc   0x0000dabc   0x00000090   Code   RO         2344    i.gapPeriProcessConnEvt  CH57xBLE.lib(gap_peripheral.o)
    0x0000db4c   0x0000db4c   0x00000090   Code   RO         2345    i.gapPeriProcessHCICmdCompleteEvt  CH57xBLE.lib(gap_peripheral.o)
    0x0000dbdc   0x0000dbdc   0x00000088   Code   RO         2346    i.gapProcessAdvertisingEvt  CH57xBLE.lib(gap_peripheral.o)
    0x0000dc64   0x0000dc64   0x00000040   Code   RO         2246    i.gapProcessConnEvt  CH57xBLE.lib(gap.o)
    0x0000dca4   0x0000dca4   0x000000cc   Code   RO         2247    i.gapProcessConnectionCompleteEvt  CH57xBLE.lib(gap.o)
    0x0000dd70   0x0000dd70   0x00000074   Code   RO         2248    i.gapProcessDisconnectCompleteEvt  CH57xBLE.lib(gap.o)
    0x0000dde4   0x0000dde4   0x000000cc   Code   RO         2249    i.gapProcessEnhancedConnectionCompleteEvt  CH57xBLE.lib(gap.o)
    0x0000deb0   0x0000deb0   0x00000030   Code   RO         2250    i.gapProcessNewAddr  CH57xBLE.lib(gap.o)
    0x0000dee0   0x0000dee0   0x0000006c   Code   RO         2251    i.gapProcessRandomAddrComplete  CH57xBLE.lib(gap.o)
    0x0000df4c   0x0000df4c   0x00000060   Code   RO         2252    i.gapProcessRemoteConnParamReqEvt  CH57xBLE.lib(gap.o)
    0x0000dfac   0x0000dfac   0x000000a4   Code   RO         3933    i.gapProcessScanningDirectEvt  CH57xBLE.lib(gap_central.o)
    0x0000e050   0x0000e050   0x0000028c   Code   RO         3934    i.gapProcessScanningEvt  CH57xBLE.lib(gap_central.o)
    0x0000e2dc   0x0000e2dc   0x000001f4   Code   RO         2253    i.gapProcessTMOSMsg  CH57xBLE.lib(gap.o)
    0x0000e4d0   0x0000e4d0   0x000001cc   Code   RO         3012    i.gapRole_PeripheralProcessGAPMsg  CH57xBLE.lib(peripheral.o)
    0x0000e69c   0x0000e69c   0x00000050   Code   RO         3013    i.gapRole_PeripheralProcessTMOSMsg  CH57xBLE.lib(peripheral.o)
    0x0000e6ec   0x0000e6ec   0x00000046   Code   RO         2258    i.gapSendBondCompleteEvent  CH57xBLE.lib(gap.o)
    0x0000e732   0x0000e732   0x00000002   PAD
    0x0000e734   0x0000e734   0x000000d0   Code   RO         3935    i.gapSendDevDiscEvent  CH57xBLE.lib(gap_central.o)
    0x0000e804   0x0000e804   0x00000044   Code   RO         2259    i.gapSendDeviceInitDoneEvent  CH57xBLE.lib(gap.o)
    0x0000e848   0x0000e848   0x0000005e   Code   RO         2260    i.gapSendEstLinkEvent  CH57xBLE.lib(gap.o)
    0x0000e8a6   0x0000e8a6   0x00000002   PAD
    0x0000e8a8   0x0000e8a8   0x0000004c   Code   RO         2261    i.gapSendLinkUpdateEvent  CH57xBLE.lib(gap.o)
    0x0000e8f4   0x0000e8f4   0x00000038   Code   RO         2347    i.gapSendMakeDiscEvent  CH57xBLE.lib(gap_peripheral.o)
    0x0000e92c   0x0000e92c   0x0000005c   Code   RO         2262    i.gapSendPairingReqEvent  CH57xBLE.lib(gap.o)
    0x0000e988   0x0000e988   0x0000001c   Code   RO         3936    i.gapSendScanEnable  CH57xBLE.lib(gap_central.o)
    0x0000e9a4   0x0000e9a4   0x0000003a   Code   RO         2263    i.gapSendSlaveSecurityReqEvent  CH57xBLE.lib(gap.o)
    0x0000e9de   0x0000e9de   0x00000002   PAD
    0x0000e9e0   0x0000e9e0   0x00000080   Code   RO         2348    i.gapSetAdvParams   CH57xBLE.lib(gap_peripheral.o)
    0x0000ea60   0x0000ea60   0x00000048   Code   RO         3937    i.gapSetScanParamStatus  CH57xBLE.lib(gap_central.o)
    0x0000eaa8   0x0000eaa8   0x0000004e   Code   RO         2264    i.gapUpdateConnSignCounter  CH57xBLE.lib(gap.o)
    0x0000eaf6   0x0000eaf6   0x00000014   Code   RO         2265    i.gapValidADType    CH57xBLE.lib(gap.o)
    0x0000eb0a   0x0000eb0a   0x00000002   PAD
    0x0000eb0c   0x0000eb0c   0x000000d4   Code   RO         2349    i.gapWriteAdvEnableStatus  CH57xBLE.lib(gap_peripheral.o)
    0x0000ebe0   0x0000ebe0   0x00000024   Code   RO         2510    i.gattFindServerInfo  CH57xBLE.lib(gattservapp.o)
    0x0000ec04   0x0000ec04   0x00000020   Code   RO         2511    i.gattFindService   CH57xBLE.lib(gattservapp.o)
    0x0000ec24   0x0000ec24   0x00000068   Code   RO         2407    i.gattGetPayload    CH57xBLE.lib(gatt.o)
    0x0000ec8c   0x0000ec8c   0x0000002c   Code   RO         2512    i.gattGetServerStatus  CH57xBLE.lib(gattservapp.o)
    0x0000ecb8   0x0000ecb8   0x0000005a   Code   RO         2408    i.gattNotifyEvent   CH57xBLE.lib(gatt.o)
    0x0000ed12   0x0000ed12   0x00000004   Code   RO         2513    i.gattProcessExchangeMTUReq  CH57xBLE.lib(gattservapp.o)
    0x0000ed16   0x0000ed16   0x00000004   Code   RO         2514    i.gattProcessExecuteWriteReq  CH57xBLE.lib(gattservapp.o)
    0x0000ed1a   0x0000ed1a   0x0000002c   Code   RO         2515    i.gattProcessFindByTypeValueReq  CH57xBLE.lib(gattservapp.o)
    0x0000ed46   0x0000ed46   0x00000002   PAD
    0x0000ed48   0x0000ed48   0x00000124   Code   RO         2516    i.gattProcessFindInfoReq  CH57xBLE.lib(gattservapp.o)
    0x0000ee6c   0x0000ee6c   0x00000026   Code   RO         2517    i.gattProcessPrepareWriteReq  CH57xBLE.lib(gattservapp.o)
    0x0000ee92   0x0000ee92   0x00000002   PAD
    0x0000ee94   0x0000ee94   0x00000048   Code   RO         2518    i.gattProcessReadByGrpTypeReq  CH57xBLE.lib(gattservapp.o)
    0x0000eedc   0x0000eedc   0x0000002c   Code   RO         2519    i.gattProcessReadByTypeReq  CH57xBLE.lib(gattservapp.o)
    0x0000ef08   0x0000ef08   0x00000066   Code   RO         2520    i.gattProcessReadMultiReq  CH57xBLE.lib(gattservapp.o)
    0x0000ef6e   0x0000ef6e   0x00000022   Code   RO         2521    i.gattProcessReadReq  CH57xBLE.lib(gattservapp.o)
    0x0000ef90   0x0000ef90   0x00000026   Code   RO         2522    i.gattProcessWriteReq  CH57xBLE.lib(gattservapp.o)
    0x0000efb6   0x0000efb6   0x00000002   PAD
    0x0000efb8   0x0000efb8   0x0000000c   Code   RO         2416    i.gattRegisterServer  CH57xBLE.lib(gatt.o)
    0x0000efc4   0x0000efc4   0x00000010   Code   RO         2523    i.gattResetServerInfo  CH57xBLE.lib(gattservapp.o)
    0x0000efd4   0x0000efd4   0x0000003c   Code   RO         2417    i.gattSendFlowCtrlEvt  CH57xBLE.lib(gatt.o)
    0x0000f010   0x0000f010   0x0000003c   Code   RO         2524    i.gattServApp_ClearPrepareWriteQ  CH57xBLE.lib(gattservapp.o)
    0x0000f04c   0x0000f04c   0x0000000e   Code   RO         2525    i.gattServApp_FindAuthorizeAttrCB  CH57xBLE.lib(gattservapp.o)
    0x0000f05a   0x0000f05a   0x0000001a   Code   RO         2526    i.gattServApp_FindCharCfgItem  CH57xBLE.lib(gattservapp.o)
    0x0000f074   0x0000f074   0x00000024   Code   RO         2527    i.gattServApp_FindPrepareWriteQ  CH57xBLE.lib(gattservapp.o)
    0x0000f098   0x0000f098   0x00000020   Code   RO         2528    i.gattServApp_FindServiceCBs  CH57xBLE.lib(gattservapp.o)
    0x0000f0b8   0x0000f0b8   0x0000005c   Code   RO         2529    i.gattServApp_HandleConnStatusCB  CH57xBLE.lib(gattservapp.o)
    0x0000f114   0x0000f114   0x000000bc   Code   RO         2530    i.gattServApp_IsWriteLong  CH57xBLE.lib(gattservapp.o)
    0x0000f1d0   0x0000f1d0   0x000000dc   Code   RO         2531    i.gattServApp_ProcessExecuteWriteReq  CH57xBLE.lib(gattservapp.o)
    0x0000f2ac   0x0000f2ac   0x0000013c   Code   RO         2532    i.gattServApp_ProcessFindByTypeValueReq  CH57xBLE.lib(gattservapp.o)
    0x0000f3e8   0x0000f3e8   0x00000254   Code   RO         2533    i.gattServApp_ProcessMsg  CH57xBLE.lib(gattservapp.o)
    0x0000f63c   0x0000f63c   0x000000e0   Code   RO         2534    i.gattServApp_ProcessPrepareWriteReq  CH57xBLE.lib(gattservapp.o)
    0x0000f71c   0x0000f71c   0x00000194   Code   RO         2535    i.gattServApp_ProcessReadByGrpTypeReq  CH57xBLE.lib(gattservapp.o)
    0x0000f8b0   0x0000f8b0   0x00000140   Code   RO         2536    i.gattServApp_ProcessReadByTypeReq  CH57xBLE.lib(gattservapp.o)
    0x0000f9f0   0x0000f9f0   0x00000110   Code   RO         2537    i.gattServApp_ProcessReadMultiReq  CH57xBLE.lib(gattservapp.o)
    0x0000fb00   0x0000fb00   0x00000090   Code   RO         2538    i.gattServApp_ProcessWriteReq  CH57xBLE.lib(gattservapp.o)
    0x0000fb90   0x0000fb90   0x00000030   Code   RO         2541    i.gattServApp_WriteAttrCB  CH57xBLE.lib(gattservapp.o)
    0x0000fbc0   0x0000fbc0   0x00000080   Code   RO         2542    i.gattServerHandleConnStatusCB  CH57xBLE.lib(gattservapp.o)
    0x0000fc40   0x0000fc40   0x0000002a   Code   RO         2543    i.gattServerHandleTimerCB  CH57xBLE.lib(gattservapp.o)
    0x0000fc6a   0x0000fc6a   0x0000001c   Code   RO         2544    i.gattServerNotifyTxCB  CH57xBLE.lib(gattservapp.o)
    0x0000fc86   0x0000fc86   0x00000002   PAD
    0x0000fc88   0x0000fc88   0x00000150   Code   RO         2545    i.gattServerProcessMsgCB  CH57xBLE.lib(gattservapp.o)
    0x0000fdd8   0x0000fdd8   0x00000016   Code   RO         2546    i.gattServiceLastHandle  CH57xBLE.lib(gattservapp.o)
    0x0000fdee   0x0000fdee   0x0000000e   Code   RO         2418    i.gattStartTimer    CH57xBLE.lib(gatt.o)
    0x0000fdfc   0x0000fdfc   0x0000001a   Code   RO         2419    i.gattStopTimer     CH57xBLE.lib(gatt.o)
    0x0000fe16   0x0000fe16   0x00000002   PAD
    0x0000fe18   0x0000fe18   0x0000009c   Code   RO         2762    i.generate_subkey   CH57xBLE.lib(sm.o)
    0x0000feb4   0x0000feb4   0x000000d8   Code   RO         3968    i.ggs_ReadAttrCB    CH57xBLE.lib(gapgattserver.o)
    0x0000ff8c   0x0000ff8c   0x0000006e   Code   RO         3969    i.ggs_SetAttrWPermit  CH57xBLE.lib(gapgattserver.o)
    0x0000fffa   0x0000fffa   0x00000002   PAD
    0x0000fffc   0x0000fffc   0x00000110   Code   RO         3970    i.ggs_WriteAttrCB   CH57xBLE.lib(gapgattserver.o)
    0x0001010c   0x0001010c   0x000000a8   Code   RO         2643    i.l2capAllocConnChannel  CH57xBLE.lib(l2cap.o)
    0x000101b4   0x000101b4   0x00000040   Code   RO         4032    i.l2capBuildCmdReject  CH57xBLE.lib(l2cap_sdu.o)
    0x000101f4   0x000101f4   0x00000036   Code   RO         4033    i.l2capBuildConnectRsp  CH57xBLE.lib(l2cap_sdu.o)
    0x0001022a   0x0001022a   0x00000018   Code   RO         4034    i.l2capBuildDisconnectReq  CH57xBLE.lib(l2cap_sdu.o)
    0x00010242   0x00010242   0x00000018   Code   RO         4035    i.l2capBuildDisconnectRsp  CH57xBLE.lib(l2cap_sdu.o)
    0x0001025a   0x0001025a   0x0000002c   Code   RO         4036    i.l2capBuildParamUpdateReq  CH57xBLE.lib(l2cap_sdu.o)
    0x00010286   0x00010286   0x0000000e   Code   RO         4037    i.l2capBuildParamUpdateRsp  CH57xBLE.lib(l2cap_sdu.o)
    0x00010294   0x00010294   0x00000098   Code   RO         2645    i.l2capDisconnectAllChannels  CH57xBLE.lib(l2cap.o)
    0x0001032c   0x0001032c   0x0000001e   Code   RO         2646    i.l2capDisconnectChannel  CH57xBLE.lib(l2cap.o)
    0x0001034a   0x0001034a   0x00000002   PAD
    0x0001034c   0x0001034c   0x000000b4   Code   RO         4085    i.l2capEncapSendData  CH57xBLE.lib(l2cap_output.o)
    0x00010400   0x00010400   0x0000002c   Code   RO         2647    i.l2capFindLocalCID  CH57xBLE.lib(l2cap.o)
    0x0001042c   0x0001042c   0x00000030   Code   RO         2648    i.l2capFindLocalId  CH57xBLE.lib(l2cap.o)
    0x0001045c   0x0001045c   0x00000030   Code   RO         2649    i.l2capFindPsm      CH57xBLE.lib(l2cap.o)
    0x0001048c   0x0001048c   0x0000003c   Code   RO         2650    i.l2capFindRemoteCID  CH57xBLE.lib(l2cap.o)
    0x000104c8   0x000104c8   0x00000034   Code   RO         2651    i.l2capFreeChannel  CH57xBLE.lib(l2cap.o)
    0x000104fc   0x000104fc   0x00000030   Code   RO         2652    i.l2capFreePendingPkt  CH57xBLE.lib(l2cap.o)
    0x0001052c   0x0001052c   0x00000074   Code   RO         4086    i.l2capFreeTxSDU    CH57xBLE.lib(l2cap_output.o)
    0x000105a0   0x000105a0   0x00000058   Code   RO         2653    i.l2capGetCoChannelInfo  CH57xBLE.lib(l2cap.o)
    0x000105f8   0x000105f8   0x0000002c   Code   RO         2654    i.l2capHandleConnStatusCB  CH57xBLE.lib(l2cap.o)
    0x00010624   0x00010624   0x0000000a   Code   RO         2655    i.l2capHandleRxError  CH57xBLE.lib(l2cap.o)
    0x0001062e   0x0001062e   0x0000001c   Code   RO         2656    i.l2capHandleTimerCB  CH57xBLE.lib(l2cap.o)
    0x0001064a   0x0001064a   0x00000054   Code   RO         4087    i.l2capNotifyChannelEstEvt  CH57xBLE.lib(l2cap_output.o)
    0x0001069e   0x0001069e   0x0000003a   Code   RO         4088    i.l2capNotifyChannelTermEvt  CH57xBLE.lib(l2cap_output.o)
    0x000106d8   0x000106d8   0x00000080   Code   RO         4089    i.l2capNotifyCreditEvt  CH57xBLE.lib(l2cap_output.o)
    0x00010758   0x00010758   0x00000046   Code   RO         4090    i.l2capNotifyData   CH57xBLE.lib(l2cap_output.o)
    0x0001079e   0x0001079e   0x0000004e   Code   RO         4091    i.l2capNotifyEvent  CH57xBLE.lib(l2cap_output.o)
    0x000107ec   0x000107ec   0x0000004e   Code   RO         4092    i.l2capNotifySignal  CH57xBLE.lib(l2cap_output.o)
    0x0001083a   0x0001083a   0x00000002   PAD
    0x0001083c   0x0001083c   0x00000040   Code   RO         2657    i.l2capNumActiveChannnels  CH57xBLE.lib(l2cap.o)
    0x0001087c   0x0001087c   0x00000040   Code   RO         4056    i.l2capParseCmdReject  CH57xBLE.lib(l2cap_input.o)
    0x000108bc   0x000108bc   0x0000003e   Code   RO         4057    i.l2capParseConnectRsp  CH57xBLE.lib(l2cap_input.o)
    0x000108fa   0x000108fa   0x00000020   Code   RO         4058    i.l2capParseDisconnectReq  CH57xBLE.lib(l2cap_input.o)
    0x0001091a   0x0001091a   0x00000020   Code   RO         4059    i.l2capParseDisconnectRsp  CH57xBLE.lib(l2cap_input.o)
    0x0001093a   0x0001093a   0x00000060   Code   RO         4060    i.l2capParsePacket  CH57xBLE.lib(l2cap_input.o)
    0x0001099a   0x0001099a   0x00000016   Code   RO         4061    i.l2capParseParamUpdateRsp  CH57xBLE.lib(l2cap_input.o)
    0x000109b0   0x000109b0   0x00000014   Code   RO         4062    i.l2capParseSignalHdr  CH57xBLE.lib(l2cap_input.o)
    0x000109c4   0x000109c4   0x000000c0   Code   RO         4063    i.l2capProcessConnectReq  CH57xBLE.lib(l2cap_input.o)
    0x00010a84   0x00010a84   0x00000134   Code   RO         4064    i.l2capProcessReq   CH57xBLE.lib(l2cap_input.o)
    0x00010bb8   0x00010bb8   0x0000010e   Code   RO         4065    i.l2capProcessRsp   CH57xBLE.lib(l2cap_input.o)
    0x00010cc6   0x00010cc6   0x00000002   PAD
    0x00010cc8   0x00010cc8   0x000000e4   Code   RO         4066    i.l2capProcessRxData  CH57xBLE.lib(l2cap_input.o)
    0x00010dac   0x00010dac   0x00000120   Code   RO         4093    i.l2capReassembleSegment  CH57xBLE.lib(l2cap_output.o)
    0x00010ecc   0x00010ecc   0x00000068   Code   RO         4094    i.l2capSendCmd      CH57xBLE.lib(l2cap_output.o)
    0x00010f34   0x00010f34   0x00000088   Code   RO         4038    i.l2capSendConnectRsp  CH57xBLE.lib(l2cap_sdu.o)
    0x00010fbc   0x00010fbc   0x00000050   Code   RO         4095    i.l2capSendFCPkt    CH57xBLE.lib(l2cap_output.o)
    0x0001100c   0x0001100c   0x00000098   Code   RO         4096    i.l2capSendNextSegment  CH57xBLE.lib(l2cap_output.o)
    0x000110a4   0x000110a4   0x00000040   Code   RO         4097    i.l2capSendPkt      CH57xBLE.lib(l2cap_output.o)
    0x000110e4   0x000110e4   0x0000009c   Code   RO         4098    i.l2capSendReq      CH57xBLE.lib(l2cap_output.o)
    0x00011180   0x00011180   0x000000c0   Code   RO         4099    i.l2capSendSegment  CH57xBLE.lib(l2cap_output.o)
    0x00011240   0x00011240   0x0000002c   Code   RO         2658    i.l2capStartTimer   CH57xBLE.lib(l2cap.o)
    0x0001126c   0x0001126c   0x00000010   Code   RO         2659    i.l2capStopTimer    CH57xBLE.lib(l2cap.o)
    0x0001127c   0x0001127c   0x00000028   Code   RO         4100    i.l2capStoreFCPkt   CH57xBLE.lib(l2cap_output.o)
    0x000112a4   0x000112a4   0x0000001c   Code   RO         2763    i.leftshift_onebit  CH57xBLE.lib(sm.o)
    0x000112c0   0x000112c0   0x00000070   Code   RO         2701    i.linkDB_Add        CH57xBLE.lib(linkdb.o)
    0x00011330   0x00011330   0x00000058   Code   RO         2702    i.linkDB_Authen     CH57xBLE.lib(linkdb.o)
    0x00011388   0x00011388   0x00000030   Code   RO         2703    i.linkDB_Find       CH57xBLE.lib(linkdb.o)
    0x000113b8   0x000113b8   0x0000003c   Code   RO         2704    i.linkDB_FindFirst  CH57xBLE.lib(linkdb.o)
    0x000113f4   0x000113f4   0x00000038   Code   RO         2705    i.linkDB_GetHandleFromSMEvtID  CH57xBLE.lib(linkdb.o)
    0x0001142c   0x0001142c   0x00000058   Code   RO         2706    i.linkDB_GetPairingParam  CH57xBLE.lib(linkdb.o)
    0x00011484   0x00011484   0x0000004c   Code   RO         2707    i.linkDB_GetSMEvtID  CH57xBLE.lib(linkdb.o)
    0x000114d0   0x000114d0   0x00000064   Code   RO         2708    i.linkDB_Init       CH57xBLE.lib(linkdb.o)
    0x00011534   0x00011534   0x0000000e   Code   RO         2709    i.linkDB_MTU        CH57xBLE.lib(linkdb.o)
    0x00011542   0x00011542   0x00000002   PAD
    0x00011544   0x00011544   0x00000048   Code   RO         2710    i.linkDB_NeedSendKey  CH57xBLE.lib(linkdb.o)
    0x0001158c   0x0001158c   0x0000002c   Code   RO         2711    i.linkDB_NumActive  CH57xBLE.lib(linkdb.o)
    0x000115b8   0x000115b8   0x0000000c   Code   RO         2712    i.linkDB_NumConns   CH57xBLE.lib(linkdb.o)
    0x000115c4   0x000115c4   0x00000030   Code   RO         2713    i.linkDB_PerformFunc  CH57xBLE.lib(linkdb.o)
    0x000115f4   0x000115f4   0x00000038   Code   RO         2714    i.linkDB_PeripheralLinkNum  CH57xBLE.lib(linkdb.o)
    0x0001162c   0x0001162c   0x00000024   Code   RO         2715    i.linkDB_Register   CH57xBLE.lib(linkdb.o)
    0x00011650   0x00011650   0x00000036   Code   RO         2716    i.linkDB_Remove     CH57xBLE.lib(linkdb.o)
    0x00011686   0x00011686   0x0000000e   Code   RO         2717    i.linkDB_Role       CH57xBLE.lib(linkdb.o)
    0x00011694   0x00011694   0x00000020   Code   RO         2718    i.linkDB_State      CH57xBLE.lib(linkdb.o)
    0x000116b4   0x000116b4   0x0000001c   Code   RO         2720    i.linkDB_UpdateMTU  CH57xBLE.lib(linkdb.o)
    0x000116d0   0x000116d0   0x00000054   Code   RO         1960    i.llAdvTraverseallChannel  CH57xBLE.lib(ll_advertise.o)
    0x00011724   0x00011724   0x00000060   Code   RO         1961    i.llAdvertiseCreateCore  CH57xBLE.lib(ll_advertise.o)
    0x00011784   0x00011784   0x0000010c   Code   RO         1962    i.llAdvertiseSet    CH57xBLE.lib(ll_advertise.o)
    0x00011890   0x00011890   0x0000008c   Code   RO         1963    i.llAdvertiseStart  CH57xBLE.lib(ll_advertise.o)
    0x0001191c   0x0001191c   0x000000a8   Code   RO         2080    i.llSlaveCreateCore  CH57xBLE.lib(ll_slave.o)
    0x000119c4   0x000119c4   0x00000124   Code   RO         2081    i.llSlaveSetFirstTimer  CH57xBLE.lib(ll_slave.o)
    0x00011ae8   0x00011ae8   0x00000404   Code   RO         1964    i.ll_advertise_process  CH57xBLE.lib(ll_advertise.o)
    0x00011eec   0x00011eec   0x0000018c   Code   RO         1965    i.ll_advertise_tx   CH57xBLE.lib(ll_advertise.o)
    0x00012078   0x00012078   0x0000028c   Code   RO         2016    i.ll_connect_action_in_connintervaltimeout  CH57xBLE.lib(ll_connect.o)
    0x00012304   0x00012304   0x0000001a   Code   RO         2017    i.ll_connect_auth_timeout  CH57xBLE.lib(ll_connect.o)
    0x0001231e   0x0001231e   0x00000080   Code   RO         2018    i.ll_connect_calculate_effective_len  CH57xBLE.lib(ll_connect.o)
    0x0001239e   0x0001239e   0x00000002   PAD
    0x000123a0   0x000123a0   0x000001ac   Code   RO         2019    i.ll_connect_change_connect_point  CH57xBLE.lib(ll_connect.o)
    0x0001254c   0x0001254c   0x000000b0   Code   RO         2020    i.ll_connect_event_continue  CH57xBLE.lib(ll_connect.o)
    0x000125fc   0x000125fc   0x0000000a   Code   RO         2021    i.ll_connect_flowcontrol_init  CH57xBLE.lib(ll_connect.o)
    0x00012606   0x00012606   0x00000002   PAD
    0x00012608   0x00012608   0x0000001c   Code   RO         2022    i.ll_connect_get_master_number  CH57xBLE.lib(ll_connect.o)
    0x00012624   0x00012624   0x0000001c   Code   RO         2023    i.ll_connect_get_slave_number  CH57xBLE.lib(ll_connect.o)
    0x00012640   0x00012640   0x00000088   Code   RO         2025    i.ll_connect_get_update_point  CH57xBLE.lib(ll_connect.o)
    0x000126c8   0x000126c8   0x00000084   Code   RO         2026    i.ll_connect_init_dataLen  CH57xBLE.lib(ll_connect.o)
    0x0001274c   0x0001274c   0x0000002a   Code   RO         2027    i.ll_connect_init_pingOffset  CH57xBLE.lib(ll_connect.o)
    0x00012776   0x00012776   0x00000026   Code   RO         2028    i.ll_connect_parse_datapdu_head  CH57xBLE.lib(ll_connect.o)
    0x0001279c   0x0001279c   0x0000001e   Code   RO         2029    i.ll_connect_procedure_timeout  CH57xBLE.lib(ll_connect.o)
    0x000127ba   0x000127ba   0x00000002   PAD
    0x000127bc   0x000127bc   0x000000b4   Code   RO         2030    i.ll_connect_recv_data  CH57xBLE.lib(ll_connect.o)
    0x00012870   0x00012870   0x00000100   Code   RO         2031    i.ll_connect_send_data  CH57xBLE.lib(ll_connect.o)
    0x00012970   0x00012970   0x00000040   Code   RO         2032    i.ll_connect_set_auth_timeout  CH57xBLE.lib(ll_connect.o)
    0x000129b0   0x000129b0   0x0000002c   Code   RO         2033    i.ll_connect_set_connect_timeout  CH57xBLE.lib(ll_connect.o)
    0x000129dc   0x000129dc   0x0000002c   Code   RO         2034    i.ll_connect_set_procedure_timeout  CH57xBLE.lib(ll_connect.o)
    0x00012a08   0x00012a08   0x00000028   Code   RO         2035    i.ll_connect_supervision_timeout  CH57xBLE.lib(ll_connect.o)
    0x00012a30   0x00012a30   0x000000ac   Code   RO         2036    i.ll_connect_update_get_offset  CH57xBLE.lib(ll_connect.o)
    0x00012adc   0x00012adc   0x00000028   Code   RO         3196    i.ll_get_prime_number  CH57xBLE.lib(ll.o)
    0x00012b04   0x00012b04   0x00000064   Code   RO         1204    i.ll_hw_api_rx_set_txlen  CH57xBLE.lib(ip.o)
    0x00012b68   0x00012b68   0x00000020   Code   RO         1206    i.ll_hw_api_set_pkt_dec  CH57xBLE.lib(ip.o)
    0x00012b88   0x00012b88   0x00000020   Code   RO         1207    i.ll_hw_api_set_pkt_enc  CH57xBLE.lib(ip.o)
    0x00012ba8   0x00012ba8   0x00000074   Code   RO         1141    i.ll_hw_temp_sample  CH57xBLE.lib(tmos_hw.o)
    0x00012c1c   0x00012c1c   0x00000016   Code   RO         2082    i.ll_hw_timer_slave_recv_timeout  CH57xBLE.lib(ll_slave.o)
    0x00012c32   0x00012c32   0x00000002   PAD
    0x00012c34   0x00012c34   0x00000034   Code   RO         2037    i.ll_hw_timer_window_widening  CH57xBLE.lib(ll_connect.o)
    0x00012c68   0x00012c68   0x00000052   Code   RO         3346    i.ll_resolvinglist_checkRPA  CH57xBLE.lib(ll_resolvinglist.o)
    0x00012cba   0x00012cba   0x00000002   PAD
    0x00012cbc   0x00012cbc   0x00000048   Code   RO         3347    i.ll_resolvinglist_renew_rpa  CH57xBLE.lib(ll_resolvinglist.o)
    0x00012d04   0x00012d04   0x00000014   Code   RO         3348    i.ll_resolvinglist_renew_set  CH57xBLE.lib(ll_resolvinglist.o)
    0x00012d18   0x00012d18   0x00000050   Code   RO         3349    i.ll_resolvinglist_timeout_renew_rpa  CH57xBLE.lib(ll_resolvinglist.o)
    0x00012d68   0x00012d68   0x000001a8   Code   RO         2039    i.ll_slave_check_connect_point  CH57xBLE.lib(ll_connect.o)
    0x00012f10   0x00012f10   0x00000ce0   Code   RO         2083    i.ll_slave_process  CH57xBLE.lib(ll_slave.o)
    0x00013bf0   0x00013bf0   0x0000028c   Code   RO         2084    i.ll_slave_process_after_tx  CH57xBLE.lib(ll_slave.o)
    0x00013e7c   0x00013e7c   0x00000264   Code   RO         2085    i.ll_slave_process_event  CH57xBLE.lib(ll_slave.o)
    0x000140e0   0x000140e0   0x00000010   Code   RO         1389    i.lwns_addr_cmp     CH57xLWNS.lib(lwns_addr.o)
    0x000140f0   0x000140f0   0x00000010   Code   RO         1384    i.lwns_addr_copy    CH57xLWNS.lib(lwns_addr.o)
    0x00014100   0x00014100   0x00000030   Code   RO         1394    i.lwns_addr_set     CH57xLWNS.lib(lwns_addr.o)
    0x00014130   0x00014130   0x00000022   Code   RO         1429    i.lwns_broadcast_input  CH57xLWNS.lib(lwns_broadcast.o)
    0x00014152   0x00014152   0x00000002   PAD
    0x00014154   0x00014154   0x00000010   Code   RO         1550    i.lwns_buffer_addr  CH57xLWNS.lib(lwns_buffer.o)
    0x00014164   0x00014164   0x0000000c   Code   RO         1540    i.lwns_buffer_attr  CH57xLWNS.lib(lwns_buffer.o)
    0x00014170   0x00014170   0x0000002c   Code   RO         1475    i.lwns_buffer_compact  CH57xLWNS.lib(lwns_buffer.o)
    0x0001419c   0x0001419c   0x0000000c   Code   RO         1470    i.lwns_buffer_datalen  CH57xLWNS.lib(lwns_buffer.o)
    0x000141a8   0x000141a8   0x00000010   Code   RO         1515    i.lwns_buffer_dataptr  CH57xLWNS.lib(lwns_buffer.o)
    0x000141b8   0x000141b8   0x00000034   Code   RO         1495    i.lwns_buffer_hdralloc  CH57xLWNS.lib(lwns_buffer.o)
    0x000141ec   0x000141ec   0x00000010   Code   RO         1520    i.lwns_buffer_hdrptr  CH57xLWNS.lib(lwns_buffer.o)
    0x000141fc   0x000141fc   0x00000020   Code   RO         1505    i.lwns_buffer_hdrreduce  CH57xLWNS.lib(lwns_buffer.o)
    0x0001421c   0x0001421c   0x00000018   Code   RO         1545    i.lwns_buffer_set_addr  CH57xLWNS.lib(lwns_buffer.o)
    0x00014234   0x00014234   0x0000000c   Code   RO         1535    i.lwns_buffer_set_attr  CH57xLWNS.lib(lwns_buffer.o)
    0x00014240   0x00014240   0x0000000c   Code   RO         1510    i.lwns_buffer_set_bufferlen  CH57xLWNS.lib(lwns_buffer.o)
    0x0001424c   0x0001424c   0x0000001c   Code   RO         1490    i.lwns_buffer_totlen  CH57xLWNS.lib(lwns_buffer.o)
    0x00014268   0x00014268   0x00000020   Code   RO         3128    i.lwns_packetassembly_create  CH57xLWNS.lib(lwns_packetassembly.o)
    0x00014288   0x00014288   0x00000014   Code   RO         3133    i.lwns_packetassembly_hdrsize  CH57xLWNS.lib(lwns_packetassembly.o)
    0x0001429c   0x0001429c   0x00000006   Code   RO         1555    i.lwns_qbuf_datalen  CH57xLWNS.lib(lwns_buffer.o)
    0x000142a2   0x000142a2   0x00000020   Code   RO         3178    i.lwns_rgossip_close  CH57xLWNS.lib(lwns_rgossip.o)
    0x000142c2   0x000142c2   0x00000002   PAD
    0x000142c4   0x000142c4   0x00000020   Code   RO         3173    i.lwns_rgossip_open  CH57xLWNS.lib(lwns_rgossip.o)
    0x000142e4   0x000142e4   0x00000050   Code   RO         1742    i.lwns_route_discovery_open  CH57xLWNS.lib(lwns_route.o)
    0x00014334   0x00014334   0x00000026   Code   RO         2764    i.padding           CH57xBLE.lib(sm.o)
    0x0001435a   0x0001435a   0x00000002   PAD
    0x0001435c   0x0001435c   0x00000024   Code   RO         2721    i.reportStatusChange  CH57xBLE.lib(linkdb.o)
    0x00014380   0x00014380   0x0000007c   Code   RO         1248    i.rf_hop_heart_beat  CH57xBLE.lib(rf_fh.o)
    0x000143fc   0x000143fc   0x000000d0   Code   RO         2266    i.sendAuthEvent     CH57xBLE.lib(gap.o)
    0x000144cc   0x000144cc   0x00000030   Code   RO         2267    i.sendTerminateEvent  CH57xBLE.lib(gap.o)
    0x000144fc   0x000144fc   0x0000004e   Code   RO         2765    i.setupInitiatorKeys  CH57xBLE.lib(sm.o)
    0x0001454a   0x0001454a   0x0000001e   Code   RO         2767    i.smDetermineKeySize  CH57xBLE.lib(sm.o)
    0x00014568   0x00014568   0x00000048   Code   RO         2768    i.smEndPairing      CH57xBLE.lib(sm.o)
    0x000145b0   0x000145b0   0x0000004e   Code   RO         2769    i.smFreePairingParams  CH57xBLE.lib(sm.o)
    0x000145fe   0x000145fe   0x00000002   PAD
    0x00014600   0x00014600   0x00000024   Code   RO         2770    i.smGenerateConfirm  CH57xBLE.lib(sm.o)
    0x00014624   0x00014624   0x00000034   Code   RO         2771    i.smGeneratePairingReqRsp  CH57xBLE.lib(sm.o)
    0x00014658   0x00014658   0x00000028   Code   RO         2268    i.smGenerateRandBuf  CH57xBLE.lib(gap.o)
    0x00014680   0x00014680   0x00000024   Code   RO         2772    i.smGenerateRandMsg  CH57xBLE.lib(sm.o)
    0x000146a4   0x000146a4   0x00000160   Code   RO         2773    i.smInitiatorSendNextKeyInfo  CH57xBLE.lib(sm.o)
    0x00014804   0x00014804   0x00000020   Code   RO         2774    i.smLinkCheck       CH57xBLE.lib(sm.o)
    0x00014824   0x00014824   0x00000040   Code   RO         2775    i.smNextPairingState  CH57xBLE.lib(sm.o)
    0x00014864   0x00014864   0x00000014   Code   RO         2776    i.smPairingSendEncInfo  CH57xBLE.lib(sm.o)
    0x00014878   0x00014878   0x00000028   Code   RO         2777    i.smPairingSendIdentityAddrInfo  CH57xBLE.lib(sm.o)
    0x000148a0   0x000148a0   0x00000014   Code   RO         2778    i.smPairingSendIdentityInfo  CH57xBLE.lib(sm.o)
    0x000148b4   0x000148b4   0x00000028   Code   RO         2779    i.smPairingSendMasterID  CH57xBLE.lib(sm.o)
    0x000148dc   0x000148dc   0x00000014   Code   RO         2780    i.smPairingSendSingingInfo  CH57xBLE.lib(sm.o)
    0x000148f0   0x000148f0   0x000000c8   Code   RO         2781    i.smProcessDataMsg  CH57xBLE.lib(sm.o)
    0x000149b8   0x000149b8   0x000000bc   Code   RO         2782    i.smProcessEncryptChange  CH57xBLE.lib(sm.o)
    0x00014a74   0x00014a74   0x0000004c   Code   RO         2783    i.smProcessPairingReq  CH57xBLE.lib(sm.o)
    0x00014ac0   0x00014ac0   0x00000078   Code   RO         2784    i.smProcessRandComplete  CH57xBLE.lib(sm.o)
    0x00014b38   0x00014b38   0x00000088   Code   RO         2785    i.smProcessTMOSMsg  CH57xBLE.lib(sm.o)
    0x00014bc0   0x00014bc0   0x00000180   Code   RO         2788    i.smResponderProcessLTKReq  CH57xBLE.lib(sm.o)
    0x00014d40   0x00014d40   0x000001b8   Code   RO         2789    i.smResponderSendNextKeyInfo  CH57xBLE.lib(sm.o)
    0x00014ef8   0x00014ef8   0x00000164   Code   RO         2790    i.smSavePairInfo    CH57xBLE.lib(sm.o)
    0x0001505c   0x0001505c   0x00000024   Code   RO         2791    i.smSendFailAndEnd  CH57xBLE.lib(sm.o)
    0x00015080   0x00015080   0x0000004a   Code   RO         2792    i.smSendSMMsg       CH57xBLE.lib(sm.o)
    0x000150ca   0x000150ca   0x00000038   Code   RO         2793    i.smSetPairingReqRsp  CH57xBLE.lib(sm.o)
    0x00015102   0x00015102   0x00000002   PAD
    0x00015104   0x00015104   0x00000020   Code   RO         2794    i.smStartEncryption  CH57xBLE.lib(sm.o)
    0x00015124   0x00015124   0x0000002c   Code   RO         2795    i.smStartRspTimer   CH57xBLE.lib(sm.o)
    0x00015150   0x00015150   0x00000014   Code   RO         2796    i.smStopRspTimer    CH57xBLE.lib(sm.o)
    0x00015164   0x00015164   0x00000018   Code   RO         2797    i.smTimedOut        CH57xBLE.lib(sm.o)
    0x0001517c   0x0001517c   0x00000004   Code   RO         2798    i.smUint8ToAuthReq  CH57xBLE.lib(sm.o)
    0x00015180   0x00015180   0x00000126   Code   RO         2799    i.sm_CMAC           CH57xBLE.lib(sm.o)
    0x000152a6   0x000152a6   0x0000005a   Code   RO         2800    i.sm_ah             CH57xBLE.lib(sm.o)
    0x00015300   0x00015300   0x00000082   Code   RO         2801    i.sm_c1             CH57xBLE.lib(sm.o)
    0x00015382   0x00015382   0x000000e0   Code   RO         2802    i.sm_c1new          CH57xBLE.lib(sm.o)
    0x00015462   0x00015462   0x00000062   Code   RO         2803    i.sm_s1             CH57xBLE.lib(sm.o)
    0x000154c4   0x000154c4   0x00000016   Code   RO         2804    i.sm_xor            CH57xBLE.lib(sm.o)
    0x000154da   0x000154da   0x00000020   Code   RO         2805    i.smpBuildEncInfo   CH57xBLE.lib(sm.o)
    0x000154fa   0x000154fa   0x00000024   Code   RO         2806    i.smpBuildIdentityAddrInfo  CH57xBLE.lib(sm.o)
    0x0001551e   0x0001551e   0x00000020   Code   RO         2807    i.smpBuildIdentityInfo  CH57xBLE.lib(sm.o)
    0x0001553e   0x0001553e   0x0000002a   Code   RO         2808    i.smpBuildMasterID  CH57xBLE.lib(sm.o)
    0x00015568   0x00015568   0x00000020   Code   RO         2809    i.smpBuildPairingConfirm  CH57xBLE.lib(sm.o)
    0x00015588   0x00015588   0x00000018   Code   RO         2810    i.smpBuildPairingFailed  CH57xBLE.lib(sm.o)
    0x000155a0   0x000155a0   0x00000020   Code   RO         2811    i.smpBuildPairingRandom  CH57xBLE.lib(sm.o)
    0x000155c0   0x000155c0   0x0000000e   Code   RO         2812    i.smpBuildPairingReq  CH57xBLE.lib(sm.o)
    0x000155ce   0x000155ce   0x00000092   Code   RO         2813    i.smpBuildPairingReqRsp  CH57xBLE.lib(sm.o)
    0x00015660   0x00015660   0x0000000e   Code   RO         2814    i.smpBuildPairingRsp  CH57xBLE.lib(sm.o)
    0x0001566e   0x0001566e   0x00000018   Code   RO         2815    i.smpBuildSecurityReq  CH57xBLE.lib(sm.o)
    0x00015686   0x00015686   0x00000020   Code   RO         2816    i.smpBuildSigningInfo  CH57xBLE.lib(sm.o)
    0x000156a6   0x000156a6   0x000001c8   Code   RO         2817    i.smpInitiatorProcessIncoming  CH57xBLE.lib(sm.o)
    0x0001586e   0x0001586e   0x000000be   Code   RO         2818    i.smpInitiatorProcessPairingRsp  CH57xBLE.lib(sm.o)
    0x0001592c   0x0001592c   0x0000001e   Code   RO         2819    i.smpParseEncInfo   CH57xBLE.lib(sm.o)
    0x0001594a   0x0001594a   0x00000022   Code   RO         2820    i.smpParseIdentityAddrInfo  CH57xBLE.lib(sm.o)
    0x0001596c   0x0001596c   0x0000001e   Code   RO         2821    i.smpParseIdentityInfo  CH57xBLE.lib(sm.o)
    0x0001598a   0x0001598a   0x00000028   Code   RO         2822    i.smpParseMasterID  CH57xBLE.lib(sm.o)
    0x000159b2   0x000159b2   0x0000001e   Code   RO         2823    i.smpParsePairingConfirm  CH57xBLE.lib(sm.o)
    0x000159d0   0x000159d0   0x00000020   Code   RO         2824    i.smpParsePairingFailed  CH57xBLE.lib(sm.o)
    0x000159f0   0x000159f0   0x0000001e   Code   RO         2825    i.smpParsePairingRandom  CH57xBLE.lib(sm.o)
    0x00015a0e   0x00015a0e   0x00000002   PAD
    0x00015a10   0x00015a10   0x000000fc   Code   RO         2826    i.smpParsePairingReq  CH57xBLE.lib(sm.o)
    0x00015b0c   0x00015b0c   0x00000014   Code   RO         2827    i.smpParseSecurityReq  CH57xBLE.lib(sm.o)
    0x00015b20   0x00015b20   0x0000001e   Code   RO         2828    i.smpParseSigningInfo  CH57xBLE.lib(sm.o)
    0x00015b3e   0x00015b3e   0x000001ce   Code   RO         2829    i.smpResponderProcessIncoming  CH57xBLE.lib(sm.o)
    0x00015d0c   0x00015d0c   0x0000009e   Code   RO         2830    i.smpResponderProcessPairingReq  CH57xBLE.lib(sm.o)
    0x00015daa   0x00015daa   0x00000002   PAD
    0x00015dac   0x00015dac   0x00000020   Code   RO         1057    i.tmosFindTask      CH57xBLE.lib(tmos.o)
    0x00015dcc   0x00015dcc   0x00000034   Code   RO         1886    i.tmos_bm_adjust_header  CH57xBLE.lib(memory.o)
    0x00015e00   0x00015e00   0x00000024   Code   RO         1058    i.tmos_clear_event  CH57xBLE.lib(tmos.o)
    0x00015e24   0x00015e24   0x00000012   Code   RO         1060    i.tmos_get_task_timer  CH57xBLE.lib(tmos.o)
    0x00015e36   0x00015e36   0x0000001e   Code   RO         1061    i.tmos_isbufset     CH57xBLE.lib(tmos.o)
    0x00015e54   0x00015e54   0x0000001c   Code   RO         1062    i.tmos_memcmp       CH57xBLE.lib(tmos.o)
    0x00015e70   0x00015e70   0x00000018   Code   RO         1063    i.tmos_memcpy       CH57xBLE.lib(tmos.o)
    0x00015e88   0x00015e88   0x0000001e   Code   RO         1064    i.tmos_memdup       CH57xBLE.lib(tmos.o)
    0x00015ea6   0x00015ea6   0x00000002   PAD
    0x00015ea8   0x00015ea8   0x000000ac   Code   RO         1887    i.tmos_memory_allocate  CH57xBLE.lib(memory.o)
    0x00015f54   0x00015f54   0x000000ac   Code   RO         1888    i.tmos_memory_free  CH57xBLE.lib(memory.o)
    0x00016000   0x00016000   0x00000060   Code   RO         1890    i.tmos_memory_init  CH57xBLE.lib(memory.o)
    0x00016060   0x00016060   0x00000010   Code   RO         1065    i.tmos_memset       CH57xBLE.lib(tmos.o)
    0x00016070   0x00016070   0x00000028   Code   RO         1110    i.tmos_msg_allocate  CH57xBLE.lib(message.o)
    0x00016098   0x00016098   0x00000020   Code   RO         1111    i.tmos_msg_deallocate  CH57xBLE.lib(message.o)
    0x000160b8   0x000160b8   0x00000024   Code   RO         1112    i.tmos_msg_enqueue  CH57xBLE.lib(message.o)
    0x000160dc   0x000160dc   0x0000000c   Code   RO         1113    i.tmos_msg_init     CH57xBLE.lib(message.o)
    0x000160e8   0x000160e8   0x00000070   Code   RO         1116    i.tmos_msg_receive  CH57xBLE.lib(message.o)
    0x00016158   0x00016158   0x00000058   Code   RO         1117    i.tmos_msg_send     CH57xBLE.lib(message.o)
    0x000161b0   0x000161b0   0x00000038   Code   RO         1066    i.tmos_rand         CH57xBLE.lib(tmos.o)
    0x000161e8   0x000161e8   0x00000012   Code   RO         1067    i.tmos_revmemcpy    CH57xBLE.lib(tmos.o)
    0x000161fa   0x000161fa   0x00000002   PAD
    0x000161fc   0x000161fc   0x00000024   Code   RO         1068    i.tmos_set_event    CH57xBLE.lib(tmos.o)
    0x00016220   0x00016220   0x00000044   Code   RO         1901    i.tmos_snv_clear    CH57xBLE.lib(tmos_snv.o)
    0x00016264   0x00016264   0x00000004   Code   RO         1902    i.tmos_snv_compact  CH57xBLE.lib(tmos_snv.o)
    0x00016268   0x00016268   0x00000034   Code   RO         1903    i.tmos_snv_init     CH57xBLE.lib(tmos_snv.o)
    0x0001629c   0x0001629c   0x00000040   Code   RO         1904    i.tmos_snv_notify   CH57xBLE.lib(tmos_snv.o)
    0x000162dc   0x000162dc   0x00000088   Code   RO         1905    i.tmos_snv_read     CH57xBLE.lib(tmos_snv.o)
    0x00016364   0x00016364   0x000000ac   Code   RO         1906    i.tmos_snv_write    CH57xBLE.lib(tmos_snv.o)
    0x00016410   0x00016410   0x0000006c   Code   RO         1069    i.tmos_start_callback_task  CH57xBLE.lib(tmos.o)
    0x0001647c   0x0001647c   0x00000022   Code   RO         1070    i.tmos_start_reload_task  CH57xBLE.lib(tmos.o)
    0x0001649e   0x0001649e   0x00000002   PAD
    0x000164a0   0x000164a0   0x00000074   Code   RO         1071    i.tmos_start_task   CH57xBLE.lib(tmos.o)
    0x00016514   0x00016514   0x00000048   Code   RO         1072    i.tmos_stop_callback_task  CH57xBLE.lib(tmos.o)
    0x0001655c   0x0001655c   0x00000026   Code   RO         1073    i.tmos_stop_task    CH57xBLE.lib(tmos.o)
    0x00016582   0x00016582   0x00000012   Code   RO         1074    i.tmos_strlen       CH57xBLE.lib(tmos.o)
    0x00016594   0x00016594   0x00000064   Code   RO         1075    i.tmos_update_callback_timer  CH57xBLE.lib(tmos.o)
    0x000165f8   0x000165f8   0x00000016   Code   RO         2831    i.xor_128           CH57xBLE.lib(sm.o)
    0x0001660e   0x0001660e   0x00000003   Data   RO          750    .constdata          lwns_adapter_blemesh_mac.o
    0x00016611   0x00016611   0x00000003   PAD
    0x00016614   0x00016614   0x0000005c   Data   RO         1026    .constdata          lwns_mesh_example.o
    0x00016670   0x00016670   0x00000014   Data   RO         1209    .constdata          CH57xBLE.lib(ip.o)
    0x00016684   0x00016684   0x00000013   Data   RO         1295    .constdata          CH57xLWNS.lib(lwns.o)
    0x00016697   0x00016697   0x00000006   Data   RO         1377    .constdata          CH57xLWNS.lib(lwns_addr.o)
    0x0001669d   0x0001669d   0x00000006   Data   RO         1419    .constdata          CH57xLWNS.lib(lwns_broadcast.o)
    0x000166a3   0x000166a3   0x00000001   PAD
    0x000166a4   0x000166a4   0x00000026   Data   RO         1647    .constdata          CH57xLWNS.lib(lwns_mesh.o)
    0x000166ca   0x000166ca   0x00000002   PAD
    0x000166cc   0x000166cc   0x0000000c   Data   RO         1714    .constdata          CH57xLWNS.lib(lwns_netflood.o)
    0x000166d8   0x000166d8   0x00000014   Data   RO         1729    .constdata          CH57xLWNS.lib(lwns_route.o)
    0x000166ec   0x000166ec   0x00000018   Data   RO         1784    .constdata          CH57xLWNS.lib(lwns_unicast.o)
    0x00016704   0x00016704   0x00000010   Data   RO         2086    .constdata          CH57xBLE.lib(ll_slave.o)
    0x00016714   0x00016714   0x00000060   Data   RO         2548    .constdata          CH57xBLE.lib(gattservapp.o)
    0x00016774   0x00016774   0x00000029   Data   RO         2832    .constdata          CH57xBLE.lib(sm.o)
    0x0001679d   0x0001679d   0x00000003   PAD
    0x000167a0   0x000167a0   0x00000008   Data   RO         3163    .constdata          CH57xLWNS.lib(lwns_rgossip.o)
    0x000167a8   0x000167a8   0x00000017   Data   RO         3198    .constdata          CH57xBLE.lib(ll.o)
    0x000167bf   0x000167bf   0x00000010   Data   RO         3758    .constdata          CH57xBLE.lib(att.o)
    0x000167cf   0x000167cf   0x00000001   PAD
    0x000167d0   0x000167d0   0x00000008   Data   RO         3972    .constdata          CH57xBLE.lib(gapgattserver.o)
    0x000167d8   0x000167d8   0x0000002a   Data   RO         4124    .constdata          CH57xBLE.lib(gatt_uuid.o)
    0x00016802   0x00016802   0x00000002   Data   RO         4125    .constdata          CH57xBLE.lib(gatt_uuid.o)
    0x00016804   0x00016804   0x00000020   Data   RO         4459    Region$$Table       anon$$obj.o


    Execution Region RW_IRAM1 (Exec base: 0x20000000, Load base: 0x00016824, Size: 0x00003068, Max: 0x00008000, ABSOLUTE, COMPRESSED[0x0000011c])

    Exec Addr    Load Addr    Size         Type   Attr      Idx    E Section Name        Object

    0x20000000   COMPRESSED   0x00000001   Data   RW          152    .data               mcu.o
    0x20000001   COMPRESSED   0x00000003   PAD
    0x20000004   COMPRESSED   0x00000004   Data   RW          181    .data               rtc.o
    0x20000008   COMPRESSED   0x00000002   Data   RW          268    .data               ch57x_flash.o
    0x2000000a   COMPRESSED   0x00000002   PAD
    0x2000000c   COMPRESSED   0x00000024   Data   RW          751    .data               lwns_adapter_blemesh_mac.o
    0x20000030   COMPRESSED   0x00000010   Data   RW          811    .data               lwns_sec.o
    0x20000040   COMPRESSED   0x0000000c   Data   RW         1027    .data               lwns_mesh_example.o
    0x2000004c   COMPRESSED   0x00000018   Data   RW         1077    .data               CH57xBLE.lib(tmos.o)
    0x20000064   COMPRESSED   0x00000004   Data   RW         1118    .data               CH57xBLE.lib(message.o)
    0x20000068   COMPRESSED   0x00000004   Data   RW         1142    .data               CH57xBLE.lib(tmos_hw.o)
    0x2000006c   COMPRESSED   0x00000004   Data   RW         1169    .data               CH57xBLE.lib(aes.o)
    0x20000070   COMPRESSED   0x00000004   Data   RW         1183    .data               CH57xBLE.lib(lle.o)
    0x20000074   COMPRESSED   0x00000008   Data   RW         1210    .data               CH57xBLE.lib(ip.o)
    0x2000007c   COMPRESSED   0x00000043   Data   RW         1281    .data               CH57xBLE.lib(role.o)
    0x200000bf   COMPRESSED   0x00000001   PAD
    0x200000c0   COMPRESSED   0x00000008   Data   RW         1296    .data               CH57xLWNS.lib(lwns.o)
    0x200000c8   COMPRESSED   0x00000006   Data   RW         1378    .data               CH57xLWNS.lib(lwns_addr.o)
    0x200000ce   COMPRESSED   0x00000002   PAD
    0x200000d0   COMPRESSED   0x0000001c   Data   RW         1444    .data               CH57xLWNS.lib(lwns_buffer.o)
    0x200000ec   COMPRESSED   0x00000004   Data   RW         1730    .data               CH57xLWNS.lib(lwns_route.o)
    0x200000f0   COMPRESSED   0x00000014   Data   RW         1731    .data               CH57xLWNS.lib(lwns_route.o)
    0x20000104   COMPRESSED   0x0000000c   Data   RW         1891    .data               CH57xBLE.lib(memory.o)
    0x20000110   COMPRESSED   0x00000004   Data   RW         1919    .data               CH57xBLE.lib(bb.o)
    0x20000114   COMPRESSED   0x00000004   Data   RW         1927    .data               CH57xBLE.lib(dma.o)
    0x20000118   COMPRESSED   0x00000004   Data   RW         1942    .data               CH57xBLE.lib(rfend.o)
    0x2000011c   COMPRESSED   0x00000004   Data   RW         2040    .data               CH57xBLE.lib(ll_connect.o)
    0x20000120   COMPRESSED   0x0000002a   Data   RW         2270    .data               CH57xBLE.lib(gap.o)
    0x2000014a   COMPRESSED   0x00000002   PAD
    0x2000014c   COMPRESSED   0x00000014   Data   RW         2351    .data               CH57xBLE.lib(gap_peripheral.o)
    0x20000160   COMPRESSED   0x0000000c   Data   RW         2422    .data               CH57xBLE.lib(gatt.o)
    0x2000016c   COMPRESSED   0x00000070   Data   RW         2549    .data               CH57xBLE.lib(gattservapp.o)
    0x200001dc   COMPRESSED   0x00000018   Data   RW         2662    .data               CH57xBLE.lib(l2cap.o)
    0x200001f4   COMPRESSED   0x00000008   Data   RW         2723    .data               CH57xBLE.lib(linkdb.o)
    0x200001fc   COMPRESSED   0x00000024   Data   RW         2833    .data               CH57xBLE.lib(sm.o)
    0x20000220   COMPRESSED   0x00000050   Data   RW         2962    .data               CH57xBLE.lib(gapbondmgr.o)
    0x20000270   COMPRESSED   0x00000004   Data   RW         3015    .data               CH57xBLE.lib(peripheral.o)
    0x20000274   COMPRESSED   0x00000004   Data   RW         3032    .data               CH57xBLE.lib(broadcaster.o)
    0x20000278   COMPRESSED   0x00000004   Data   RW         3104    .data               CH57xLWNS.lib(lwns_neighbor.o)
    0x2000027c   COMPRESSED   0x00000014   Data   RW         3105    .data               CH57xLWNS.lib(lwns_neighbor.o)
    0x20000290   COMPRESSED   0x00000004   Data   RW         3148    .data               CH57xLWNS.lib(lwns_port.o)
    0x20000294   COMPRESSED   0x00000004   Data   RW         3149    .data               CH57xLWNS.lib(lwns_port.o)
    0x20000298   COMPRESSED   0x00000004   Data   RW         3199    .data               CH57xBLE.lib(ll.o)
    0x2000029c   COMPRESSED   0x00000010   Data   RW         3716    .data               CH57xBLE.lib(host_input.o)
    0x200002ac   COMPRESSED   0x00000008   Data   RW         3759    .data               CH57xBLE.lib(att.o)
    0x200002b4   COMPRESSED   0x00000014   Data   RW         3939    .data               CH57xBLE.lib(gap_central.o)
    0x200002c8   COMPRESSED   0x000000b0   Data   RW         3973    .data               CH57xBLE.lib(gapgattserver.o)
    0x20000378   COMPRESSED   0x00000004   Data   RW         4437    .data               mc_p.l(stdout.o)
    0x2000037c        -       0x00002000   Zero   RW          642    .bss                app_main.o
    0x2000237c        -       0x0000078c   Zero   RW          749    .bss                lwns_adapter_blemesh_mac.o
    0x20002b08        -       0x000000dc   Zero   RW         1025    .bss                lwns_mesh_example.o
    0x20002be4        -       0x00000070   Zero   RW         1076    .bss                CH57xBLE.lib(tmos.o)
    0x20002c54        -       0x00000018   Zero   RW         1208    .bss                CH57xBLE.lib(ip.o)
    0x20002c6c        -       0x00000040   Zero   RW         1249    .bss                CH57xBLE.lib(rf_fh.o)
    0x20002cac        -       0x0000003f   Zero   RW         1280    .bss                CH57xBLE.lib(role.o)
    0x20002ceb   COMPRESSED   0x00000001   PAD
    0x20002cec        -       0x00000022   Zero   RW         1442    .bss                CH57xLWNS.lib(lwns_buffer.o)
    0x20002d0e   COMPRESSED   0x00000002   PAD
    0x20002d10        -       0x00000114   Zero   RW         1443    .bss                CH57xLWNS.lib(lwns_buffer.o)
    0x20002e24        -       0x00000014   Zero   RW         1628    .bss                CH57xLWNS.lib(lwns_htimer.o)
    0x20002e38        -       0x00000014   Zero   RW         1728    .bss                CH57xLWNS.lib(lwns_route.o)
    0x20002e4c        -       0x00000054   Zero   RW         2269    .bss                CH57xBLE.lib(gap.o)
    0x20002ea0        -       0x0000000c   Zero   RW         2350    .bss                CH57xBLE.lib(gap_peripheral.o)
    0x20002eac        -       0x00000036   Zero   RW         2547    .bss                CH57xBLE.lib(gattservapp.o)
    0x20002ee2        -       0x00000010   Zero   RW         2660    .bss                CH57xBLE.lib(l2cap.o)
    0x20002ef2   COMPRESSED   0x00000002   PAD
    0x20002ef4        -       0x00000030   Zero   RW         2661    .bss                CH57xBLE.lib(l2cap.o)
    0x20002f24        -       0x00000030   Zero   RW         2722    .bss                CH57xBLE.lib(linkdb.o)
    0x20002f54        -       0x00000020   Zero   RW         2961    .bss                CH57xBLE.lib(gapbondmgr.o)
    0x20002f74        -       0x00000020   Zero   RW         3014    .bss                CH57xBLE.lib(peripheral.o)
    0x20002f94        -       0x000000b0   Zero   RW         3197    .bss                CH57xBLE.lib(ll.o)
    0x20003044        -       0x0000000c   Zero   RW         3938    .bss                CH57xBLE.lib(gap_central.o)
    0x20003050        -       0x00000016   Zero   RW         3971    .bss                CH57xBLE.lib(gapgattserver.o)


==============================================================================

Image component sizes


      Code (inc. data)   RO Data    RW Data    ZI Data      Debug   Object Name

        76         14          0          0       8192      39216   app_main.o
       380         34          0          0          0       2794   ch57x_adc.o
      1748         62          0          0          0       7068   ch57x_clk.o
       792         16          0          2          0       3491   ch57x_flash.o
       336         22          0          0          0       1755   ch57x_gpio.o
       540         18          0          0          0       1783   ch57x_int.o
       408         12          0          0          0       1974   ch57x_pwr.o
       260         16          0          0          0       2563   ch57x_sys.o
       172          4          0          0          0       2081   ch57x_uart1.o
         0          0          0          0          0      87727   key.o
        26          0          0          0          0         72   led.o
      1452        300          3         36       1932       4381   lwns_adapter_blemesh_mac.o
       680        256         92         12        220       2625   lwns_mesh_example.o
        92          4          0         16          0       1472   lwns_sec.o
       472        122          0          1          0       7679   mcu.o
       116         12          0          4          0       1011   rtc.o
        28         10        144          0          0        584   startup_armcm0.o

    ----------------------------------------------------------------------
      7578        902        274         76      10344     168276   Object Totals
         0          0         32          0          0          0   (incl. Generated)
         0          0          3          5          0          0   (incl. Padding)

    ----------------------------------------------------------------------

      Code (inc. data)   RO Data    RW Data    ZI Data      Debug   Library Member Name

      1232         34          0          4          0        508   aes.o
       792        122          0          0          0       1740   api_c.o
       566         42         16          8          0        776   att.o
      1010         52          0          0          0       2088   att_server.o
        28         14          0          4          0         60   bb.o
         0          0          0          4          0          0   broadcaster.o
      3360        150          0          0          0       2096   ctl_input.o
       200          0          0          0          0       1260   ctl_output.o
        48         10          0          4          0         60   dma.o
      4178        250          0         42         84       3504   gap.o
      1656         86          0         20         12        728   gap_central.o
      1356        176          0         20         12        808   gap_peripheral.o
      5290        296          0         80         32       2720   gapbondmgr.o
      1042         88          8        176         22        376   gapgattserver.o
      1044         72          0         12          0       1012   gatt.o
         0          0         44          0          0          0   gatt_uuid.o
      6468        294         96        112         54       4196   gattservapp.o
      1346        106          0         16          0       1292   host_input.o
       300          6          0          0          0       1800   host_output.o
      2236        268         20          8         24        980   ip.o
      1486        124          0         24         64       1732   l2cap.o
      1378         26          0          0          0        820   l2cap_input.o
      1992         98          0          0          0       1296   l2cap_output.o
       476         36          0          0          0        724   l2cap_sdu.o
      1074        116          0          8         48       1420   linkdb.o
       508         44         23          4        176        216   ll.o
       416         14          0          0          0        156   ll_address.o
      2130        162          0          0          0        648   ll_advertise.o
      3900        206          0          4          0       2092   ll_connect.o
       520         50          0          0          0        492   ll_core.o
       190          0          0          0          0        136   ll_hop.o
        68         10          0          0          0         72   ll_initiate.o
      1456         22          0          0          0       1436   ll_pdu.o
      1266         18          0          0          0        156   ll_report.o
       730         46          0          0          0        728   ll_resolvinglist.o
        76         12          0          0          0         72   ll_scan.o
      5074        166         16          0          0        520   ll_slave.o
       212         18          0          0          0        280   ll_whitelist.o
       432         40          0          4          0        136   lle.o
       492         58          0         12          0        308   memory.o
       320         18          0          4          0        400   message.o
      1108        196          0          4         32        288   peripheral.o
      3222        236          0          0         64        956   rf_fh.o
      3522         30          0          4          0        360   rfend.o
       368         64          0         67         63        216   role.o
      7688        254         41         36          0       5500   sm.o
      1950        126          0         24        112       1700   tmos.o
       754        106          0          4          0        912   tmos_hw.o
       496         40          0          0          0        428   tmos_snv.o
       424         18         19          8          0      14801   lwns.o
        80         26          6          6          0       2521   lwns_addr.o
       118          8          6          0          0       2776   lwns_broadcast.o
       814         78          0         28        310      15752   lwns_buffer.o
       180         10          0          0         20       2555   lwns_htimer.o
       214          0          0          0          0       3405   lwns_list.o
       188          4          0          0          0       2095   lwns_memp.o
       712          8         38          0          0       5935   lwns_mesh.o
       408         12          0         24          0       3559   lwns_neighbor.o
       720         18         12          0          0       4869   lwns_netflood.o
      1032          6          0          0          0       7788   lwns_packetassembly.o
       128          4          0          8          0       2057   lwns_port.o
       428         12          8          0          0       4161   lwns_rgossip.o
       988         26         20         24         20       7240   lwns_route.o
       200         12         24          0          0       3270   lwns_unicast.o
        86          0          0          0          0          0   __dczerorl2.o
         0          0          0          0          0          0   entry.o
         0          0          0          0          0          0   entry10a.o
         0          0          0          0          0          0   entry11a.o
         4          0          0          0          0          0   entry12b.o
         8          4          0          0          0          0   entry2.o
         4          0          0          0          0          0   entry5.o
         0          0          0          0          0          0   entry7b.o
         0          0          0          0          0          0   entry8b.o
         8          4          0          0          0          0   entry9a.o
        30          0          0          0          0          0   handlers.o
        40          0          0          0          0         72   idiv.o
        36          8          0          0          0         68   init.o
       122          0          0          0          0         84   llmul.o
        32          0          0          0          0         68   llshl.o
        34          0          0          0          0         68   llushr.o
        36          0          0          0          0         60   memcpya.o
      1172         52          0          0          0        324   printf8.o
         0          0          0          4          0          0   stdout.o
        44          0          0          0          0         72   uidiv.o
        96          0          0          0          0         84   uldiv.o

    ----------------------------------------------------------------------
     83940       4712        404        816       1156     133888   Library Totals
        98          0          7          5          7          0   (incl. Padding)

    ----------------------------------------------------------------------

      Code (inc. data)   RO Data    RW Data    ZI Data      Debug   Library Name

     75456       4402        264        709        799      50204   CH57xBLE.lib
      6634        242        133         98        350      82784   CH57xLWNS.lib
      1752         68          0          4          0        900   mc_p.l

    ----------------------------------------------------------------------
     83940       4712        404        816       1156     133888   Library Totals

    ----------------------------------------------------------------------

==============================================================================


      Code (inc. data)   RO Data    RW Data    ZI Data      Debug   

     91518       5614        678        892      11500     267452   Grand Totals
     91518       5614        678        284      11500     267452   ELF Image Totals (compressed)
     91518       5614        678        284          0          0   ROM Totals

==============================================================================

    Total RO  Size (Code + RO Data)                92196 (  90.04kB)
    Total RW  Size (RW Data + ZI Data)             12392 (  12.10kB)
    Total ROM Size (Code + RO Data + RW Data)      92480 (  90.31kB)

==============================================================================

