Component: ARM Compiler 5.06 update 7 (build 960) Tool: armlink [4d3601]

==============================================================================

Section Cross References

    startup_armcm0.o(RESET) refers to startup_armcm0.o(.text) for Reset_Handler
    startup_armcm0.o(RESET) refers to ch57x_int.o(.text) for NMI_Handler
    startup_armcm0.o(RESET) refers to pt_ports.o(.text) for SysTick_Handler
    startup_armcm0.o(RESET) refers to mcu.o(.text) for LLE_IRQHandler
    startup_armcm0.o(RESET) refers to rtc.o(.text) for RTC_IRQHandler
    startup_armcm0.o(.text) refers to ch57x_clk.o(.text) for SystemInit
    startup_armcm0.o(.text) refers to entry.o(.ARM.Collect$$$$00000000) for __main
    key.o(.text) refers to tmos.o(i.tmos_start_task) for tmos_start_task
    key.o(.text) refers to key.o(.data) for .data
    key.o(.text) refers to mcu.o(.data) for halTaskID
    led.o(.text) refers to led.o(i.__ARM_common_switch8) for __ARM_common_switch8
    led.o(.text) refers to tmos.o(i.TMOS_GetSystemClock) for TMOS_GetSystemClock
    led.o(.text) refers to tmos.o(i.tmos_start_task) for tmos_start_task
    led.o(.text) refers to uidiv.o(.text) for __aeabi_uidivmod
    led.o(.text) refers to led.o(.data) for .data
    led.o(.text) refers to led.o(.bss) for .bss
    led.o(.text) refers to mcu.o(.data) for halTaskID
    mcu.o(.text) refers to ch57x_clk.o(.text) for Calibration_LSI
    mcu.o(.text) refers to ch57x_adc.o(.text) for ADC_InterTSSampInit
    mcu.o(.text) refers to tmos.o(i.tmos_memcmp) for tmos_memcmp
    mcu.o(.text) refers to tmos.o(i.tmos_memset) for tmos_memset
    mcu.o(.text) refers to tmos.o(i.BLE_LibInit) for BLE_LibInit
    mcu.o(.text) refers to printf8.o(i.__0printf$8) for __2printf
    mcu.o(.text) refers to message.o(i.tmos_msg_receive) for tmos_msg_receive
    mcu.o(.text) refers to message.o(i.tmos_msg_deallocate) for tmos_msg_deallocate
    mcu.o(.text) refers to ip.o(i.BLE_RegInit) for BLE_RegInit
    mcu.o(.text) refers to tmos.o(i.tmos_start_task) for tmos_start_task
    mcu.o(.text) refers to tmos.o(i.TMOS_ProcessEventRegister) for TMOS_ProcessEventRegister
    mcu.o(.text) refers to rtc.o(.text) for HAL_TimeInit
    mcu.o(.text) refers to lle.o(i.BLE_IRQHandler) for BLE_IRQHandler
    mcu.o(.text) refers to ip.o(.constdata) for VER_LIB
    mcu.o(.text) refers to peripheral_main.o(.bss) for MEM_BUF
    mcu.o(.text) refers to ch57x_sys.o(.text) for SYS_GetSysTickCnt
    mcu.o(.text) refers to mcu.o(.data) for .data
    rtc.o(.text) refers to ch57x_clk.o(.text) for RTC_InitTime
    rtc.o(.text) refers to tmos_hw.o(i.TMOS_TimerInit) for TMOS_TimerInit
    rtc.o(.text) refers to rtc.o(.data) for .data
    ch57x_adc.o(.text) refers to idiv.o(.text) for __aeabi_idivmod
    ch57x_clk.o(.text) refers to ch57x_sys.o(.text) for mDelayuS
    ch57x_clk.o(.text) refers to ch57x_pwr.o(.text) for PowerMonitor
    ch57x_clk.o(.text) refers to led.o(i.__ARM_common_switch8) for __ARM_common_switch8
    ch57x_clk.o(.text) refers to uidiv.o(.text) for __aeabi_uidivmod
    ch57x_clk.o(.text) refers to idiv.o(.text) for __aeabi_idivmod
    ch57x_flash.o(.text) refers to ch57x_pwr.o(.text) for PowerMonitor
    ch57x_flash.o(.text) refers to ch57x_flash.o(.data) for .data
    ch57x_gpio.o(.text) refers to led.o(i.__ARM_common_switch8) for __ARM_common_switch8
    ch57x_int.o(.text) refers to ch57x_pwr.o(.text) for PowerMonitor
    ch57x_pwm.o(.text) refers to led.o(i.__ARM_common_switch8) for __ARM_common_switch8
    ch57x_pwr.o(.text) refers to ch57x_sys.o(.text) for mDelayuS
    ch57x_uart0.o(.text) refers to ch57x_clk.o(.text) for GetSysClock
    ch57x_uart0.o(.text) refers to uidiv.o(.text) for __aeabi_uidivmod
    ch57x_uart1.o(.text) refers to ch57x_clk.o(.text) for GetSysClock
    ch57x_uart1.o(.text) refers to uidiv.o(.text) for __aeabi_uidivmod
    ch57x_uart2.o(.text) refers to ch57x_clk.o(.text) for GetSysClock
    ch57x_uart2.o(.text) refers to uidiv.o(.text) for __aeabi_uidivmod
    ch57x_uart3.o(.text) refers to ch57x_clk.o(.text) for GetSysClock
    ch57x_uart3.o(.text) refers to uidiv.o(.text) for __aeabi_uidivmod
    ch57x_usbdev.o(.text) refers to ch57x_usbdev.o(.data) for .data
    memb.o(.text) refers to memseta.o(.text) for __aeabi_memclr
    ctimer.o(.text) refers to list.o(.text) for list_head
    ctimer.o(.text) refers to etimer.o(.text) for etimer_set
    ctimer.o(.text) refers to process.o(.text) for process_start
    ctimer.o(.text) refers to ctimer.o(.data) for .data
    ctimer.o(.text) refers to process.o(.data) for process_current
    ctimer.o(.data) refers to ctimer.o(.data) for ctimer_list_list
    ctimer.o(.data) refers to ctimer.o(.text) for process_thread_ctimer_process
    etimer.o(.text) refers to pt_ports.o(.text) for protothread_clock_time
    etimer.o(.text) refers to process.o(.text) for process_poll
    etimer.o(.text) refers to timer.o(.text) for timer_expired
    etimer.o(.text) refers to etimer.o(.data) for .data
[...]
    0x00005088   0x00005088   0x00000050   Code   RO         1332    i.GAP_Signable      CH57xBLE.lib(gap.o)
    0x000050d8   0x000050d8   0x00000020   Code   RO         1333    i.GAP_TerminateAuth  CH57xBLE.lib(gap.o)
    0x000050f8   0x000050f8   0x00000088   Code   RO         1334    i.GAP_TerminateLinkReq  CH57xBLE.lib(gap.o)
    0x00005180   0x00005180   0x00000090   Code   RO         2813    i.GAP_UpdateAdvertisingData  CH57xBLE.lib(gap_peripheral.o)
    0x00005210   0x00005210   0x0000002c   Code   RO         1569    i.GATTServApp_AddService  CH57xBLE.lib(gattservapp.o)
    0x0000523c   0x0000523c   0x00000068   Code   RO         1573    i.GATTServApp_Init  CH57xBLE.lib(gattservapp.o)
    0x000052a4   0x000052a4   0x00000030   Code   RO         1574    i.GATTServApp_InitCharCfg  CH57xBLE.lib(gattservapp.o)
    0x000052d4   0x000052d4   0x0000009c   Code   RO         1575    i.GATTServApp_ParamInit  CH57xBLE.lib(gattservapp.o)
    0x00005370   0x00005370   0x0000004a   Code   RO         1576    i.GATTServApp_ProcessCCCWriteReq  CH57xBLE.lib(gattservapp.o)
    0x000053ba   0x000053ba   0x00000002   PAD
    0x000053bc   0x000053bc   0x00000048   Code   RO         1578    i.GATTServApp_ProcessEvent  CH57xBLE.lib(gattservapp.o)
    0x00005404   0x00005404   0x00000228   Code   RO         1579    i.GATTServApp_ReadAttr  CH57xBLE.lib(gattservapp.o)
    0x0000562c   0x0000562c   0x0000000e   Code   RO         1580    i.GATTServApp_ReadCharCfg  CH57xBLE.lib(gattservapp.o)
    0x0000563a   0x0000563a   0x00000002   PAD
    0x0000563c   0x0000563c   0x0000000c   Code   RO         1581    i.GATTServApp_RegisterForMsg  CH57xBLE.lib(gattservapp.o)
    0x00005648   0x00005648   0x00000064   Code   RO         1582    i.GATTServApp_RegisterService  CH57xBLE.lib(gattservapp.o)
    0x000056ac   0x000056ac   0x00000038   Code   RO         1583    i.GATTServApp_SendCCCUpdatedEvent  CH57xBLE.lib(gattservapp.o)
    0x000056e4   0x000056e4   0x00000024   Code   RO         1584    i.GATTServApp_SendServiceChangedInd  CH57xBLE.lib(gattservapp.o)
    0x00005708   0x00005708   0x00000018   Code   RO         1586    i.GATTServApp_UpdateCharCfg  CH57xBLE.lib(gattservapp.o)
    0x00005720   0x00005720   0x00000078   Code   RO         1587    i.GATTServApp_WriteAttr  CH57xBLE.lib(gattservapp.o)
    0x00005798   0x00005798   0x0000002c   Code   RO         1588    i.GATTServApp_WriteCharCfg  CH57xBLE.lib(gattservapp.o)
    0x000057c4   0x000057c4   0x0000002a   Code   RO         1468    i.GATT_AppCompletedMsg  CH57xBLE.lib(gatt.o)
    0x000057ee   0x000057ee   0x00000002   PAD
    0x000057f0   0x000057f0   0x00000048   Code   RO         1590    i.GATT_FindHandle   CH57xBLE.lib(gattservapp.o)
    0x00005838   0x00005838   0x00000074   Code   RO         1591    i.GATT_FindHandleUUID  CH57xBLE.lib(gattservapp.o)
    0x000058ac   0x000058ac   0x00000094   Code   RO         1592    i.GATT_FindNextAttr  CH57xBLE.lib(gattservapp.o)
    0x00005940   0x00005940   0x00000068   Code   RO         1594    i.GATT_Indication   CH57xBLE.lib(gattservapp.o)
    0x000059a8   0x000059a8   0x0000002c   Code   RO         1476    i.GATT_Init         CH57xBLE.lib(gatt.o)
    0x000059d4   0x000059d4   0x00000050   Code   RO         1595    i.GATT_InitServer   CH57xBLE.lib(gattservapp.o)
    0x00005a24   0x00005a24   0x00000058   Code   RO         1596    i.GATT_Notification  CH57xBLE.lib(gattservapp.o)
    0x00005a7c   0x00005a7c   0x00000038   Code   RO         1477    i.GATT_NotifyEvent  CH57xBLE.lib(gatt.o)
    0x00005ab4   0x00005ab4   0x000000f4   Code   RO         1478    i.GATT_ProcessEvent  CH57xBLE.lib(gatt.o)
    0x00005ba8   0x00005ba8   0x0000000c   Code   RO         1486    i.GATT_RegisterForPeriMsgs  CH57xBLE.lib(gatt.o)
    0x00005bb4   0x00005bb4   0x000000b8   Code   RO         1598    i.GATT_RegisterService  CH57xBLE.lib(gattservapp.o)
    0x00005c6c   0x00005c6c   0x00000078   Code   RO         1489    i.GATT_ServiceChangedInd  CH57xBLE.lib(gatt.o)
    0x00005ce4   0x00005ce4   0x00000012   Code   RO         1599    i.GATT_ServiceEncKeySize  CH57xBLE.lib(gattservapp.o)
    0x00005cf6   0x00005cf6   0x0000000e   Code   RO         1600    i.GATT_ServiceNumAttrs  CH57xBLE.lib(gattservapp.o)
    0x00005d04   0x00005d04   0x0000004c   Code   RO         1492    i.GATT_UpdateMTU    CH57xBLE.lib(gatt.o)
    0x00005d50   0x00005d50   0x00000052   Code   RO         1601    i.GATT_VerifyPrepareWritePermissions  CH57xBLE.lib(gattservapp.o)
    0x00005da2   0x00005da2   0x00000056   Code   RO         1602    i.GATT_VerifyReadPermissions  CH57xBLE.lib(gattservapp.o)
    0x00005df8   0x00005df8   0x00000064   Code   RO         1603    i.GATT_VerifyWritePermissions  CH57xBLE.lib(gattservapp.o)
    0x00005e5c   0x00005e5c   0x0000008c   Code   RO         1498    i.GATT_bm_alloc     CH57xBLE.lib(gatt.o)
    0x00005ee8   0x00005ee8   0x00000010   Code   RO         1499    i.GATT_bm_free      CH57xBLE.lib(gatt.o)
    0x00005ef8   0x00005ef8   0x0000002c   Code   RO         1438    i.GGS_AddService    CH57xBLE.lib(gapgattserver.o)
    0x00005f24   0x00005f24   0x00000128   Code   RO         1442    i.GGS_ParamInit     CH57xBLE.lib(gapgattserver.o)
    0x0000604c   0x0000604c   0x00000094   Code   RO         1445    i.GGS_SetParameter  CH57xBLE.lib(gapgattserver.o)
    0x000060e0   0x000060e0   0x0000004c   Code   RO         1280    i.GetTxPower        CH57xBLE.lib(ip.o)
    0x0000612c   0x0000612c   0x00000002   Code   RO         3369    i.HCI_AuthenticatedPayloadTimeoutExpiredCback  CH57xBLE.lib(ctl_output.o)
    0x0000612e   0x0000612e   0x00000008   Code   RO         3370    i.HCI_CommandCompleteCback  CH57xBLE.lib(ctl_output.o)
    0x00006136   0x00006136   0x00000008   Code   RO         3371    i.HCI_CommandStatusCback  CH57xBLE.lib(ctl_output.o)
    0x0000613e   0x0000613e   0x00000008   Code   RO         3372    i.HCI_DataBufferOverflowCback  CH57xBLE.lib(ctl_output.o)
    0x00006146   0x00006146   0x00000008   Code   RO         2492    i.HCI_DisconnectCmd  CH57xBLE.lib(host_output.o)
    0x0000614e   0x0000614e   0x00000008   Code   RO         3373    i.HCI_DisconnectionCompleteCback  CH57xBLE.lib(ctl_output.o)
    0x00006156   0x00006156   0x00000008   Code   RO         3374    i.HCI_EncryptionChangeCback  CH57xBLE.lib(ctl_output.o)
    0x0000615e   0x0000615e   0x00000008   Code   RO         3375    i.HCI_EncryptionKeyRefreshCompleteCback  CH57xBLE.lib(ctl_output.o)
    0x00006166   0x00006166   0x0000000a   Code   RO         2494    i.HCI_HostNumCompletedPktCmd  CH57xBLE.lib(host_output.o)
    0x00006170   0x00006170   0x00000008   Code   RO         2495    i.HCI_LE_AddDeviceToResolvingList  CH57xBLE.lib(host_output.o)
    0x00006178   0x00006178   0x00000008   Code   RO         2496    i.HCI_LE_AddWhiteListCmd  CH57xBLE.lib(host_output.o)
    0x00006180   0x00006180   0x00000008   Code   RO         2497    i.HCI_LE_ClearResolvingList  CH57xBLE.lib(host_output.o)
    0x00006188   0x00006188   0x00000008   Code   RO         2498    i.HCI_LE_ClearWhiteListCmd  CH57xBLE.lib(host_output.o)
    0x00006190   0x00006190   0x00000010   Code   RO         2499    i.HCI_LE_ConnUpdateCmd  CH57xBLE.lib(host_output.o)
    0x000061a0   0x000061a0   0x0000001a   Code   RO         3378    i.HCI_LE_ConnectionCompleteCback  CH57xBLE.lib(ctl_output.o)
    0x000061ba   0x000061ba   0x0000000c   Code   RO         3379    i.HCI_LE_ConnectionUpdateCompleteCback  CH57xBLE.lib(ctl_output.o)
    0x000061c6   0x000061c6   0x00000008   Code   RO         2500    i.HCI_LE_CreateConnCancelCmd  CH57xBLE.lib(host_output.o)
    0x000061ce   0x000061ce   0x0000000c   Code   RO         3380    i.HCI_LE_DataLengthChangeCback  CH57xBLE.lib(ctl_output.o)
    0x000061da   0x000061da   0x00000020   Code   RO         3382    i.HCI_LE_EnhancedConnectionCompleteCback  CH57xBLE.lib(ctl_output.o)
    0x000061fa   0x000061fa   0x00000008   Code   RO         3384    i.HCI_LE_LongTermKeyRequestCback  CH57xBLE.lib(ctl_output.o)
    0x00006202   0x00006202   0x00000008   Code   RO         2502    i.HCI_LE_LtkReqNegReplyCmd  CH57xBLE.lib(host_output.o)
    0x0000620a   0x0000620a   0x00000008   Code   RO         2503    i.HCI_LE_LtkReqReplyCmd  CH57xBLE.lib(host_output.o)
    0x00006212   0x00006212   0x00000008   Code   RO         2504    i.HCI_LE_RandCmd    CH57xBLE.lib(host_output.o)
    0x0000621a   0x0000621a   0x00000008   Code   RO         2505    i.HCI_LE_ReadBufSizeCmd  CH57xBLE.lib(host_output.o)
    0x00006222   0x00006222   0x00000008   Code   RO         3386    i.HCI_LE_ReadRemoteUsedFeaturesCompleteCback  CH57xBLE.lib(ctl_output.o)
    0x0000622a   0x0000622a   0x00000008   Code   RO         2510    i.HCI_LE_RemoteConnParamReqNegReplyCmd  CH57xBLE.lib(host_output.o)
    0x00006232   0x00006232   0x00000010   Code   RO         2511    i.HCI_LE_RemoteConnParamReqReplyCmd  CH57xBLE.lib(host_output.o)
    0x00006242   0x00006242   0x0000000c   Code   RO         3387    i.HCI_LE_RemoteConnectionParameterRequestCback  CH57xBLE.lib(ctl_output.o)
    0x0000624e   0x0000624e   0x00000008   Code   RO         2513    i.HCI_LE_SetAddressResolvableEnableCmd  CH57xBLE.lib(host_output.o)
    0x00006256   0x00006256   0x00000008   Code   RO         2514    i.HCI_LE_SetAdvDataCmd  CH57xBLE.lib(host_output.o)
    0x0000625e   0x0000625e   0x00000008   Code   RO         2515    i.HCI_LE_SetAdvEnableCmd  CH57xBLE.lib(host_output.o)
    0x00006266   0x00006266   0x00000016   Code   RO         2516    i.HCI_LE_SetAdvParamCmd  CH57xBLE.lib(host_output.o)
    0x0000627c   0x0000627c   0x00000008   Code   RO         2519    i.HCI_LE_SetRandomAddressCmd  CH57xBLE.lib(host_output.o)
    0x00006284   0x00006284   0x00000008   Code   RO         2520    i.HCI_LE_SetResolvableAddressTimeoutCmd  CH57xBLE.lib(host_output.o)
    0x0000628c   0x0000628c   0x00000008   Code   RO         2521    i.HCI_LE_SetScanEnableCmd  CH57xBLE.lib(host_output.o)
    0x00006294   0x00006294   0x00000008   Code   RO         2523    i.HCI_LE_SetScanRspDataCmd  CH57xBLE.lib(host_output.o)
    0x0000629c   0x0000629c   0x00000010   Code   RO         2524    i.HCI_LE_StartEncyptCmd  CH57xBLE.lib(host_output.o)
    0x000062ac   0x000062ac   0x00000008   Code   RO         2525    i.HCI_MB_DisconnectCmd  CH57xBLE.lib(host_output.o)
    0x000062b4   0x000062b4   0x00000008   Code   RO         3388    i.HCI_NumberOfCompletedPacketsCback  CH57xBLE.lib(ctl_output.o)
    0x000062bc   0x000062bc   0x00000008   Code   RO         2526    i.HCI_ReadBDADDRCmd  CH57xBLE.lib(host_output.o)
    0x000062c4   0x000062c4   0x0000000c   Code   RO         3389    i.HCI_ReadRemoteVersionInfoCback  CH57xBLE.lib(ctl_output.o)
    0x000062d0   0x000062d0   0x00000008   Code   RO         2530    i.HCI_ReadRssiCmd   CH57xBLE.lib(host_output.o)
    0x000062d8   0x000062d8   0x0000000c   Code   RO         3390    i.HCI_RemoteConnectionParameterRequestCback  CH57xBLE.lib(ctl_output.o)
    0x000062e4   0x000062e4   0x00000008   Code   RO         3391    i.HCI_RxDataCompleteCback  CH57xBLE.lib(ctl_output.o)
    0x000062ec   0x000062ec   0x00000008   Code   RO         2533    i.HCI_SendDataPkt   CH57xBLE.lib(host_output.o)
    0x000062f4   0x000062f4   0x0000003c   Code   RO         2537    i.HCI_ValidConnTimeParams  CH57xBLE.lib(host_output.o)
    0x00006330   0x00006330   0x00000040   Code   RO         2443    i.HOST_CommandCompleteEvent  CH57xBLE.lib(host_input.o)
    0x00006370   0x00006370   0x00000030   Code   RO         2444    i.HOST_CommandStatusEvent  CH57xBLE.lib(host_input.o)
    0x000063a0   0x000063a0   0x00000028   Code   RO         2445    i.HOST_DataBufferOverflowEvent  CH57xBLE.lib(host_input.o)
    0x000063c8   0x000063c8   0x00000030   Code   RO         2446    i.HOST_DisconnectionCompleteEvent  CH57xBLE.lib(host_input.o)
    0x000063f8   0x000063f8   0x00000034   Code   RO         2447    i.HOST_EncryptionChangeEvent  CH57xBLE.lib(host_input.o)
    0x0000642c   0x0000642c   0x0000002c   Code   RO         2448    i.HOST_EncryptionKeyRefreshCompleteEvent  CH57xBLE.lib(host_input.o)
    0x00006458   0x00006458   0x00000080   Code   RO         2451    i.HOST_LE_ConnectionCompleteEvent  CH57xBLE.lib(host_input.o)
    0x000064d8   0x000064d8   0x0000003c   Code   RO         2452    i.HOST_LE_ConnectionUpdateCompleteEvent  CH57xBLE.lib(host_input.o)
    0x00006514   0x00006514   0x0000003c   Code   RO         2453    i.HOST_LE_DataLengthChangeEvent  CH57xBLE.lib(host_input.o)
    0x00006550   0x00006550   0x000000b4   Code   RO         2455    i.HOST_LE_EnhancedConnectionCompleteEvent  CH57xBLE.lib(host_input.o)
    0x00006604   0x00006604   0x0000003c   Code   RO         2457    i.HOST_LE_LongTermKeyRequestEvent  CH57xBLE.lib(host_input.o)
    0x00006640   0x00006640   0x0000003c   Code   RO         2459    i.HOST_LE_ReadRemoteUsedFeaturesCompleteEvent  CH57xBLE.lib(host_input.o)
    0x0000667c   0x0000667c   0x0000003c   Code   RO         2460    i.HOST_LE_RemoteConnectionParameterRequestEvent  CH57xBLE.lib(host_input.o)
    0x000066b8   0x000066b8   0x00000030   Code   RO         2461    i.HOST_NumberOfCompletedPacketsEvent  CH57xBLE.lib(host_input.o)
    0x000066e8   0x000066e8   0x00000038   Code   RO         2462    i.HOST_ReadRemoteVersionInfoEvent  CH57xBLE.lib(host_input.o)
    0x00006720   0x00006720   0x00000124   Code   RO         2463    i.HOST_RecvDataPackets  CH57xBLE.lib(host_input.o)
    0x00006844   0x00006844   0x0000002e   Code   RO         2464    i.HOST_RemoteConnectionParameterRequestEvent  CH57xBLE.lib(host_input.o)
    0x00006872   0x00006872   0x00000002   PAD
    0x00006874   0x00006874   0x00000018   Code   RO         2958    i.L2CAP_CmdReject   CH57xBLE.lib(l2cap_sdu.o)
    0x0000688c   0x0000688c   0x0000001c   Code   RO         2959    i.L2CAP_ConnParamUpdateReq  CH57xBLE.lib(l2cap_sdu.o)
    0x000068a8   0x000068a8   0x00000018   Code   RO         2960    i.L2CAP_ConnParamUpdateRsp  CH57xBLE.lib(l2cap_sdu.o)
    0x000068c0   0x000068c0   0x00000028   Code   RO         2962    i.L2CAP_DisconnectReq  CH57xBLE.lib(l2cap_sdu.o)
    0x000068e8   0x000068e8   0x0000000c   Code   RO         2885    i.L2CAP_GetMTU      CH57xBLE.lib(l2cap.o)
    0x000068f4   0x000068f4   0x00000018   Code   RO         2886    i.L2CAP_HostNumCompletedPkts  CH57xBLE.lib(l2cap.o)
    0x0000690c   0x0000690c   0x000000b0   Code   RO         2887    i.L2CAP_Init        CH57xBLE.lib(l2cap.o)
    0x000069bc   0x000069bc   0x0000003e   Code   RO         2888    i.L2CAP_ParseConnectReq  CH57xBLE.lib(l2cap.o)
    0x000069fa   0x000069fa   0x00000020   Code   RO         2889    i.L2CAP_ParseFlowCtrlCredit  CH57xBLE.lib(l2cap.o)
    0x00006a1a   0x00006a1a   0x00000034   Code   RO         3425    i.L2CAP_ParseParamUpdateReq  CH57xBLE.lib(l2cap_input.o)
    0x00006a4e   0x00006a4e   0x00000002   PAD
    0x00006a50   0x00006a50   0x00000090   Code   RO         2891    i.L2CAP_ProcessEvent  CH57xBLE.lib(l2cap.o)
    0x00006ae0   0x00006ae0   0x0000002c   Code   RO         2894    i.L2CAP_RegisterApp  CH57xBLE.lib(l2cap.o)
    0x00006b0c   0x00006b0c   0x0000007c   Code   RO         3453    i.L2CAP_SendData    CH57xBLE.lib(l2cap_output.o)
    0x00006b88   0x00006b88   0x00000010   Code   RO         2896    i.L2CAP_SetBufSize  CH57xBLE.lib(l2cap.o)
    0x00006b98   0x00006b98   0x00000020   Code   RO         2899    i.L2CAP_bm_alloc    CH57xBLE.lib(l2cap.o)
    0x00006bb8   0x00006bb8   0x00000038   Code   RO         1266    i.LLE_DevInit       CH57xBLE.lib(lle.o)
    0x00006bf0   0x00006bf0   0x00000094   Code   RO         2174    i.LL_AddDeviceToResolvingList  CH57xBLE.lib(ctl_input.o)
    0x00006c84   0x00006c84   0x00000078   Code   RO         2175    i.LL_AddWhiteListDevice  CH57xBLE.lib(ctl_input.o)
    0x00006cfc   0x00006cfc   0x00000084   Code   RO         3494    i.LL_AddrGenerateResolvableAddress  CH57xBLE.lib(ll_address.o)
    0x00006d80   0x00006d80   0x0000011c   Code   RO         3495    i.LL_AddrInit       CH57xBLE.lib(ll_address.o)
    0x00006e9c   0x00006e9c   0x00000012   Code   RO         2012    i.LL_AdvertiseDirectTimeout  CH57xBLE.lib(ll_advertise.o)
    0x00006eae   0x00006eae   0x00000002   PAD
    0x00006eb0   0x00006eb0   0x0000002c   Code   RO         2013    i.LL_AdvertiseEnalbe  CH57xBLE.lib(ll_advertise.o)
    0x00006edc   0x00006edc   0x00000038   Code   RO         2015    i.LL_AdvertiseToStandby  CH57xBLE.lib(ll_advertise.o)
    0x00006f14   0x00006f14   0x0000000a   Code   RO         2176    i.LL_ClearResolvingList  CH57xBLE.lib(ctl_input.o)
    0x00006f1e   0x00006f1e   0x00000002   PAD
    0x00006f20   0x00006f20   0x0000004c   Code   RO         2177    i.LL_ClearWhiteList  CH57xBLE.lib(ctl_input.o)
    0x00006f6c   0x00006f6c   0x00000100   Code   RO         2178    i.LL_ConnUpdate     CH57xBLE.lib(ctl_input.o)
    0x0000706c   0x0000706c   0x00000022   Code   RO         2063    i.LL_ConnectFlowcontrolRx  CH57xBLE.lib(ll_connect.o)
    0x0000708e   0x0000708e   0x00000022   Code   RO         2064    i.LL_ConnectFlowcontrolTx  CH57xBLE.lib(ll_connect.o)
    0x000070b0   0x000070b0   0x00000084   Code   RO         2065    i.LL_ConnectFreeTmosPrioritID  CH57xBLE.lib(ll_connect.o)
    0x00007134   0x00007134   0x0000002e   Code   RO         2066    i.LL_ConnectRxPktnumIncrease  CH57xBLE.lib(ll_connect.o)
    0x00007162   0x00007162   0x00000002   PAD
    0x00007164   0x00007164   0x00000094   Code   RO         2067    i.LL_ConnectShut    CH57xBLE.lib(ll_connect.o)
    0x000071f8   0x000071f8   0x0000007c   Code   RO         2068    i.LL_ConnectToStandby  CH57xBLE.lib(ll_connect.o)
    0x00007274   0x00007274   0x0000003c   Code   RO         2069    i.LL_ConnectTxPktnumIncrease  CH57xBLE.lib(ll_connect.o)
    0x000072b0   0x000072b0   0x0000006c   Code   RO         3248    i.LL_ConnectionParamReq  CH57xBLE.lib(ll_pdu.o)
    0x0000731c   0x0000731c   0x00000060   Code   RO         3249    i.LL_ConnectionParamRsp  CH57xBLE.lib(ll_pdu.o)
    0x0000737c   0x0000737c   0x00000060   Code   RO         3209    i.LL_CoreClose      CH57xBLE.lib(ll_core.o)
    0x000073dc   0x000073dc   0x00000020   Code   RO         3210    i.LL_CoreDataListFree  CH57xBLE.lib(ll_core.o)
    0x000073fc   0x000073fc   0x0000007c   Code   RO         3211    i.LL_CoreDataListInit  CH57xBLE.lib(ll_core.o)
    0x00007478   0x00007478   0x00000020   Code   RO         3212    i.LL_CoreGetCore    CH57xBLE.lib(ll_core.o)
    0x00007498   0x00007498   0x00000038   Code   RO         3213    i.LL_CoreGetDataList  CH57xBLE.lib(ll_core.o)
    0x000074d0   0x000074d0   0x00000014   Code   RO         3214    i.LL_CoreInit       CH57xBLE.lib(ll_core.o)
    0x000074e4   0x000074e4   0x000000a0   Code   RO         3215    i.LL_CoreOpen       CH57xBLE.lib(ll_core.o)
    0x00007584   0x00007584   0x00000020   Code   RO         2180    i.LL_CreateConnCancel  CH57xBLE.lib(ctl_input.o)
    0x000075a4   0x000075a4   0x00000030   Code   RO         2181    i.LL_Disconnect     CH57xBLE.lib(ctl_input.o)
    0x000075d4   0x000075d4   0x00000040   Code   RO         3252    i.LL_EncRsp         CH57xBLE.lib(ll_pdu.o)
    0x00007614   0x00007614   0x000000c2   Code   RO         1960    i.LL_Encrypt        CH57xBLE.lib(aes.o)
    0x000076d6   0x000076d6   0x00000034   Code   RO         3254    i.LL_FeatureRsp     CH57xBLE.lib(ll_pdu.o)
    0x0000770a   0x0000770a   0x00000002   PAD
    0x0000770c   0x0000770c   0x000000c0   Code   RO         2070    i.LL_GetNextConnectEventTime  CH57xBLE.lib(ll_connect.o)
    0x000077cc   0x000077cc   0x000000b8   Code   RO         3316    i.LL_HopGetChannel  CH57xBLE.lib(ll_hop.o)
    0x00007884   0x00007884   0x00000006   Code   RO         3317    i.LL_HopInit        CH57xBLE.lib(ll_hop.o)
    0x0000788a   0x0000788a   0x00000002   PAD
    0x0000788c   0x0000788c   0x000000cc   Code   RO         3196    i.LL_Init           CH57xBLE.lib(ll.o)
    0x00007958   0x00007958   0x00000044   Code   RO         3229    i.LL_InitiateToStandby  CH57xBLE.lib(ll_initiate.o)
    0x0000799c   0x0000799c   0x0000001c   Code   RO         2182    i.LL_LE_ReadBufSize  CH57xBLE.lib(ctl_input.o)
    0x000079b8   0x000079b8   0x0000007a   Code   RO         3255    i.LL_LengthReq      CH57xBLE.lib(ll_pdu.o)
    0x00007a32   0x00007a32   0x00000068   Code   RO         3256    i.LL_LengthRsp      CH57xBLE.lib(ll_pdu.o)
    0x00007a9a   0x00007a9a   0x00000032   Code   RO         2184    i.LL_LtkReqNegReply  CH57xBLE.lib(ctl_input.o)
    0x00007acc   0x00007acc   0x00000080   Code   RO         2185    i.LL_LtkReqReply    CH57xBLE.lib(ctl_input.o)
    0x00007b4c   0x00007b4c   0x0000001e   Code   RO         2186    i.LL_MD_Disconnect  CH57xBLE.lib(ctl_input.o)
    0x00007b6a   0x00007b6a   0x0000001c   Code   RO         3258    i.LL_PauseEncRsp    CH57xBLE.lib(ll_pdu.o)
    0x00007b86   0x00007b86   0x00000026   Code   RO         3259    i.LL_PingReq        CH57xBLE.lib(ll_pdu.o)
    0x00007bac   0x00007bac   0x00000018   Code   RO         3260    i.LL_PingRsp        CH57xBLE.lib(ll_pdu.o)
    0x00007bc4   0x00007bc4   0x00000108   Code   RO         3197    i.LL_ProcessEvent   CH57xBLE.lib(ll.o)
    0x00007ccc   0x00007ccc   0x000004c6   Code   RO         3307    i.LL_ProcessTMOSReportMsg  CH57xBLE.lib(ll_report.o)
    0x00008192   0x00008192   0x0000001c   Code   RO         2187    i.LL_Rand           CH57xBLE.lib(ctl_input.o)
    0x000081ae   0x000081ae   0x00000002   PAD
    0x000081b0   0x000081b0   0x00000020   Code   RO         2190    i.LL_ReadBDAddr     CH57xBLE.lib(ctl_input.o)
    0x000081d0   0x000081d0   0x00000018   Code   RO         2200    i.LL_ReadRssi       CH57xBLE.lib(ctl_input.o)
    0x000081e8   0x000081e8   0x00000034   Code   RO         2205    i.LL_ReceiverTest   CH57xBLE.lib(ctl_input.o)
    0x0000821c   0x0000821c   0x00000024   Code   RO         3261    i.LL_RejectInd      CH57xBLE.lib(ll_pdu.o)
    0x00008240   0x00008240   0x00000020   Code   RO         3262    i.LL_RejectIndExt   CH57xBLE.lib(ll_pdu.o)
    0x00008260   0x00008260   0x00000030   Code   RO         2206    i.LL_RemoteConnParamReqNegReply  CH57xBLE.lib(ctl_input.o)
    0x00008290   0x00008290   0x00000104   Code   RO         2207    i.LL_RemoteConnParamReqReply  CH57xBLE.lib(ctl_input.o)
    0x00008394   0x00008394   0x0000002c   Code   RO         3308    i.LL_ReportGenerateEvent  CH57xBLE.lib(ll_report.o)
    0x000083c0   0x000083c0   0x000000f0   Code   RO         3339    i.LL_ResolvinglistAdd  CH57xBLE.lib(ll_resolvinglist.o)
    0x000084b0   0x000084b0   0x00000040   Code   RO         3341    i.LL_ResolvinglistCheckPeerResolution  CH57xBLE.lib(ll_resolvinglist.o)
    0x000084f0   0x000084f0   0x00000030   Code   RO         3342    i.LL_ResolvinglistClearall  CH57xBLE.lib(ll_resolvinglist.o)
    0x00008520   0x00008520   0x00000018   Code   RO         3343    i.LL_ResolvinglistInit  CH57xBLE.lib(ll_resolvinglist.o)
    0x00008538   0x00008538   0x00000038   Code   RO         3345    i.LL_ResolvinglistPeerIdentifyAddressGetIrk  CH57xBLE.lib(ll_resolvinglist.o)
    0x00008570   0x00008570   0x0000002c   Code   RO         3346    i.LL_ResolvinglistPeerRpaAddressGetIrk  CH57xBLE.lib(ll_resolvinglist.o)
    0x0000859c   0x0000859c   0x000000d4   Code   RO         3263    i.LL_RxConnParamReq  CH57xBLE.lib(ll_pdu.o)
    0x00008670   0x00008670   0x00000040   Code   RO         3265    i.LL_RxLenUpdate    CH57xBLE.lib(ll_pdu.o)
    0x000086b0   0x000086b0   0x00000020   Code   RO         3266    i.LL_RxVersionExchange  CH57xBLE.lib(ll_pdu.o)
    0x000086d0   0x000086d0   0x0000004c   Code   RO         2038    i.LL_ScanToStandby  CH57xBLE.lib(ll_scan.o)
    0x0000871c   0x0000871c   0x00000020   Code   RO         3267    i.LL_SendAck        CH57xBLE.lib(ll_pdu.o)
    0x0000873c   0x0000873c   0x00000138   Code   RO         2211    i.LL_SendDataPkt    CH57xBLE.lib(ctl_input.o)
    0x00008874   0x00008874   0x000000a0   Code   RO         3268    i.LL_SendDmaBuf     CH57xBLE.lib(ll_pdu.o)
    0x00008914   0x00008914   0x0000004c   Code   RO         2212    i.LL_SetAddressResolvableEnable  CH57xBLE.lib(ctl_input.o)
    0x00008960   0x00008960   0x000000f0   Code   RO         2213    i.LL_SetAdvControl  CH57xBLE.lib(ctl_input.o)
    0x00008a50   0x00008a50   0x00000040   Code   RO         2214    i.LL_SetAdvData     CH57xBLE.lib(ctl_input.o)
    0x00008a90   0x00008a90   0x000000ac   Code   RO         2215    i.LL_SetAdvParam    CH57xBLE.lib(ctl_input.o)
    0x00008b3c   0x00008b3c   0x00000068   Code   RO         2217    i.LL_SetDataLength  CH57xBLE.lib(ctl_input.o)
    0x00008ba4   0x00008ba4   0x0000007c   Code   RO         2219    i.LL_SetRandomAddress  CH57xBLE.lib(ctl_input.o)
    0x00008c20   0x00008c20   0x0000002c   Code   RO         2220    i.LL_SetResolvableAddressTimeout  CH57xBLE.lib(ctl_input.o)
    0x00008c4c   0x00008c4c   0x00000084   Code   RO         2221    i.LL_SetScanEnable  CH57xBLE.lib(ctl_input.o)
    0x00008cd0   0x00008cd0   0x0000003c   Code   RO         2223    i.LL_SetScanRspData  CH57xBLE.lib(ctl_input.o)
    0x00008d0c   0x00008d0c   0x00000020   Code   RO         2135    i.LL_SlaveEnalbe    CH57xBLE.lib(ll_slave.o)
    0x00008d2c   0x00008d2c   0x0000003a   Code   RO         3269    i.LL_SlaveFeatureReq  CH57xBLE.lib(ll_pdu.o)
    0x00008d66   0x00008d66   0x0000001c   Code   RO         3270    i.LL_StartEncReq    CH57xBLE.lib(ll_pdu.o)
    0x00008d82   0x00008d82   0x0000001c   Code   RO         3271    i.LL_StartEncRsp    CH57xBLE.lib(ll_pdu.o)
    0x00008d9e   0x00008d9e   0x0000014e   Code   RO         2226    i.LL_StartEncrypt   CH57xBLE.lib(ctl_input.o)
    0x00008eec   0x00008eec   0x0000002c   Code   RO         3272    i.LL_TerminateInd   CH57xBLE.lib(ll_pdu.o)
    0x00008f18   0x00008f18   0x000000f8   Code   RO         2228    i.LL_TransmitterTest  CH57xBLE.lib(ctl_input.o)
    0x00009010   0x00009010   0x00000022   Code   RO         3273    i.LL_UnknowRsp      CH57xBLE.lib(ll_pdu.o)
    0x00009032   0x00009032   0x00000002   PAD
    0x00009034   0x00009034   0x0000003c   Code   RO         3274    i.LL_VersionInd     CH57xBLE.lib(ll_pdu.o)
    0x00009070   0x00009070   0x00000070   Code   RO         3325    i.LL_WhitelistAdd   CH57xBLE.lib(ll_whitelist.o)
    0x000090e0   0x000090e0   0x00000024   Code   RO         3326    i.LL_WhitelistClearAll  CH57xBLE.lib(ll_whitelist.o)
    0x00009104   0x00009104   0x00000010   Code   RO         3327    i.LL_WhitelistInit  CH57xBLE.lib(ll_whitelist.o)
    0x00009114   0x00009114   0x00000030   Code   RO         3328    i.LL_WhitelistLookup  CH57xBLE.lib(ll_whitelist.o)
    0x00009144   0x00009144   0x000000cc   Code   RO         1989    i.RFEND_DevInit     CH57xBLE.lib(rfend.o)
    0x00009210   0x00009210   0x000000f4   Code   RO         1991    i.RFEND_RXAdc       CH57xBLE.lib(rfend.o)
    0x00009304   0x00009304   0x00000070   Code   RO         1992    i.RFEND_RXFilter    CH57xBLE.lib(rfend.o)
    0x00009374   0x00009374   0x00000b7e   Code   RO         1996    i.RFEND_TXCtune     CH57xBLE.lib(rfend.o)
    0x00009ef2   0x00009ef2   0x00000002   PAD
    0x00009ef4   0x00009ef4   0x00000014   Code   RO         1997    i.RFEND_TXFtune     CH57xBLE.lib(rfend.o)
    0x00009f08   0x00009f08   0x00000018   Code   RO         1259    i.RTC_Get32KClock   CH57xBLE.lib(tmos_hw.o)
    0x00009f20   0x00009f20   0x00000074   Code   RO         1235    i.RTC_GetTickCount  CH57xBLE.lib(tmos_hw.o)
    0x00009f94   0x00009f94   0x0000001a   Code   RO         1236    i.ReadFlash         CH57xBLE.lib(tmos_hw.o)
    0x00009fae   0x00009fae   0x00000042   Code   RO         2986    i.SM_CalcRandomAddr  CH57xBLE.lib(sm.o)
    0x00009ff0   0x00009ff0   0x000000a2   Code   RO         2987    i.SM_GenerateAuthenSig  CH57xBLE.lib(sm.o)
    0x0000a092   0x0000a092   0x00000002   PAD
    0x0000a094   0x0000a094   0x00000024   Code   RO         2988    i.SM_Init           CH57xBLE.lib(sm.o)
    0x0000a0b8   0x0000a0b8   0x00000020   Code   RO         2989    i.SM_InitiatorInit  CH57xBLE.lib(sm.o)
    0x0000a0d8   0x0000a0d8   0x00000048   Code   RO         2991    i.SM_ParamInit      CH57xBLE.lib(sm.o)
    0x0000a120   0x0000a120   0x00000084   Code   RO         2992    i.SM_PasskeyUpdate  CH57xBLE.lib(sm.o)
    0x0000a1a4   0x0000a1a4   0x0000007c   Code   RO         2993    i.SM_ProcessEvent   CH57xBLE.lib(sm.o)
    0x0000a220   0x0000a220   0x0000004c   Code   RO         2994    i.SM_ResolveRandomAddrs  CH57xBLE.lib(sm.o)
    0x0000a26c   0x0000a26c   0x00000020   Code   RO         2995    i.SM_ResponderInit  CH57xBLE.lib(sm.o)
    0x0000a28c   0x0000a28c   0x00000072   Code   RO         2996    i.SM_StartEncryption  CH57xBLE.lib(sm.o)
    0x0000a2fe   0x0000a2fe   0x00000096   Code   RO         2997    i.SM_StartPairing   CH57xBLE.lib(sm.o)
    0x0000a394   0x0000a394   0x000000f0   Code   RO         2998    i.SM_VerifyAuthenSig  CH57xBLE.lib(sm.o)
    0x0000a484   0x0000a484   0x0000006c   Code   RO         1152    i.TMOS_CbTimerProcessEvent  CH57xBLE.lib(tmos.o)
    0x0000a4f0   0x0000a4f0   0x00000090   Code   RO         1154    i.TMOS_Init         CH57xBLE.lib(tmos.o)
    0x0000a580   0x0000a580   0x0000002c   Code   RO         1155    i.TMOS_ProcessEventRegister  CH57xBLE.lib(tmos.o)
    0x0000a5ac   0x0000a5ac   0x00000010   Code   RO         1157    i.TMOS_ProcessRegister  CH57xBLE.lib(tmos.o)
    0x0000a5bc   0x0000a5bc   0x0000022c   Code   RO         1158    i.TMOS_SystemProcess  CH57xBLE.lib(tmos.o)
    0x0000a7e8   0x0000a7e8   0x00000038   Code   RO         1237    i.TMOS_TimerInit    CH57xBLE.lib(tmos_hw.o)
    0x0000a820   0x0000a820   0x00000018   Code   RO         1159    i.TMOS_TimerRegister  CH57xBLE.lib(tmos.o)
    0x0000a838   0x0000a838   0x0000005c   Code   RO         1238    i.WtireFlash        CH57xBLE.lib(tmos_hw.o)
    0x0000a894   0x0000a894   0x00000020   Code   RO         3727    i.__0printf$8       mc_p.l(printf8.o)
    0x0000a8b4   0x0000a8b4   0x00000030   Code   RO         1261    i.__ARM_common_ll_muluu  CH57xBLE.lib(tmos_hw.o)
    0x0000a8e4   0x0000a8e4   0x0000001a   Code   RO          144    i.__ARM_common_switch8  led.o
    0x0000a8fe   0x0000a8fe   0x0000000e   Code   RO         3821    i.__scatterload_copy  mc_p.l(handlers.o)
    0x0000a90c   0x0000a90c   0x00000002   Code   RO         3822    i.__scatterload_null  mc_p.l(handlers.o)
    0x0000a90e   0x0000a90e   0x0000000e   Code   RO         3823    i.__scatterload_zeroinit  mc_p.l(handlers.o)
    0x0000a91c   0x0000a91c   0x00000428   Code   RO         3734    i._printf_core      mc_p.l(printf8.o)
    0x0000ad44   0x0000ad44   0x00000020   Code   RO         3735    i._printf_post_padding  mc_p.l(printf8.o)
    0x0000ad64   0x0000ad64   0x0000002c   Code   RO         3736    i._printf_pre_padding  mc_p.l(printf8.o)
    0x0000ad90   0x0000ad90   0x00000088   Code   RO         2601    i.attSendMsg        CH57xBLE.lib(att.o)
    0x0000ae18   0x0000ae18   0x00000038   Code   RO         2602    i.attSendRspMsg     CH57xBLE.lib(att.o)
    0x0000ae50   0x0000ae50   0x00000050   Code   RO         1281    i.ble_ll_chkcrc     CH57xBLE.lib(ip.o)
    0x0000aea0   0x0000aea0   0x0000001e   Code   RO         1239    i.ble_ll_common_rand16  CH57xBLE.lib(tmos_hw.o)
    0x0000aebe   0x0000aebe   0x0000001c   Code   RO         1240    i.ble_ll_common_rand32  CH57xBLE.lib(tmos_hw.o)
    0x0000aeda   0x0000aeda   0x0000001e   Code   RO         1241    i.ble_ll_common_rand8  CH57xBLE.lib(tmos_hw.o)
    0x0000aef8   0x0000aef8   0x000000f0   Code   RO         1282    i.ble_ll_hw_api_rx  CH57xBLE.lib(ip.o)
    0x0000afe8   0x0000afe8   0x0000006c   Code   RO         1283    i.ble_ll_hw_api_rx_test  CH57xBLE.lib(ip.o)
    0x0000b054   0x0000b054   0x00000060   Code   RO         1284    i.ble_ll_hw_api_shut  CH57xBLE.lib(ip.o)
    0x0000b0b4   0x0000b0b4   0x00000228   Code   RO         1285    i.ble_ll_hw_api_tx  CH57xBLE.lib(ip.o)
    0x0000b2dc   0x0000b2dc   0x00000084   Code   RO         1286    i.ble_ll_hw_api_tx_set_len  CH57xBLE.lib(ip.o)
    0x0000b360   0x0000b360   0x000001ac   Code   RO         1287    i.ble_ll_hw_api_tx_test  CH57xBLE.lib(ip.o)
    0x0000b50c   0x0000b50c   0x00000014   Code   RO         1242    i.ble_ll_set_connect_event  CH57xBLE.lib(tmos_hw.o)
    0x0000b520   0x0000b520   0x0000005c   Code   RO         1243    i.ble_timeout_process  CH57xBLE.lib(tmos_hw.o)
    0x0000b57c   0x0000b57c   0x0000001a   Code   RO         1336    i.disconnectNext    CH57xBLE.lib(gap.o)
    0x0000b596   0x0000b596   0x00000038   Code   RO         1337    i.gapAddAddrAdj     CH57xBLE.lib(gap.o)
    0x0000b5ce   0x0000b5ce   0x00000002   PAD
    0x0000b5d0   0x0000b5d0   0x0000001c   Code   RO         1793    i.gapBondFreeAuthEvt  CH57xBLE.lib(gapbondmgr.o)
    0x0000b5ec   0x0000b5ec   0x0000013c   Code   RO         1794    i.gapBondMgrAddBond  CH57xBLE.lib(gapbondmgr.o)
    0x0000b728   0x0000b728   0x0000018c   Code   RO         1795    i.gapBondMgrAuthenticate  CH57xBLE.lib(gapbondmgr.o)
    0x0000b8b4   0x0000b8b4   0x0000004e   Code   RO         1796    i.gapBondMgrBondReq  CH57xBLE.lib(gapbondmgr.o)
    0x0000b902   0x0000b902   0x00000002   PAD
    0x0000b904   0x0000b904   0x00000034   Code   RO         1797    i.gapBondMgrBondTotal  CH57xBLE.lib(gapbondmgr.o)
    0x0000b938   0x0000b938   0x00000064   Code   RO         1798    i.gapBondMgrChangeState  CH57xBLE.lib(gapbondmgr.o)
    0x0000b99c   0x0000b99c   0x00000024   Code   RO         1799    i.gapBondMgrEraseAllBondings  CH57xBLE.lib(gapbondmgr.o)
    0x0000b9c0   0x0000b9c0   0x000000e8   Code   RO         1800    i.gapBondMgrEraseBonding  CH57xBLE.lib(gapbondmgr.o)
    0x0000baa8   0x0000baa8   0x00000034   Code   RO         1801    i.gapBondMgrFindAddr  CH57xBLE.lib(gapbondmgr.o)
    0x0000badc   0x0000badc   0x0000001c   Code   RO         1802    i.gapBondMgrFindCharCfgItem  CH57xBLE.lib(gapbondmgr.o)
    0x0000baf8   0x0000baf8   0x00000040   Code   RO         1803    i.gapBondMgrGetPublicAddr  CH57xBLE.lib(gapbondmgr.o)
    0x0000bb38   0x0000bb38   0x00000024   Code   RO         1804    i.gapBondMgrGetStateFlags  CH57xBLE.lib(gapbondmgr.o)
    0x0000bb5c   0x0000bb5c   0x0000001c   Code   RO         1805    i.gapBondMgrInvertCharCfgItem  CH57xBLE.lib(gapbondmgr.o)
    0x0000bb78   0x0000bb78   0x00000084   Code   RO         1806    i.gapBondMgrReadBonds  CH57xBLE.lib(gapbondmgr.o)
    0x0000bbfc   0x0000bbfc   0x00000014   Code   RO         1807    i.gapBondMgrSendServiceChange  CH57xBLE.lib(gapbondmgr.o)
    0x0000bc10   0x0000bc10   0x000000b4   Code   RO         1808    i.gapBondMgrUpdateCharCfg  CH57xBLE.lib(gapbondmgr.o)
    0x0000bcc4   0x0000bcc4   0x00000064   Code   RO         1809    i.gapBondMgr_ProcessTMOSMsg  CH57xBLE.lib(gapbondmgr.o)
    0x0000bd28   0x0000bd28   0x00000080   Code   RO         1810    i.gapBondMgr_SyncCharCfg  CH57xBLE.lib(gapbondmgr.o)
    0x0000bda8   0x0000bda8   0x00000070   Code   RO         1811    i.gapBondMgr_SyncResolveList  CH57xBLE.lib(gapbondmgr.o)
    0x0000be18   0x0000be18   0x00000038   Code   RO         1812    i.gapBondMgr_SyncWhiteList  CH57xBLE.lib(gapbondmgr.o)
    0x0000be50   0x0000be50   0x00000038   Code   RO         1813    i.gapBondPairStateCB  CH57xBLE.lib(gapbondmgr.o)
    0x0000be88   0x0000be88   0x00000064   Code   RO         1814    i.gapBondPasscodeCB  CH57xBLE.lib(gapbondmgr.o)
    0x0000beec   0x0000beec   0x00000020   Code   RO         1815    i.gapBondSetupPrivFlag  CH57xBLE.lib(gapbondmgr.o)
    0x0000bf0c   0x0000bf0c   0x00000038   Code   RO         2774    i.gapCancelLinkReq  CH57xBLE.lib(gap_central.o)
    0x0000bf44   0x0000bf44   0x000000e8   Code   RO         2775    i.gapCentProcessConnEvt  CH57xBLE.lib(gap_central.o)
    0x0000c02c   0x0000c02c   0x00000030   Code   RO         2776    i.gapCentProcessHCICmdEvt  CH57xBLE.lib(gap_central.o)
    0x0000c05c   0x0000c05c   0x00000026   Code   RO         1338    i.gapDetermineAddrType  CH57xBLE.lib(gap.o)
    0x0000c082   0x0000c082   0x00000046   Code   RO         1339    i.gapFindADType     CH57xBLE.lib(gap.o)
    0x0000c0c8   0x0000c0c8   0x00000018   Code   RO         2815    i.gapFreeAdvertState  CH57xBLE.lib(gap_peripheral.o)
    0x0000c0e0   0x0000c0e0   0x00000034   Code   RO         1340    i.gapFreeAuthLink   CH57xBLE.lib(gap.o)
    0x0000c114   0x0000c114   0x00000018   Code   RO         1341    i.gapFreeEstLink    CH57xBLE.lib(gap.o)
    0x0000c12c   0x0000c12c   0x00000080   Code   RO         2777    i.gapFreeScanRecs   CH57xBLE.lib(gap_central.o)
    0x0000c1ac   0x0000c1ac   0x00000020   Code   RO         1342    i.gapGetDevAddress  CH57xBLE.lib(gap.o)
    0x0000c1cc   0x0000c1cc   0x0000000c   Code   RO         1343    i.gapGetDevAddressMode  CH57xBLE.lib(gap.o)
    0x0000c1d8   0x0000c1d8   0x0000000c   Code   RO         1344    i.gapGetIRK         CH57xBLE.lib(gap.o)
    0x0000c1e4   0x0000c1e4   0x0000000c   Code   RO         1345    i.gapGetSRK         CH57xBLE.lib(gap.o)
    0x0000c1f0   0x0000c1f0   0x0000000c   Code   RO         1346    i.gapGetSignCounter  CH57xBLE.lib(gap.o)
    0x0000c1fc   0x0000c1fc   0x00000020   Code   RO         1347    i.gapIncSignCounter  CH57xBLE.lib(gap.o)
    0x0000c21c   0x0000c21c   0x0000002c   Code   RO         1348    i.gapL2capConnParamUpdateReq  CH57xBLE.lib(gap.o)
    0x0000c248   0x0000c248   0x0000010e   Code   RO         1349    i.gapPairingCompleteCB  CH57xBLE.lib(gap.o)
    0x0000c356   0x0000c356   0x00000066   Code   RO         1350    i.gapPasskeyNeededCB  CH57xBLE.lib(gap.o)
    0x0000c3bc   0x0000c3bc   0x00000090   Code   RO         2816    i.gapPeriProcessConnEvt  CH57xBLE.lib(gap_peripheral.o)
    0x0000c44c   0x0000c44c   0x00000090   Code   RO         2817    i.gapPeriProcessHCICmdCompleteEvt  CH57xBLE.lib(gap_peripheral.o)
    0x0000c4dc   0x0000c4dc   0x00000088   Code   RO         2818    i.gapProcessAdvertisingEvt  CH57xBLE.lib(gap_peripheral.o)
    0x0000c564   0x0000c564   0x00000040   Code   RO         1351    i.gapProcessConnEvt  CH57xBLE.lib(gap.o)
    0x0000c5a4   0x0000c5a4   0x000000cc   Code   RO         1352    i.gapProcessConnectionCompleteEvt  CH57xBLE.lib(gap.o)
    0x0000c670   0x0000c670   0x00000074   Code   RO         1353    i.gapProcessDisconnectCompleteEvt  CH57xBLE.lib(gap.o)
    0x0000c6e4   0x0000c6e4   0x000000cc   Code   RO         1354    i.gapProcessEnhancedConnectionCompleteEvt  CH57xBLE.lib(gap.o)
    0x0000c7b0   0x0000c7b0   0x00000030   Code   RO         1355    i.gapProcessNewAddr  CH57xBLE.lib(gap.o)
    0x0000c7e0   0x0000c7e0   0x0000006c   Code   RO         1356    i.gapProcessRandomAddrComplete  CH57xBLE.lib(gap.o)
    0x0000c84c   0x0000c84c   0x00000060   Code   RO         1357    i.gapProcessRemoteConnParamReqEvt  CH57xBLE.lib(gap.o)
    0x0000c8ac   0x0000c8ac   0x000000a4   Code   RO         2778    i.gapProcessScanningDirectEvt  CH57xBLE.lib(gap_central.o)
    0x0000c950   0x0000c950   0x0000028c   Code   RO         2779    i.gapProcessScanningEvt  CH57xBLE.lib(gap_central.o)
    0x0000cbdc   0x0000cbdc   0x000001f4   Code   RO         1358    i.gapProcessTMOSMsg  CH57xBLE.lib(gap.o)
    0x0000cdd0   0x0000cdd0   0x0000000c   Code   RO         1359    i.gapRegisterCentral  CH57xBLE.lib(gap.o)
    0x0000cddc   0x0000cddc   0x0000000c   Code   RO         1360    i.gapRegisterCentralConn  CH57xBLE.lib(gap.o)
    0x0000cde8   0x0000cde8   0x0000000c   Code   RO         1361    i.gapRegisterPeripheral  CH57xBLE.lib(gap.o)
    0x0000cdf4   0x0000cdf4   0x0000000c   Code   RO         1362    i.gapRegisterPeripheralConn  CH57xBLE.lib(gap.o)
    0x0000ce00   0x0000ce00   0x000001cc   Code   RO         1867    i.gapRole_PeripheralProcessGAPMsg  CH57xBLE.lib(peripheral.o)
    0x0000cfcc   0x0000cfcc   0x00000050   Code   RO         1868    i.gapRole_PeripheralProcessTMOSMsg  CH57xBLE.lib(peripheral.o)
    0x0000d01c   0x0000d01c   0x00000046   Code   RO         1363    i.gapSendBondCompleteEvent  CH57xBLE.lib(gap.o)
    0x0000d062   0x0000d062   0x00000002   PAD
    0x0000d064   0x0000d064   0x000000d0   Code   RO         2780    i.gapSendDevDiscEvent  CH57xBLE.lib(gap_central.o)
    0x0000d134   0x0000d134   0x00000044   Code   RO         1364    i.gapSendDeviceInitDoneEvent  CH57xBLE.lib(gap.o)
    0x0000d178   0x0000d178   0x0000005e   Code   RO         1365    i.gapSendEstLinkEvent  CH57xBLE.lib(gap.o)
    0x0000d1d6   0x0000d1d6   0x00000002   PAD
    0x0000d1d8   0x0000d1d8   0x0000004c   Code   RO         1366    i.gapSendLinkUpdateEvent  CH57xBLE.lib(gap.o)
    0x0000d224   0x0000d224   0x00000038   Code   RO         2819    i.gapSendMakeDiscEvent  CH57xBLE.lib(gap_peripheral.o)
    0x0000d25c   0x0000d25c   0x0000005c   Code   RO         1367    i.gapSendPairingReqEvent  CH57xBLE.lib(gap.o)
    0x0000d2b8   0x0000d2b8   0x0000001c   Code   RO         2781    i.gapSendScanEnable  CH57xBLE.lib(gap_central.o)
    0x0000d2d4   0x0000d2d4   0x0000003a   Code   RO         1368    i.gapSendSlaveSecurityReqEvent  CH57xBLE.lib(gap.o)
    0x0000d30e   0x0000d30e   0x00000002   PAD
    0x0000d310   0x0000d310   0x00000080   Code   RO         2820    i.gapSetAdvParams   CH57xBLE.lib(gap_peripheral.o)
    0x0000d390   0x0000d390   0x00000048   Code   RO         2782    i.gapSetScanParamStatus  CH57xBLE.lib(gap_central.o)
    0x0000d3d8   0x0000d3d8   0x0000004e   Code   RO         1369    i.gapUpdateConnSignCounter  CH57xBLE.lib(gap.o)
    0x0000d426   0x0000d426   0x00000014   Code   RO         1370    i.gapValidADType    CH57xBLE.lib(gap.o)
    0x0000d43a   0x0000d43a   0x00000002   PAD
    0x0000d43c   0x0000d43c   0x000000d4   Code   RO         2821    i.gapWriteAdvEnableStatus  CH57xBLE.lib(gap_peripheral.o)
    0x0000d510   0x0000d510   0x00000024   Code   RO         1604    i.gattFindServerInfo  CH57xBLE.lib(gattservapp.o)
    0x0000d534   0x0000d534   0x00000020   Code   RO         1605    i.gattFindService   CH57xBLE.lib(gattservapp.o)
    0x0000d554   0x0000d554   0x00000068   Code   RO         1501    i.gattGetPayload    CH57xBLE.lib(gatt.o)
    0x0000d5bc   0x0000d5bc   0x0000002c   Code   RO         1606    i.gattGetServerStatus  CH57xBLE.lib(gattservapp.o)
    0x0000d5e8   0x0000d5e8   0x0000005a   Code   RO         1502    i.gattNotifyEvent   CH57xBLE.lib(gatt.o)
    0x0000d642   0x0000d642   0x00000004   Code   RO         1607    i.gattProcessExchangeMTUReq  CH57xBLE.lib(gattservapp.o)
    0x0000d646   0x0000d646   0x00000004   Code   RO         1608    i.gattProcessExecuteWriteReq  CH57xBLE.lib(gattservapp.o)
    0x0000d64a   0x0000d64a   0x0000002c   Code   RO         1609    i.gattProcessFindByTypeValueReq  CH57xBLE.lib(gattservapp.o)
    0x0000d676   0x0000d676   0x00000002   PAD
    0x0000d678   0x0000d678   0x00000124   Code   RO         1610    i.gattProcessFindInfoReq  CH57xBLE.lib(gattservapp.o)
    0x0000d79c   0x0000d79c   0x00000026   Code   RO         1611    i.gattProcessPrepareWriteReq  CH57xBLE.lib(gattservapp.o)
    0x0000d7c2   0x0000d7c2   0x00000002   PAD
    0x0000d7c4   0x0000d7c4   0x00000048   Code   RO         1612    i.gattProcessReadByGrpTypeReq  CH57xBLE.lib(gattservapp.o)
    0x0000d80c   0x0000d80c   0x0000002c   Code   RO         1613    i.gattProcessReadByTypeReq  CH57xBLE.lib(gattservapp.o)
    0x0000d838   0x0000d838   0x00000066   Code   RO         1614    i.gattProcessReadMultiReq  CH57xBLE.lib(gattservapp.o)
    0x0000d89e   0x0000d89e   0x00000022   Code   RO         1615    i.gattProcessReadReq  CH57xBLE.lib(gattservapp.o)
    0x0000d8c0   0x0000d8c0   0x00000026   Code   RO         1616    i.gattProcessWriteReq  CH57xBLE.lib(gattservapp.o)
    0x0000d8e6   0x0000d8e6   0x00000002   PAD
    0x0000d8e8   0x0000d8e8   0x0000000c   Code   RO         1510    i.gattRegisterServer  CH57xBLE.lib(gatt.o)
    0x0000d8f4   0x0000d8f4   0x00000010   Code   RO         1617    i.gattResetServerInfo  CH57xBLE.lib(gattservapp.o)
    0x0000d904   0x0000d904   0x0000003c   Code   RO         1511    i.gattSendFlowCtrlEvt  CH57xBLE.lib(gatt.o)
    0x0000d940   0x0000d940   0x0000003c   Code   RO         1618    i.gattServApp_ClearPrepareWriteQ  CH57xBLE.lib(gattservapp.o)
    0x0000d97c   0x0000d97c   0x0000000e   Code   RO         1619    i.gattServApp_FindAuthorizeAttrCB  CH57xBLE.lib(gattservapp.o)
    0x0000d98a   0x0000d98a   0x0000001a   Code   RO         1620    i.gattServApp_FindCharCfgItem  CH57xBLE.lib(gattservapp.o)
    0x0000d9a4   0x0000d9a4   0x00000024   Code   RO         1621    i.gattServApp_FindPrepareWriteQ  CH57xBLE.lib(gattservapp.o)
    0x0000d9c8   0x0000d9c8   0x00000020   Code   RO         1622    i.gattServApp_FindServiceCBs  CH57xBLE.lib(gattservapp.o)
    0x0000d9e8   0x0000d9e8   0x0000005c   Code   RO         1623    i.gattServApp_HandleConnStatusCB  CH57xBLE.lib(gattservapp.o)
    0x0000da44   0x0000da44   0x000000bc   Code   RO         1624    i.gattServApp_IsWriteLong  CH57xBLE.lib(gattservapp.o)
    0x0000db00   0x0000db00   0x000000dc   Code   RO         1625    i.gattServApp_ProcessExecuteWriteReq  CH57xBLE.lib(gattservapp.o)
    0x0000dbdc   0x0000dbdc   0x0000013c   Code   RO         1626    i.gattServApp_ProcessFindByTypeValueReq  CH57xBLE.lib(gattservapp.o)
    0x0000dd18   0x0000dd18   0x00000254   Code   RO         1627    i.gattServApp_ProcessMsg  CH57xBLE.lib(gattservapp.o)
    0x0000df6c   0x0000df6c   0x000000e0   Code   RO         1628    i.gattServApp_ProcessPrepareWriteReq  CH57xBLE.lib(gattservapp.o)
    0x0000e04c   0x0000e04c   0x00000194   Code   RO         1629    i.gattServApp_ProcessReadByGrpTypeReq  CH57xBLE.lib(gattservapp.o)
    0x0000e1e0   0x0000e1e0   0x00000140   Code   RO         1630    i.gattServApp_ProcessReadByTypeReq  CH57xBLE.lib(gattservapp.o)
    0x0000e320   0x0000e320   0x00000110   Code   RO         1631    i.gattServApp_ProcessReadMultiReq  CH57xBLE.lib(gattservapp.o)
    0x0000e430   0x0000e430   0x00000090   Code   RO         1632    i.gattServApp_ProcessWriteReq  CH57xBLE.lib(gattservapp.o)
    0x0000e4c0   0x0000e4c0   0x00000030   Code   RO         1635    i.gattServApp_WriteAttrCB  CH57xBLE.lib(gattservapp.o)
    0x0000e4f0   0x0000e4f0   0x00000080   Code   RO         1636    i.gattServerHandleConnStatusCB  CH57xBLE.lib(gattservapp.o)
    0x0000e570   0x0000e570   0x0000002a   Code   RO         1637    i.gattServerHandleTimerCB  CH57xBLE.lib(gattservapp.o)
    0x0000e59a   0x0000e59a   0x0000001c   Code   RO         1638    i.gattServerNotifyTxCB  CH57xBLE.lib(gattservapp.o)
    0x0000e5b6   0x0000e5b6   0x00000002   PAD
    0x0000e5b8   0x0000e5b8   0x00000150   Code   RO         1639    i.gattServerProcessMsgCB  CH57xBLE.lib(gattservapp.o)
    0x0000e708   0x0000e708   0x00000016   Code   RO         1640    i.gattServiceLastHandle  CH57xBLE.lib(gattservapp.o)
    0x0000e71e   0x0000e71e   0x0000000e   Code   RO         1512    i.gattStartTimer    CH57xBLE.lib(gatt.o)
    0x0000e72c   0x0000e72c   0x0000001a   Code   RO         1513    i.gattStopTimer     CH57xBLE.lib(gatt.o)
    0x0000e746   0x0000e746   0x00000002   PAD
    0x0000e748   0x0000e748   0x0000009c   Code   RO         2999    i.generate_subkey   CH57xBLE.lib(sm.o)
    0x0000e7e4   0x0000e7e4   0x000000d8   Code   RO         1446    i.ggs_ReadAttrCB    CH57xBLE.lib(gapgattserver.o)
    0x0000e8bc   0x0000e8bc   0x0000006e   Code   RO         1447    i.ggs_SetAttrWPermit  CH57xBLE.lib(gapgattserver.o)
    0x0000e92a   0x0000e92a   0x00000002   PAD
    0x0000e92c   0x0000e92c   0x00000110   Code   RO         1448    i.ggs_WriteAttrCB   CH57xBLE.lib(gapgattserver.o)
    0x0000ea3c   0x0000ea3c   0x000000a8   Code   RO         2900    i.l2capAllocConnChannel  CH57xBLE.lib(l2cap.o)
    0x0000eae4   0x0000eae4   0x00000040   Code   RO         2963    i.l2capBuildCmdReject  CH57xBLE.lib(l2cap_sdu.o)
    0x0000eb24   0x0000eb24   0x00000036   Code   RO         2964    i.l2capBuildConnectRsp  CH57xBLE.lib(l2cap_sdu.o)
    0x0000eb5a   0x0000eb5a   0x00000018   Code   RO         2965    i.l2capBuildDisconnectReq  CH57xBLE.lib(l2cap_sdu.o)
    0x0000eb72   0x0000eb72   0x00000018   Code   RO         2966    i.l2capBuildDisconnectRsp  CH57xBLE.lib(l2cap_sdu.o)
    0x0000eb8a   0x0000eb8a   0x0000002c   Code   RO         2967    i.l2capBuildParamUpdateReq  CH57xBLE.lib(l2cap_sdu.o)
    0x0000ebb6   0x0000ebb6   0x0000000e   Code   RO         2968    i.l2capBuildParamUpdateRsp  CH57xBLE.lib(l2cap_sdu.o)
    0x0000ebc4   0x0000ebc4   0x00000098   Code   RO         2902    i.l2capDisconnectAllChannels  CH57xBLE.lib(l2cap.o)
    0x0000ec5c   0x0000ec5c   0x0000001e   Code   RO         2903    i.l2capDisconnectChannel  CH57xBLE.lib(l2cap.o)
    0x0000ec7a   0x0000ec7a   0x00000002   PAD
    0x0000ec7c   0x0000ec7c   0x000000b4   Code   RO         3455    i.l2capEncapSendData  CH57xBLE.lib(l2cap_output.o)
    0x0000ed30   0x0000ed30   0x0000002c   Code   RO         2904    i.l2capFindLocalCID  CH57xBLE.lib(l2cap.o)
    0x0000ed5c   0x0000ed5c   0x00000030   Code   RO         2905    i.l2capFindLocalId  CH57xBLE.lib(l2cap.o)
    0x0000ed8c   0x0000ed8c   0x00000030   Code   RO         2906    i.l2capFindPsm      CH57xBLE.lib(l2cap.o)
    0x0000edbc   0x0000edbc   0x0000003c   Code   RO         2907    i.l2capFindRemoteCID  CH57xBLE.lib(l2cap.o)
    0x0000edf8   0x0000edf8   0x00000034   Code   RO         2908    i.l2capFreeChannel  CH57xBLE.lib(l2cap.o)
    0x0000ee2c   0x0000ee2c   0x00000030   Code   RO         2909    i.l2capFreePendingPkt  CH57xBLE.lib(l2cap.o)
    0x0000ee5c   0x0000ee5c   0x00000074   Code   RO         3456    i.l2capFreeTxSDU    CH57xBLE.lib(l2cap_output.o)
    0x0000eed0   0x0000eed0   0x00000058   Code   RO         2910    i.l2capGetCoChannelInfo  CH57xBLE.lib(l2cap.o)
    0x0000ef28   0x0000ef28   0x0000002c   Code   RO         2911    i.l2capHandleConnStatusCB  CH57xBLE.lib(l2cap.o)
    0x0000ef54   0x0000ef54   0x0000000a   Code   RO         2912    i.l2capHandleRxError  CH57xBLE.lib(l2cap.o)
    0x0000ef5e   0x0000ef5e   0x0000001c   Code   RO         2913    i.l2capHandleTimerCB  CH57xBLE.lib(l2cap.o)
    0x0000ef7a   0x0000ef7a   0x00000054   Code   RO         3457    i.l2capNotifyChannelEstEvt  CH57xBLE.lib(l2cap_output.o)
    0x0000efce   0x0000efce   0x0000003a   Code   RO         3458    i.l2capNotifyChannelTermEvt  CH57xBLE.lib(l2cap_output.o)
    0x0000f008   0x0000f008   0x00000080   Code   RO         3459    i.l2capNotifyCreditEvt  CH57xBLE.lib(l2cap_output.o)
    0x0000f088   0x0000f088   0x00000046   Code   RO         3460    i.l2capNotifyData   CH57xBLE.lib(l2cap_output.o)
    0x0000f0ce   0x0000f0ce   0x0000004e   Code   RO         3461    i.l2capNotifyEvent  CH57xBLE.lib(l2cap_output.o)
    0x0000f11c   0x0000f11c   0x0000004e   Code   RO         3462    i.l2capNotifySignal  CH57xBLE.lib(l2cap_output.o)
    0x0000f16a   0x0000f16a   0x00000002   PAD
    0x0000f16c   0x0000f16c   0x00000040   Code   RO         2914    i.l2capNumActiveChannnels  CH57xBLE.lib(l2cap.o)
    0x0000f1ac   0x0000f1ac   0x00000040   Code   RO         3426    i.l2capParseCmdReject  CH57xBLE.lib(l2cap_input.o)
    0x0000f1ec   0x0000f1ec   0x0000003e   Code   RO         3427    i.l2capParseConnectRsp  CH57xBLE.lib(l2cap_input.o)
    0x0000f22a   0x0000f22a   0x00000020   Code   RO         3428    i.l2capParseDisconnectReq  CH57xBLE.lib(l2cap_input.o)
    0x0000f24a   0x0000f24a   0x00000020   Code   RO         3429    i.l2capParseDisconnectRsp  CH57xBLE.lib(l2cap_input.o)
    0x0000f26a   0x0000f26a   0x00000060   Code   RO         3430    i.l2capParsePacket  CH57xBLE.lib(l2cap_input.o)
    0x0000f2ca   0x0000f2ca   0x00000016   Code   RO         3431    i.l2capParseParamUpdateRsp  CH57xBLE.lib(l2cap_input.o)
    0x0000f2e0   0x0000f2e0   0x00000014   Code   RO         3432    i.l2capParseSignalHdr  CH57xBLE.lib(l2cap_input.o)
    0x0000f2f4   0x0000f2f4   0x000000c0   Code   RO         3433    i.l2capProcessConnectReq  CH57xBLE.lib(l2cap_input.o)
    0x0000f3b4   0x0000f3b4   0x00000134   Code   RO         3434    i.l2capProcessReq   CH57xBLE.lib(l2cap_input.o)
    0x0000f4e8   0x0000f4e8   0x0000010e   Code   RO         3435    i.l2capProcessRsp   CH57xBLE.lib(l2cap_input.o)
    0x0000f5f6   0x0000f5f6   0x00000002   PAD
    0x0000f5f8   0x0000f5f8   0x000000e4   Code   RO         3436    i.l2capProcessRxData  CH57xBLE.lib(l2cap_input.o)
    0x0000f6dc   0x0000f6dc   0x00000120   Code   RO         3463    i.l2capReassembleSegment  CH57xBLE.lib(l2cap_output.o)
    0x0000f7fc   0x0000f7fc   0x00000068   Code   RO         3464    i.l2capSendCmd      CH57xBLE.lib(l2cap_output.o)
    0x0000f864   0x0000f864   0x00000088   Code   RO         2969    i.l2capSendConnectRsp  CH57xBLE.lib(l2cap_sdu.o)
    0x0000f8ec   0x0000f8ec   0x00000050   Code   RO         3465    i.l2capSendFCPkt    CH57xBLE.lib(l2cap_output.o)
    0x0000f93c   0x0000f93c   0x00000098   Code   RO         3466    i.l2capSendNextSegment  CH57xBLE.lib(l2cap_output.o)
    0x0000f9d4   0x0000f9d4   0x00000040   Code   RO         3467    i.l2capSendPkt      CH57xBLE.lib(l2cap_output.o)
    0x0000fa14   0x0000fa14   0x0000009c   Code   RO         3468    i.l2capSendReq      CH57xBLE.lib(l2cap_output.o)
    0x0000fab0   0x0000fab0   0x000000c0   Code   RO         3469    i.l2capSendSegment  CH57xBLE.lib(l2cap_output.o)
    0x0000fb70   0x0000fb70   0x0000002c   Code   RO         2915    i.l2capStartTimer   CH57xBLE.lib(l2cap.o)
    0x0000fb9c   0x0000fb9c   0x00000010   Code   RO         2916    i.l2capStopTimer    CH57xBLE.lib(l2cap.o)
    0x0000fbac   0x0000fbac   0x00000028   Code   RO         3470    i.l2capStoreFCPkt   CH57xBLE.lib(l2cap_output.o)
    0x0000fbd4   0x0000fbd4   0x0000001c   Code   RO         3000    i.leftshift_onebit  CH57xBLE.lib(sm.o)
    0x0000fbf0   0x0000fbf0   0x00000070   Code   RO         1720    i.linkDB_Add        CH57xBLE.lib(linkdb.o)
    0x0000fc60   0x0000fc60   0x00000058   Code   RO         1721    i.linkDB_Authen     CH57xBLE.lib(linkdb.o)
    0x0000fcb8   0x0000fcb8   0x00000030   Code   RO         1722    i.linkDB_Find       CH57xBLE.lib(linkdb.o)
    0x0000fce8   0x0000fce8   0x0000003c   Code   RO         1723    i.linkDB_FindFirst  CH57xBLE.lib(linkdb.o)
    0x0000fd24   0x0000fd24   0x00000038   Code   RO         1724    i.linkDB_GetHandleFromSMEvtID  CH57xBLE.lib(linkdb.o)
    0x0000fd5c   0x0000fd5c   0x00000058   Code   RO         1725    i.linkDB_GetPairingParam  CH57xBLE.lib(linkdb.o)
    0x0000fdb4   0x0000fdb4   0x0000004c   Code   RO         1726    i.linkDB_GetSMEvtID  CH57xBLE.lib(linkdb.o)
    0x0000fe00   0x0000fe00   0x00000064   Code   RO         1727    i.linkDB_Init       CH57xBLE.lib(linkdb.o)
    0x0000fe64   0x0000fe64   0x0000000e   Code   RO         1728    i.linkDB_MTU        CH57xBLE.lib(linkdb.o)
    0x0000fe72   0x0000fe72   0x00000002   PAD
    0x0000fe74   0x0000fe74   0x00000048   Code   RO         1729    i.linkDB_NeedSendKey  CH57xBLE.lib(linkdb.o)
    0x0000febc   0x0000febc   0x0000002c   Code   RO         1730    i.linkDB_NumActive  CH57xBLE.lib(linkdb.o)
    0x0000fee8   0x0000fee8   0x0000000c   Code   RO         1731    i.linkDB_NumConns   CH57xBLE.lib(linkdb.o)
    0x0000fef4   0x0000fef4   0x00000030   Code   RO         1732    i.linkDB_PerformFunc  CH57xBLE.lib(linkdb.o)
    0x0000ff24   0x0000ff24   0x00000038   Code   RO         1733    i.linkDB_PeripheralLinkNum  CH57xBLE.lib(linkdb.o)
    0x0000ff5c   0x0000ff5c   0x00000024   Code   RO         1734    i.linkDB_Register   CH57xBLE.lib(linkdb.o)
    0x0000ff80   0x0000ff80   0x00000036   Code   RO         1735    i.linkDB_Remove     CH57xBLE.lib(linkdb.o)
    0x0000ffb6   0x0000ffb6   0x0000000e   Code   RO         1736    i.linkDB_Role       CH57xBLE.lib(linkdb.o)
    0x0000ffc4   0x0000ffc4   0x00000020   Code   RO         1737    i.linkDB_State      CH57xBLE.lib(linkdb.o)
    0x0000ffe4   0x0000ffe4   0x0000001c   Code   RO         1739    i.linkDB_UpdateMTU  CH57xBLE.lib(linkdb.o)
    0x00010000   0x00010000   0x00000054   Code   RO         2016    i.llAdvTraverseallChannel  CH57xBLE.lib(ll_advertise.o)
    0x00010054   0x00010054   0x00000060   Code   RO         2017    i.llAdvertiseCreateCore  CH57xBLE.lib(ll_advertise.o)
    0x000100b4   0x000100b4   0x0000010c   Code   RO         2018    i.llAdvertiseSet    CH57xBLE.lib(ll_advertise.o)
    0x000101c0   0x000101c0   0x0000008c   Code   RO         2019    i.llAdvertiseStart  CH57xBLE.lib(ll_advertise.o)
    0x0001024c   0x0001024c   0x000000a8   Code   RO         2136    i.llSlaveCreateCore  CH57xBLE.lib(ll_slave.o)
    0x000102f4   0x000102f4   0x00000124   Code   RO         2137    i.llSlaveSetFirstTimer  CH57xBLE.lib(ll_slave.o)
    0x00010418   0x00010418   0x00000404   Code   RO         2020    i.ll_advertise_process  CH57xBLE.lib(ll_advertise.o)
    0x0001081c   0x0001081c   0x0000018c   Code   RO         2021    i.ll_advertise_tx   CH57xBLE.lib(ll_advertise.o)
    0x000109a8   0x000109a8   0x0000028c   Code   RO         2072    i.ll_connect_action_in_connintervaltimeout  CH57xBLE.lib(ll_connect.o)
    0x00010c34   0x00010c34   0x0000001a   Code   RO         2073    i.ll_connect_auth_timeout  CH57xBLE.lib(ll_connect.o)
    0x00010c4e   0x00010c4e   0x00000080   Code   RO         2074    i.ll_connect_calculate_effective_len  CH57xBLE.lib(ll_connect.o)
    0x00010cce   0x00010cce   0x00000002   PAD
    0x00010cd0   0x00010cd0   0x000001ac   Code   RO         2075    i.ll_connect_change_connect_point  CH57xBLE.lib(ll_connect.o)
    0x00010e7c   0x00010e7c   0x000000b0   Code   RO         2076    i.ll_connect_event_continue  CH57xBLE.lib(ll_connect.o)
    0x00010f2c   0x00010f2c   0x0000000a   Code   RO         2077    i.ll_connect_flowcontrol_init  CH57xBLE.lib(ll_connect.o)
    0x00010f36   0x00010f36   0x00000002   PAD
    0x00010f38   0x00010f38   0x0000001c   Code   RO         2078    i.ll_connect_get_master_number  CH57xBLE.lib(ll_connect.o)
    0x00010f54   0x00010f54   0x0000001c   Code   RO         2079    i.ll_connect_get_slave_number  CH57xBLE.lib(ll_connect.o)
    0x00010f70   0x00010f70   0x00000088   Code   RO         2081    i.ll_connect_get_update_point  CH57xBLE.lib(ll_connect.o)
    0x00010ff8   0x00010ff8   0x00000084   Code   RO         2082    i.ll_connect_init_dataLen  CH57xBLE.lib(ll_connect.o)
    0x0001107c   0x0001107c   0x0000002a   Code   RO         2083    i.ll_connect_init_pingOffset  CH57xBLE.lib(ll_connect.o)
    0x000110a6   0x000110a6   0x00000026   Code   RO         2084    i.ll_connect_parse_datapdu_head  CH57xBLE.lib(ll_connect.o)
    0x000110cc   0x000110cc   0x0000001e   Code   RO         2085    i.ll_connect_procedure_timeout  CH57xBLE.lib(ll_connect.o)
    0x000110ea   0x000110ea   0x00000002   PAD
    0x000110ec   0x000110ec   0x000000b4   Code   RO         2086    i.ll_connect_recv_data  CH57xBLE.lib(ll_connect.o)
    0x000111a0   0x000111a0   0x00000100   Code   RO         2087    i.ll_connect_send_data  CH57xBLE.lib(ll_connect.o)
    0x000112a0   0x000112a0   0x00000040   Code   RO         2088    i.ll_connect_set_auth_timeout  CH57xBLE.lib(ll_connect.o)
    0x000112e0   0x000112e0   0x0000002c   Code   RO         2089    i.ll_connect_set_connect_timeout  CH57xBLE.lib(ll_connect.o)
    0x0001130c   0x0001130c   0x0000002c   Code   RO         2090    i.ll_connect_set_procedure_timeout  CH57xBLE.lib(ll_connect.o)
    0x00011338   0x00011338   0x00000028   Code   RO         2091    i.ll_connect_supervision_timeout  CH57xBLE.lib(ll_connect.o)
    0x00011360   0x00011360   0x000000ac   Code   RO         2092    i.ll_connect_update_get_offset  CH57xBLE.lib(ll_connect.o)
    0x0001140c   0x0001140c   0x00000028   Code   RO         3198    i.ll_get_prime_number  CH57xBLE.lib(ll.o)
    0x00011434   0x00011434   0x00000064   Code   RO         1288    i.ll_hw_api_rx_set_txlen  CH57xBLE.lib(ip.o)
    0x00011498   0x00011498   0x00000020   Code   RO         1290    i.ll_hw_api_set_pkt_dec  CH57xBLE.lib(ip.o)
    0x000114b8   0x000114b8   0x00000020   Code   RO         1291    i.ll_hw_api_set_pkt_enc  CH57xBLE.lib(ip.o)
    0x000114d8   0x000114d8   0x00000074   Code   RO         1244    i.ll_hw_temp_sample  CH57xBLE.lib(tmos_hw.o)
    0x0001154c   0x0001154c   0x00000016   Code   RO         2138    i.ll_hw_timer_slave_recv_timeout  CH57xBLE.lib(ll_slave.o)
    0x00011562   0x00011562   0x00000002   PAD
    0x00011564   0x00011564   0x00000034   Code   RO         2093    i.ll_hw_timer_window_widening  CH57xBLE.lib(ll_connect.o)
    0x00011598   0x00011598   0x00000052   Code   RO         3348    i.ll_resolvinglist_checkRPA  CH57xBLE.lib(ll_resolvinglist.o)
    0x000115ea   0x000115ea   0x00000002   PAD
    0x000115ec   0x000115ec   0x00000048   Code   RO         3349    i.ll_resolvinglist_renew_rpa  CH57xBLE.lib(ll_resolvinglist.o)
    0x00011634   0x00011634   0x00000014   Code   RO         3350    i.ll_resolvinglist_renew_set  CH57xBLE.lib(ll_resolvinglist.o)
    0x00011648   0x00011648   0x00000050   Code   RO         3351    i.ll_resolvinglist_timeout_renew_rpa  CH57xBLE.lib(ll_resolvinglist.o)
    0x00011698   0x00011698   0x000001a8   Code   RO         2095    i.ll_slave_check_connect_point  CH57xBLE.lib(ll_connect.o)
    0x00011840   0x00011840   0x00000ce0   Code   RO         2139    i.ll_slave_process  CH57xBLE.lib(ll_slave.o)
    0x00012520   0x00012520   0x0000028c   Code   RO         2140    i.ll_slave_process_after_tx  CH57xBLE.lib(ll_slave.o)
    0x000127ac   0x000127ac   0x00000264   Code   RO         2141    i.ll_slave_process_event  CH57xBLE.lib(ll_slave.o)
    0x00012a10   0x00012a10   0x00000026   Code   RO         3001    i.padding           CH57xBLE.lib(sm.o)
    0x00012a36   0x00012a36   0x00000002   PAD
    0x00012a38   0x00012a38   0x00000024   Code   RO         1740    i.reportStatusChange  CH57xBLE.lib(linkdb.o)
    0x00012a5c   0x00012a5c   0x000000d0   Code   RO         1371    i.sendAuthEvent     CH57xBLE.lib(gap.o)
    0x00012b2c   0x00012b2c   0x00000030   Code   RO         1372    i.sendTerminateEvent  CH57xBLE.lib(gap.o)
    0x00012b5c   0x00012b5c   0x0000004e   Code   RO         3002    i.setupInitiatorKeys  CH57xBLE.lib(sm.o)
    0x00012baa   0x00012baa   0x0000001e   Code   RO         3004    i.smDetermineKeySize  CH57xBLE.lib(sm.o)
    0x00012bc8   0x00012bc8   0x00000048   Code   RO         3005    i.smEndPairing      CH57xBLE.lib(sm.o)
    0x00012c10   0x00012c10   0x0000004e   Code   RO         3006    i.smFreePairingParams  CH57xBLE.lib(sm.o)
    0x00012c5e   0x00012c5e   0x00000002   PAD
    0x00012c60   0x00012c60   0x00000024   Code   RO         3007    i.smGenerateConfirm  CH57xBLE.lib(sm.o)
    0x00012c84   0x00012c84   0x00000034   Code   RO         3008    i.smGeneratePairingReqRsp  CH57xBLE.lib(sm.o)
    0x00012cb8   0x00012cb8   0x00000028   Code   RO         1373    i.smGenerateRandBuf  CH57xBLE.lib(gap.o)
    0x00012ce0   0x00012ce0   0x00000024   Code   RO         3009    i.smGenerateRandMsg  CH57xBLE.lib(sm.o)
    0x00012d04   0x00012d04   0x00000160   Code   RO         3010    i.smInitiatorSendNextKeyInfo  CH57xBLE.lib(sm.o)
    0x00012e64   0x00012e64   0x00000020   Code   RO         3011    i.smLinkCheck       CH57xBLE.lib(sm.o)
    0x00012e84   0x00012e84   0x00000040   Code   RO         3012    i.smNextPairingState  CH57xBLE.lib(sm.o)
    0x00012ec4   0x00012ec4   0x00000014   Code   RO         3013    i.smPairingSendEncInfo  CH57xBLE.lib(sm.o)
    0x00012ed8   0x00012ed8   0x00000028   Code   RO         3014    i.smPairingSendIdentityAddrInfo  CH57xBLE.lib(sm.o)
    0x00012f00   0x00012f00   0x00000014   Code   RO         3015    i.smPairingSendIdentityInfo  CH57xBLE.lib(sm.o)
    0x00012f14   0x00012f14   0x00000028   Code   RO         3016    i.smPairingSendMasterID  CH57xBLE.lib(sm.o)
    0x00012f3c   0x00012f3c   0x00000014   Code   RO         3017    i.smPairingSendSingingInfo  CH57xBLE.lib(sm.o)
    0x00012f50   0x00012f50   0x000000c8   Code   RO         3018    i.smProcessDataMsg  CH57xBLE.lib(sm.o)
    0x00013018   0x00013018   0x000000bc   Code   RO         3019    i.smProcessEncryptChange  CH57xBLE.lib(sm.o)
    0x000130d4   0x000130d4   0x0000004c   Code   RO         3020    i.smProcessPairingReq  CH57xBLE.lib(sm.o)
    0x00013120   0x00013120   0x00000078   Code   RO         3021    i.smProcessRandComplete  CH57xBLE.lib(sm.o)
    0x00013198   0x00013198   0x00000088   Code   RO         3022    i.smProcessTMOSMsg  CH57xBLE.lib(sm.o)
    0x00013220   0x00013220   0x00000180   Code   RO         3025    i.smResponderProcessLTKReq  CH57xBLE.lib(sm.o)
    0x000133a0   0x000133a0   0x000001b8   Code   RO         3026    i.smResponderSendNextKeyInfo  CH57xBLE.lib(sm.o)
    0x00013558   0x00013558   0x00000164   Code   RO         3027    i.smSavePairInfo    CH57xBLE.lib(sm.o)
    0x000136bc   0x000136bc   0x00000024   Code   RO         3028    i.smSendFailAndEnd  CH57xBLE.lib(sm.o)
    0x000136e0   0x000136e0   0x0000004a   Code   RO         3029    i.smSendSMMsg       CH57xBLE.lib(sm.o)
    0x0001372a   0x0001372a   0x00000038   Code   RO         3030    i.smSetPairingReqRsp  CH57xBLE.lib(sm.o)
    0x00013762   0x00013762   0x00000002   PAD
    0x00013764   0x00013764   0x00000020   Code   RO         3031    i.smStartEncryption  CH57xBLE.lib(sm.o)
    0x00013784   0x00013784   0x0000002c   Code   RO         3032    i.smStartRspTimer   CH57xBLE.lib(sm.o)
    0x000137b0   0x000137b0   0x00000014   Code   RO         3033    i.smStopRspTimer    CH57xBLE.lib(sm.o)
    0x000137c4   0x000137c4   0x00000018   Code   RO         3034    i.smTimedOut        CH57xBLE.lib(sm.o)
    0x000137dc   0x000137dc   0x00000004   Code   RO         3035    i.smUint8ToAuthReq  CH57xBLE.lib(sm.o)
    0x000137e0   0x000137e0   0x00000126   Code   RO         3036    i.sm_CMAC           CH57xBLE.lib(sm.o)
    0x00013906   0x00013906   0x0000005a   Code   RO         3037    i.sm_ah             CH57xBLE.lib(sm.o)
    0x00013960   0x00013960   0x00000082   Code   RO         3038    i.sm_c1             CH57xBLE.lib(sm.o)
    0x000139e2   0x000139e2   0x000000e0   Code   RO         3039    i.sm_c1new          CH57xBLE.lib(sm.o)
    0x00013ac2   0x00013ac2   0x00000062   Code   RO         3040    i.sm_s1             CH57xBLE.lib(sm.o)
    0x00013b24   0x00013b24   0x00000016   Code   RO         3041    i.sm_xor            CH57xBLE.lib(sm.o)
    0x00013b3a   0x00013b3a   0x00000020   Code   RO         3042    i.smpBuildEncInfo   CH57xBLE.lib(sm.o)
    0x00013b5a   0x00013b5a   0x00000024   Code   RO         3043    i.smpBuildIdentityAddrInfo  CH57xBLE.lib(sm.o)
    0x00013b7e   0x00013b7e   0x00000020   Code   RO         3044    i.smpBuildIdentityInfo  CH57xBLE.lib(sm.o)
    0x00013b9e   0x00013b9e   0x0000002a   Code   RO         3045    i.smpBuildMasterID  CH57xBLE.lib(sm.o)
    0x00013bc8   0x00013bc8   0x00000020   Code   RO         3046    i.smpBuildPairingConfirm  CH57xBLE.lib(sm.o)
    0x00013be8   0x00013be8   0x00000018   Code   RO         3047    i.smpBuildPairingFailed  CH57xBLE.lib(sm.o)
    0x00013c00   0x00013c00   0x00000020   Code   RO         3048    i.smpBuildPairingRandom  CH57xBLE.lib(sm.o)
    0x00013c20   0x00013c20   0x0000000e   Code   RO         3049    i.smpBuildPairingReq  CH57xBLE.lib(sm.o)
    0x00013c2e   0x00013c2e   0x00000092   Code   RO         3050    i.smpBuildPairingReqRsp  CH57xBLE.lib(sm.o)
    0x00013cc0   0x00013cc0   0x0000000e   Code   RO         3051    i.smpBuildPairingRsp  CH57xBLE.lib(sm.o)
    0x00013cce   0x00013cce   0x00000018   Code   RO         3052    i.smpBuildSecurityReq  CH57xBLE.lib(sm.o)
    0x00013ce6   0x00013ce6   0x00000020   Code   RO         3053    i.smpBuildSigningInfo  CH57xBLE.lib(sm.o)
    0x00013d06   0x00013d06   0x000001c8   Code   RO         3054    i.smpInitiatorProcessIncoming  CH57xBLE.lib(sm.o)
    0x00013ece   0x00013ece   0x000000be   Code   RO         3055    i.smpInitiatorProcessPairingRsp  CH57xBLE.lib(sm.o)
    0x00013f8c   0x00013f8c   0x0000001e   Code   RO         3056    i.smpParseEncInfo   CH57xBLE.lib(sm.o)
    0x00013faa   0x00013faa   0x00000022   Code   RO         3057    i.smpParseIdentityAddrInfo  CH57xBLE.lib(sm.o)
    0x00013fcc   0x00013fcc   0x0000001e   Code   RO         3058    i.smpParseIdentityInfo  CH57xBLE.lib(sm.o)
    0x00013fea   0x00013fea   0x00000028   Code   RO         3059    i.smpParseMasterID  CH57xBLE.lib(sm.o)
    0x00014012   0x00014012   0x0000001e   Code   RO         3060    i.smpParsePairingConfirm  CH57xBLE.lib(sm.o)
    0x00014030   0x00014030   0x00000020   Code   RO         3061    i.smpParsePairingFailed  CH57xBLE.lib(sm.o)
    0x00014050   0x00014050   0x0000001e   Code   RO         3062    i.smpParsePairingRandom  CH57xBLE.lib(sm.o)
    0x0001406e   0x0001406e   0x00000002   PAD
    0x00014070   0x00014070   0x000000fc   Code   RO         3063    i.smpParsePairingReq  CH57xBLE.lib(sm.o)
    0x0001416c   0x0001416c   0x00000014   Code   RO         3064    i.smpParseSecurityReq  CH57xBLE.lib(sm.o)
    0x00014180   0x00014180   0x0000001e   Code   RO         3065    i.smpParseSigningInfo  CH57xBLE.lib(sm.o)
    0x0001419e   0x0001419e   0x000001ce   Code   RO         3066    i.smpResponderProcessIncoming  CH57xBLE.lib(sm.o)
    0x0001436c   0x0001436c   0x0000009e   Code   RO         3067    i.smpResponderProcessPairingReq  CH57xBLE.lib(sm.o)
    0x0001440a   0x0001440a   0x00000002   PAD
    0x0001440c   0x0001440c   0x00000020   Code   RO         1160    i.tmosFindTask      CH57xBLE.lib(tmos.o)
    0x0001442c   0x0001442c   0x00000034   Code   RO         1923    i.tmos_bm_adjust_header  CH57xBLE.lib(memory.o)
    0x00014460   0x00014460   0x00000024   Code   RO         1161    i.tmos_clear_event  CH57xBLE.lib(tmos.o)
    0x00014484   0x00014484   0x00000012   Code   RO         1163    i.tmos_get_task_timer  CH57xBLE.lib(tmos.o)
    0x00014496   0x00014496   0x0000001e   Code   RO         1164    i.tmos_isbufset     CH57xBLE.lib(tmos.o)
    0x000144b4   0x000144b4   0x0000001c   Code   RO         1165    i.tmos_memcmp       CH57xBLE.lib(tmos.o)
    0x000144d0   0x000144d0   0x00000018   Code   RO         1166    i.tmos_memcpy       CH57xBLE.lib(tmos.o)
    0x000144e8   0x000144e8   0x0000001e   Code   RO         1167    i.tmos_memdup       CH57xBLE.lib(tmos.o)
    0x00014506   0x00014506   0x00000002   PAD
    0x00014508   0x00014508   0x000000ac   Code   RO         1924    i.tmos_memory_allocate  CH57xBLE.lib(memory.o)
    0x000145b4   0x000145b4   0x000000ac   Code   RO         1925    i.tmos_memory_free  CH57xBLE.lib(memory.o)
    0x00014660   0x00014660   0x00000060   Code   RO         1927    i.tmos_memory_init  CH57xBLE.lib(memory.o)
    0x000146c0   0x000146c0   0x00000010   Code   RO         1168    i.tmos_memset       CH57xBLE.lib(tmos.o)
    0x000146d0   0x000146d0   0x00000028   Code   RO         1213    i.tmos_msg_allocate  CH57xBLE.lib(message.o)
    0x000146f8   0x000146f8   0x00000020   Code   RO         1214    i.tmos_msg_deallocate  CH57xBLE.lib(message.o)
    0x00014718   0x00014718   0x00000024   Code   RO         1215    i.tmos_msg_enqueue  CH57xBLE.lib(message.o)
    0x0001473c   0x0001473c   0x0000000c   Code   RO         1216    i.tmos_msg_init     CH57xBLE.lib(message.o)
    0x00014748   0x00014748   0x00000070   Code   RO         1219    i.tmos_msg_receive  CH57xBLE.lib(message.o)
    0x000147b8   0x000147b8   0x00000058   Code   RO         1220    i.tmos_msg_send     CH57xBLE.lib(message.o)
    0x00014810   0x00014810   0x00000038   Code   RO         1169    i.tmos_rand         CH57xBLE.lib(tmos.o)
    0x00014848   0x00014848   0x00000012   Code   RO         1170    i.tmos_revmemcpy    CH57xBLE.lib(tmos.o)
    0x0001485a   0x0001485a   0x00000002   PAD
    0x0001485c   0x0001485c   0x00000024   Code   RO         1171    i.tmos_set_event    CH57xBLE.lib(tmos.o)
    0x00014880   0x00014880   0x00000044   Code   RO         1938    i.tmos_snv_clear    CH57xBLE.lib(tmos_snv.o)
    0x000148c4   0x000148c4   0x00000004   Code   RO         1939    i.tmos_snv_compact  CH57xBLE.lib(tmos_snv.o)
    0x000148c8   0x000148c8   0x00000034   Code   RO         1940    i.tmos_snv_init     CH57xBLE.lib(tmos_snv.o)
    0x000148fc   0x000148fc   0x00000040   Code   RO         1941    i.tmos_snv_notify   CH57xBLE.lib(tmos_snv.o)
    0x0001493c   0x0001493c   0x00000088   Code   RO         1942    i.tmos_snv_read     CH57xBLE.lib(tmos_snv.o)
    0x000149c4   0x000149c4   0x000000ac   Code   RO         1943    i.tmos_snv_write    CH57xBLE.lib(tmos_snv.o)
    0x00014a70   0x00014a70   0x0000006c   Code   RO         1172    i.tmos_start_callback_task  CH57xBLE.lib(tmos.o)
    0x00014adc   0x00014adc   0x00000022   Code   RO         1173    i.tmos_start_reload_task  CH57xBLE.lib(tmos.o)
    0x00014afe   0x00014afe   0x00000002   PAD
    0x00014b00   0x00014b00   0x00000074   Code   RO         1174    i.tmos_start_task   CH57xBLE.lib(tmos.o)
    0x00014b74   0x00014b74   0x00000048   Code   RO         1175    i.tmos_stop_callback_task  CH57xBLE.lib(tmos.o)
    0x00014bbc   0x00014bbc   0x00000026   Code   RO         1176    i.tmos_stop_task    CH57xBLE.lib(tmos.o)
    0x00014be2   0x00014be2   0x00000012   Code   RO         1177    i.tmos_strlen       CH57xBLE.lib(tmos.o)
    0x00014bf4   0x00014bf4   0x00000064   Code   RO         1178    i.tmos_update_callback_timer  CH57xBLE.lib(tmos.o)
    0x00014c58   0x00014c58   0x00000016   Code   RO         3068    i.xor_128           CH57xBLE.lib(sm.o)
    0x00014c6e   0x00014c6e   0x00000002   Data   RO          928    .constdata          devinfoservice.o
    0x00014c70   0x00014c70   0x00000002   Data   RO          929    .constdata          devinfoservice.o
    0x00014c72   0x00014c72   0x00000002   Data   RO          930    .constdata          devinfoservice.o
    0x00014c74   0x00014c74   0x00000002   Data   RO          931    .constdata          devinfoservice.o
    0x00014c76   0x00014c76   0x00000002   Data   RO          932    .constdata          devinfoservice.o
    0x00014c78   0x00014c78   0x00000002   Data   RO          933    .constdata          devinfoservice.o
    0x00014c7a   0x00014c7a   0x00000002   Data   RO          934    .constdata          devinfoservice.o
    0x00014c7c   0x00014c7c   0x00000002   Data   RO          935    .constdata          devinfoservice.o
    0x00014c7e   0x00014c7e   0x00000002   Data   RO          936    .constdata          devinfoservice.o
    0x00014c80   0x00014c80   0x00000002   Data   RO          937    .constdata          devinfoservice.o
    0x00014c82   0x00014c82   0x00000002   PAD
    0x00014c84   0x00014c84   0x00000008   Data   RO          938    .constdata          devinfoservice.o
    0x00014c8c   0x00014c8c   0x00000071   Data   RO          939    .constdata          devinfoservice.o
    0x00014cfd   0x00014cfd   0x00000002   Data   RO          976    .constdata          gattprofile.o
    0x00014cff   0x00014cff   0x00000002   Data   RO          977    .constdata          gattprofile.o
    0x00014d01   0x00014d01   0x00000002   Data   RO          978    .constdata          gattprofile.o
    0x00014d03   0x00014d03   0x00000002   Data   RO          979    .constdata          gattprofile.o
    0x00014d05   0x00014d05   0x00000002   Data   RO          980    .constdata          gattprofile.o
    0x00014d07   0x00014d07   0x00000002   Data   RO          981    .constdata          gattprofile.o
    0x00014d09   0x00014d09   0x00000003   PAD
    0x00014d0c   0x00014d0c   0x00000008   Data   RO          982    .constdata          gattprofile.o
    0x00014d14   0x00014d14   0x00000014   Data   RO         1293    .constdata          CH57xBLE.lib(ip.o)
    0x00014d28   0x00014d28   0x00000008   Data   RO         1450    .constdata          CH57xBLE.lib(gapgattserver.o)
    0x00014d30   0x00014d30   0x00000060   Data   RO         1642    .constdata          CH57xBLE.lib(gattservapp.o)
    0x00014d90   0x00014d90   0x0000002a   Data   RO         1769    .constdata          CH57xBLE.lib(gatt_uuid.o)
    0x00014dba   0x00014dba   0x00000002   Data   RO         1770    .constdata          CH57xBLE.lib(gatt_uuid.o)
    0x00014dbc   0x00014dbc   0x00000010   Data   RO         2142    .constdata          CH57xBLE.lib(ll_slave.o)
    0x00014dcc   0x00014dcc   0x00000010   Data   RO         2603    .constdata          CH57xBLE.lib(att.o)
    0x00014ddc   0x00014ddc   0x00000029   Data   RO         3069    .constdata          CH57xBLE.lib(sm.o)
    0x00014e05   0x00014e05   0x00000017   Data   RO         3200    .constdata          CH57xBLE.lib(ll.o)
    0x00014e1c   0x00014e1c   0x00000020   Data   RO         3819    Region$$Table       anon$$obj.o


    Execution Region RW_IRAM1 (Exec base: 0x20000000, Load base: 0x00014e3c, Size: 0x00002b18, Max: 0x00008000, ABSOLUTE, COMPRESSED[0x00000210])

    Exec Addr    Load Addr    Size         Type   Attr      Idx    E Section Name        Object

    0x20000000   COMPRESSED   0x00000001   Data   RW          152    .data               mcu.o
    0x20000001   COMPRESSED   0x00000003   PAD
    0x20000004   COMPRESSED   0x00000004   Data   RW          181    .data               rtc.o
    0x20000008   COMPRESSED   0x00000004   Data   RW          757    .data               ctimer.o
    0x2000000c   COMPRESSED   0x00000014   Data   RW          758    .data               ctimer.o
    0x20000020   COMPRESSED   0x00000014   Data   RW          781    .data               etimer.o
    0x20000034   COMPRESSED   0x0000000c   Data   RW          812    .data               process.o
    0x20000040   COMPRESSED   0x00000004   Data   RW          867    .data               pt_ports.o
    0x20000044   COMPRESSED   0x00000001   Data   RW          940    .data               devinfoservice.o
    0x20000045   COMPRESSED   0x00000003   PAD
    0x20000048   COMPRESSED   0x0000014c   Data   RW          941    .data               devinfoservice.o
    0x20000194   COMPRESSED   0x00000001   Data   RW          942    .data               devinfoservice.o
    0x20000195   COMPRESSED   0x00000001   Data   RW          943    .data               devinfoservice.o
    0x20000196   COMPRESSED   0x00000001   Data   RW          944    .data               devinfoservice.o
    0x20000197   COMPRESSED   0x00000001   Data   RW          945    .data               devinfoservice.o
    0x20000198   COMPRESSED   0x00000001   Data   RW          946    .data               devinfoservice.o
    0x20000199   COMPRESSED   0x00000001   Data   RW          947    .data               devinfoservice.o
    0x2000019a   COMPRESSED   0x00000001   Data   RW          948    .data               devinfoservice.o
    0x2000019b   COMPRESSED   0x00000001   Data   RW          949    .data               devinfoservice.o
    0x2000019c   COMPRESSED   0x0000012c   Data   RW          983    .data               gattprofile.o
    0x200002c8   COMPRESSED   0x00000001   Data   RW          984    .data               gattprofile.o
    0x200002c9   COMPRESSED   0x00000012   Data   RW          985    .data               gattprofile.o
    0x200002db   COMPRESSED   0x00000001   Data   RW          986    .data               gattprofile.o
    0x200002dc   COMPRESSED   0x00000012   Data   RW          987    .data               gattprofile.o
    0x200002ee   COMPRESSED   0x00000001   Data   RW          988    .data               gattprofile.o
    0x200002ef   COMPRESSED   0x00000012   Data   RW          989    .data               gattprofile.o
    0x20000301   COMPRESSED   0x00000001   Data   RW          990    .data               gattprofile.o
    0x20000302   COMPRESSED   0x00000012   Data   RW          991    .data               gattprofile.o
    0x20000314   COMPRESSED   0x00000001   Data   RW          992    .data               gattprofile.o
    0x20000315   COMPRESSED   0x00000012   Data   RW          993    .data               gattprofile.o
    0x20000327   COMPRESSED   0x00000001   PAD
    0x20000328   COMPRESSED   0x00000068   Data   RW         1081    .data               peripheral.o
    0x20000390   COMPRESSED   0x00000028   Data   RW         1129    .data               pt-sem-example.o
    0x200003b8   COMPRESSED   0x00000018   Data   RW         1180    .data               CH57xBLE.lib(tmos.o)
    0x200003d0   COMPRESSED   0x00000004   Data   RW         1221    .data               CH57xBLE.lib(message.o)
    0x200003d4   COMPRESSED   0x00000004   Data   RW         1245    .data               CH57xBLE.lib(tmos_hw.o)
    0x200003d8   COMPRESSED   0x00000004   Data   RW         1267    .data               CH57xBLE.lib(lle.o)
    0x200003dc   COMPRESSED   0x00000008   Data   RW         1294    .data               CH57xBLE.lib(ip.o)
    0x200003e4   COMPRESSED   0x0000002a   Data   RW         1375    .data               CH57xBLE.lib(gap.o)
    0x2000040e   COMPRESSED   0x00000002   PAD
    0x20000410   COMPRESSED   0x000000b0   Data   RW         1451    .data               CH57xBLE.lib(gapgattserver.o)
    0x200004c0   COMPRESSED   0x0000000c   Data   RW         1516    .data               CH57xBLE.lib(gatt.o)
    0x200004cc   COMPRESSED   0x00000070   Data   RW         1643    .data               CH57xBLE.lib(gattservapp.o)
    0x2000053c   COMPRESSED   0x00000008   Data   RW         1742    .data               CH57xBLE.lib(linkdb.o)
    0x20000544   COMPRESSED   0x00000050   Data   RW         1817    .data               CH57xBLE.lib(gapbondmgr.o)
    0x20000594   COMPRESSED   0x00000004   Data   RW         1870    .data               CH57xBLE.lib(peripheral.o)
    0x20000598   COMPRESSED   0x00000004   Data   RW         1887    .data               CH57xBLE.lib(broadcaster.o)
    0x2000059c   COMPRESSED   0x00000043   Data   RW         1908    .data               CH57xBLE.lib(role.o)
    0x200005df   COMPRESSED   0x00000001   PAD
    0x200005e0   COMPRESSED   0x0000000c   Data   RW         1928    .data               CH57xBLE.lib(memory.o)
    0x200005ec   COMPRESSED   0x00000004   Data   RW         1961    .data               CH57xBLE.lib(aes.o)
    0x200005f0   COMPRESSED   0x00000004   Data   RW         1975    .data               CH57xBLE.lib(bb.o)
    0x200005f4   COMPRESSED   0x00000004   Data   RW         1983    .data               CH57xBLE.lib(dma.o)
    0x200005f8   COMPRESSED   0x00000004   Data   RW         1998    .data               CH57xBLE.lib(rfend.o)
    0x200005fc   COMPRESSED   0x00000004   Data   RW         2096    .data               CH57xBLE.lib(ll_connect.o)
    0x20000600   COMPRESSED   0x00000010   Data   RW         2465    .data               CH57xBLE.lib(host_input.o)
    0x20000610   COMPRESSED   0x00000008   Data   RW         2604    .data               CH57xBLE.lib(att.o)
    0x20000618   COMPRESSED   0x00000014   Data   RW         2784    .data               CH57xBLE.lib(gap_central.o)
    0x2000062c   COMPRESSED   0x00000014   Data   RW         2823    .data               CH57xBLE.lib(gap_peripheral.o)
    0x20000640   COMPRESSED   0x00000018   Data   RW         2919    .data               CH57xBLE.lib(l2cap.o)
    0x20000658   COMPRESSED   0x00000024   Data   RW         3070    .data               CH57xBLE.lib(sm.o)
    0x2000067c   COMPRESSED   0x00000004   Data   RW         3201    .data               CH57xBLE.lib(ll.o)
    0x20000680   COMPRESSED   0x00000004   Data   RW         3797    .data               mc_p.l(stdout.o)
    0x20000684        -       0x00000180   Zero   RW          811    .bss                process.o
    0x20000804        -       0x00000010   Zero   RW          975    .bss                gattprofile.o
    0x20000814        -       0x00002000   Zero   RW         1013    .bss                peripheral_main.o
    0x20002814        -       0x00000020   Zero   RW         1128    .bss                pt-sem-example.o
    0x20002834        -       0x00000070   Zero   RW         1179    .bss                CH57xBLE.lib(tmos.o)
    0x200028a4        -       0x00000018   Zero   RW         1292    .bss                CH57xBLE.lib(ip.o)
    0x200028bc        -       0x00000054   Zero   RW         1374    .bss                CH57xBLE.lib(gap.o)
    0x20002910        -       0x00000016   Zero   RW         1449    .bss                CH57xBLE.lib(gapgattserver.o)
    0x20002926   COMPRESSED   0x00000002   PAD
    0x20002928        -       0x00000036   Zero   RW         1641    .bss                CH57xBLE.lib(gattservapp.o)
    0x2000295e   COMPRESSED   0x00000002   PAD
    0x20002960        -       0x00000030   Zero   RW         1741    .bss                CH57xBLE.lib(linkdb.o)
    0x20002990        -       0x00000020   Zero   RW         1816    .bss                CH57xBLE.lib(gapbondmgr.o)
    0x200029b0        -       0x00000020   Zero   RW         1869    .bss                CH57xBLE.lib(peripheral.o)
    0x200029d0        -       0x0000003f   Zero   RW         1907    .bss                CH57xBLE.lib(role.o)
    0x20002a0f   COMPRESSED   0x00000001   PAD
    0x20002a10        -       0x0000000c   Zero   RW         2783    .bss                CH57xBLE.lib(gap_central.o)
    0x20002a1c        -       0x0000000c   Zero   RW         2822    .bss                CH57xBLE.lib(gap_peripheral.o)
    0x20002a28        -       0x00000010   Zero   RW         2917    .bss                CH57xBLE.lib(l2cap.o)
    0x20002a38        -       0x00000030   Zero   RW         2918    .bss                CH57xBLE.lib(l2cap.o)
    0x20002a68        -       0x000000b0   Zero   RW         3199    .bss                CH57xBLE.lib(ll.o)


==============================================================================

Image component sizes


      Code (inc. data)   RO Data    RW Data    ZI Data      Debug   Object Name

       380         34          0          0          0       2798   ch57x_adc.o
      1748         62          0          0          0       7076   ch57x_clk.o
       336         22          0          0          0       1759   ch57x_gpio.o
       540         18          0          0          0       1787   ch57x_int.o
       408         12          0          0          0       1978   ch57x_pwr.o
       260         16          0          0          0       2571   ch57x_sys.o
       172          4          0          0          0       2089   ch57x_uart1.o
       384         10          0         24          0       3437   ctimer.o
       464         34        141        341          0      36428   devinfoservice.o
       460          8          0         20          0       4876   etimer.o
       608         48         20        395         16       6291   gattprofile.o
         0          0          0          0          0      87755   key.o
        26          0          0          0          0         72   led.o
       244          0          0          0          0      11275   list.o
       472        122          0          1          0       7691   mcu.o
      1260        372          0        104          0       4998   peripheral.o
        76         14          0          0       8192       1709   peripheral_main.o
       544         10          0         12        384       7267   process.o
        44          6          0          0          0        608   protothread.o
       392        100          0         40         32       2050   pt-sem-example.o
       100         16          0          4          0       1230   pt_ports.o
       116         12          0          4          0       1019   rtc.o
        28         10        144          0          0        588   startup_armcm0.o
        92          0          0          0          0       1618   timer.o

    ----------------------------------------------------------------------
      9154        930        342        952       8624     198970   Object Totals
         0          0         32          0          0          0   (incl. Generated)
         0          0          5          7          0          0   (incl. Padding)

    ----------------------------------------------------------------------

      Code (inc. data)   RO Data    RW Data    ZI Data      Debug   Library Member Name

       838         30          0          4          0        360   aes.o
       884        140          0          0          0       1940   api_c.o
       566         42         16          8          0        776   att.o
      1054         58          0          0          0       2160   att_server.o
        28         14          0          4          0         60   bb.o
        12          6          0          4          0         60   broadcaster.o
      3416        156          0          0          0       2224   ctl_input.o
       200          0          0          0          0       1260   ctl_output.o
        48         10          0          4          0         60   dma.o
      4374        288          0         42         84       3888   gap.o
      1808        108          0         20         12        868   gap_central.o
      1544        208          0         20         12        952   gap_peripheral.o
      5322        300          0         80         32       2788   gapbondmgr.o
      1254         92          8        176         22        520   gapgattserver.o
      1056         78          0         12          0       1072   gatt.o
         0          0         44          0          0          0   gatt_uuid.o
      6896        334         96        112         54       4540   gattservapp.o
      1346        106          0         16          0       1292   host_input.o
       316          6          0          0          0       1936   host_output.o
      2236        268         20          8         24        980   ip.o
      1486        124          0         24         64       1732   l2cap.o
      1378         26          0          0          0        820   l2cap_input.o
      1992         98          0          0          0       1296   l2cap_output.o
       476         36          0          0          0        724   l2cap_sdu.o
      1074        116          0          8         48       1420   linkdb.o
       508         44         23          4        176        216   ll.o
       416         14          0          0          0        156   ll_address.o
      2130        162          0          0          0        648   ll_advertise.o
      3900        206          0          4          0       2092   ll_connect.o
       520         50          0          0          0        492   ll_core.o
       190          0          0          0          0        136   ll_hop.o
        68         10          0          0          0         72   ll_initiate.o
      1456         22          0          0          0       1436   ll_pdu.o
      1266         18          0          0          0        156   ll_report.o
       730         46          0          0          0        728   ll_resolvinglist.o
        76         12          0          0          0         72   ll_scan.o
      5074        166         16          0          0        520   ll_slave.o
       212         18          0          0          0        280   ll_whitelist.o
       432         40          0          4          0        136   lle.o
       492         58          0         12          0        308   memory.o
       320         18          0          4          0        400   message.o
      1290        230          0          4         32        444   peripheral.o
      3522         30          0          4          0        360   rfend.o
       800         96          0         67         63        428   role.o
      7752        270         41         36          0       5620   sm.o
      1950        126          0         24        112       1700   tmos.o
       754        106          0          4          0        912   tmos_hw.o
       496         40          0          0          0        428   tmos_snv.o
        86          0          0          0          0          0   __dczerorl2.o
         0          0          0          0          0          0   entry.o
         0          0          0          0          0          0   entry10a.o
         0          0          0          0          0          0   entry11a.o
         4          0          0          0          0          0   entry12b.o
         8          4          0          0          0          0   entry2.o
         4          0          0          0          0          0   entry5.o
         0          0          0          0          0          0   entry7b.o
         0          0          0          0          0          0   entry8b.o
         8          4          0          0          0          0   entry9a.o
        30          0          0          0          0          0   handlers.o
        40          0          0          0          0         72   idiv.o
        36          8          0          0          0         68   init.o
       122          0          0          0          0         84   llmul.o
        32          0          0          0          0         68   llshl.o
        34          0          0          0          0         68   llushr.o
        36          0          0          0          0         60   memcpya.o
      1172         52          0          0          0        324   printf8.o
         0          0          0          4          0          0   stdout.o
        44          0          0          0          0         72   uidiv.o
        96          0          0          0          0         84   uldiv.o

    ----------------------------------------------------------------------
     75804       4494        264        716        740      52368   Library Totals
        94          0          0          3          5          0   (incl. Padding)

    ----------------------------------------------------------------------

      Code (inc. data)   RO Data    RW Data    ZI Data      Debug   Library Name

     73958       4426        264        709        735      51468   CH57xBLE.lib
      1752         68          0          4          0        900   mc_p.l

    ----------------------------------------------------------------------
     75804       4494        264        716        740      52368   Library Totals

    ----------------------------------------------------------------------

==============================================================================


      Code (inc. data)   RO Data    RW Data    ZI Data      Debug   

     84958       5424        606       1668       9364     217110   Grand Totals
     84958       5424        606        528       9364     217110   ELF Image Totals (compressed)
     84958       5424        606        528          0          0   ROM Totals

==============================================================================

    Total RO  Size (Code + RO Data)                85564 (  83.56kB)
    Total RW  Size (RW Data + ZI Data)             11032 (  10.77kB)
    Total ROM Size (Code + RO Data + RW Data)      86092 (  84.07kB)

==============================================================================

